nohup: ignoring input
2026-01-31 20:03:39,357 [INFO] --- STARTING OMEGA AUDIT ---
2026-01-31 20:03:39,357 [INFO] Scanning 8760 hours of data using 16 cores.
Scanned 0/8760 hours...Scanned 1000/8760 hours...Scanned 2000/8760 hours...Scanned 3000/8760 hours...Scanned 4000/8760 hours...Scanned 5000/8760 hours...Scanned 6000/8760 hours...Scanned 7000/8760 hours...Scanned 8000/8760 hours...
Scan Complete. Compiling Report...
2026-01-31 20:16:08,101 [INFO] ========================================
2026-01-31 20:16:08,101 [INFO]        AUDIT SUMMARY REPORT       
2026-01-31 20:16:08,102 [INFO] ========================================
2026-01-31 20:16:08,102 [INFO] Total Hours Scanned: 8760
2026-01-31 20:16:08,102 [INFO] --------------------
2026-01-31 20:16:08,102 [INFO] AWS (Heat Movie):
2026-01-31 20:16:08,102 [INFO]   OK:      8720 (99.54%)
2026-01-31 20:16:08,102 [INFO]   MISSING: 40
2026-01-31 20:16:08,102 [INFO]   CORRUPT: 0
2026-01-31 20:16:08,102 [INFO]   BAD VAR: 0
2026-01-31 20:16:08,102 [INFO] --------------------
2026-01-31 20:16:08,102 [INFO] JAXA (Haze Switch) [Daytime Only]:
2026-01-31 20:16:08,102 [INFO]   OK:      3493 (95.70%)
2026-01-31 20:16:08,102 [INFO]   MISSING: 157
2026-01-31 20:16:08,102 [INFO]   CORRUPT: 0
2026-01-31 20:16:08,102 [INFO] ========================================
2026-01-31 20:16:08,154 [INFO] Detailed report saved to: himawari_audit_report.csv
2026-01-31 20:16:08,154 [WARNING] RESULT: ISSUES FOUND. See report.
