nohup: ignoring input
2026-01-25 21:34:18,082 [INFO] ============================================================
2026-01-25 21:34:18,082 [INFO]        GPM IMERG FORENSIC AUDIT V3 (V07B ADAPTED)       
2026-01-25 21:34:18,083 [INFO] ============================================================
2026-01-25 21:34:18,306 [INFO] Inspecting sample file: 3B-HHR.MS.MRG.3IMERG.20250115-S010000-E012959.0060.V07B.HDF5
2026-01-25 21:34:18,307 [INFO]   -> MATCH: Found variable at 'Grid/precipitation'
2026-01-25 21:34:18,308 [INFO] Using Target Variable: 'Grid/precipitation'
2026-01-25 21:34:18,308 [INFO] Workers: 16
2026-01-25 21:34:18,325 [INFO] Audit Scope: 17520 slots
2026-01-25 21:34:18,325 [INFO] Starting Parallel Scan...
Progress: 0/17520 (0.0%)Progress: 1000/17520 (5.7%)Progress: 2000/17520 (11.4%)Progress: 3000/17520 (17.1%)Progress: 4000/17520 (22.8%)Progress: 5000/17520 (28.5%)Progress: 6000/17520 (34.2%)Progress: 7000/17520 (40.0%)Progress: 8000/17520 (45.7%)Progress: 9000/17520 (51.4%)Progress: 10000/17520 (57.1%)Progress: 11000/17520 (62.8%)Progress: 12000/17520 (68.5%)Progress: 13000/17520 (74.2%)Progress: 14000/17520 (79.9%)Progress: 15000/17520 (85.6%)Progress: 16000/17520 (91.3%)Progress: 17000/17520 (97.0%)Progress: 17520/17520 (100.0%)
2026-01-25 21:45:19,990 [INFO] 
============================================================
2026-01-25 21:45:19,990 [INFO]              FINAL INTEGRITY REPORT                 
2026-01-25 21:45:19,991 [INFO] ============================================================
2026-01-25 21:45:19,991 [INFO] Total Scanned:   17520
2026-01-25 21:45:19,991 [INFO] ----------------------------------------
2026-01-25 21:45:19,991 [INFO] ✅ OK:             11663
2026-01-25 21:45:19,991 [INFO] ❌ MISSING:        5857
2026-01-25 21:45:19,991 [INFO] 💀 CORRUPT:        0
2026-01-25 21:45:19,991 [INFO] ============================================================
2026-01-25 21:45:20,070 [INFO] Report saved: gpm_imerg_audit_report_v3.csv
