nohup: ignoring input
--- OMEGA DOWNLOADER (V10) ---
Tasks: 8760
Workers: 8 (Recycle every 10 tasks)
[1/8760] 2025-01-01 01:00 -> AWS: Exists | JAXA: Exists
[21/8760] 2025-01-01 05:00 -> AWS: Exists | JAXA: Exists
[41/8760] 2025-01-02 23:00 -> AWS: Exists | JAXA: N/A
[61/8760] 2025-01-03 19:00 -> AWS: Exists | JAXA: N/A
[81/8760] 2025-01-04 15:00 -> AWS: Exists | JAXA: N/A
[101/8760] 2025-01-05 11:00 -> AWS: Exists | JAXA: N/A
[121/8760] 2025-01-06 00:00 -> AWS: Exists | JAXA: Exists
[141/8760] 2025-01-06 06:00 -> AWS: Exists | JAXA: Exists
[161/8760] 2025-01-07 23:00 -> AWS: Exists | JAXA: N/A
[181/8760] 2025-01-08 19:00 -> AWS: Exists | JAXA: N/A
[201/8760] 2025-01-09 15:00 -> AWS: Exists | JAXA: N/A
[221/8760] 2025-01-10 11:00 -> AWS: Exists | JAXA: N/A
[241/8760] 2025-01-11 00:00 -> AWS: Exists | JAXA: Exists
[261/8760] 2025-01-11 06:00 -> AWS: Exists | JAXA: Exists
[281/8760] 2025-01-12 23:00 -> AWS: Exists | JAXA: N/A
[301/8760] 2025-01-13 19:00 -> AWS: Exists | JAXA: N/A
[321/8760] 2025-01-14 15:00 -> AWS: Exists | JAXA: N/A
[341/8760] 2025-01-15 11:00 -> AWS: Exists | JAXA: N/A
[361/8760] 2025-01-16 00:00 -> AWS: Exists | JAXA: Exists
[381/8760] 2025-01-16 06:00 -> AWS: Exists | JAXA: Exists
[401/8760] 2025-01-17 23:00 -> AWS: Exists | JAXA: N/A
[421/8760] 2025-01-18 19:00 -> AWS: Exists | JAXA: N/A
[441/8760] 2025-01-19 15:00 -> AWS: Exists | JAXA: N/A
[461/8760] 2025-01-20 11:00 -> AWS: Exists | JAXA: N/A
[481/8760] 2025-01-21 00:00 -> AWS: Exists | JAXA: Exists
[501/8760] 2025-01-21 08:00 -> AWS: Exists | JAXA: Success
[521/8760] 2025-01-22 23:00 -> AWS: Exists | JAXA: N/A
[541/8760] 2025-01-23 19:00 -> AWS: Exists | JAXA: N/A
[561/8760] 2025-01-24 15:00 -> AWS: Exists | JAXA: N/A
[581/8760] 2025-01-25 11:00 -> AWS: Exists | JAXA: N/A
[601/8760] 2025-01-26 01:00 -> AWS: Exists | JAXA: Busy
[621/8760] 2025-01-26 07:00 -> AWS: Exists | JAXA: Exists
[641/8760] 2025-01-27 23:00 -> AWS: Exists | JAXA: N/A
[661/8760] 2025-01-28 19:00 -> AWS: Exists | JAXA: N/A
[681/8760] 2025-01-29 15:00 -> AWS: Exists | JAXA: N/A
[701/8760] 2025-01-30 11:00 -> AWS: Exists | JAXA: N/A
[721/8760] 2025-01-31 00:00 -> AWS: Exists | JAXA: Exists
[741/8760] 2025-01-31 06:00 -> AWS: Exists | JAXA: Exists
[761/8760] 2025-02-01 23:00 -> AWS: Exists | JAXA: N/A
[781/8760] 2025-02-02 19:00 -> AWS: Exists | JAXA: N/A
[801/8760] 2025-02-03 15:00 -> AWS: Exists | JAXA: N/A
[821/8760] 2025-02-04 11:00 -> AWS: Exists | JAXA: N/A
[841/8760] 2025-02-05 00:00 -> AWS: Exists | JAXA: Exists
[861/8760] 2025-02-05 06:00 -> AWS: Exists | JAXA: Exists
[881/8760] 2025-02-06 23:00 -> AWS: Exists | JAXA: N/A
[901/8760] 2025-02-07 19:00 -> AWS: Exists | JAXA: N/A
[921/8760] 2025-02-08 15:00 -> AWS: Exists | JAXA: N/A
[941/8760] 2025-02-09 11:00 -> AWS: Exists | JAXA: N/A
[961/8760] 2025-02-10 00:00 -> AWS: Exists | JAXA: Exists
[981/8760] 2025-02-10 07:00 -> AWS: Exists | JAXA: Busy
[1001/8760] 2025-02-11 23:00 -> AWS: Exists | JAXA: N/A
[1021/8760] 2025-02-12 19:00 -> AWS: Exists | JAXA: N/A
[1041/8760] 2025-02-13 15:00 -> AWS: Exists | JAXA: N/A
[1061/8760] 2025-02-14 11:00 -> AWS: Exists | JAXA: N/A
[1081/8760] 2025-02-14 07:00 -> AWS: Missing | JAXA: Busy
[1101/8760] 2025-02-15 06:00 -> AWS: Exists | JAXA: Exists
[1121/8760] 2025-02-16 23:00 -> AWS: Exists | JAXA: N/A
[1141/8760] 2025-02-17 19:00 -> AWS: Exists | JAXA: N/A
[1161/8760] 2025-02-18 15:00 -> AWS: Exists | JAXA: N/A
[1181/8760] 2025-02-19 11:00 -> AWS: Exists | JAXA: N/A
[1201/8760] 2025-02-20 00:00 -> AWS: Exists | JAXA: Busy
[1221/8760] 2025-02-20 07:00 -> AWS: Exists | JAXA: Busy
[1241/8760] 2025-02-21 23:00 -> AWS: Exists | JAXA: N/A
[1261/8760] 2025-02-22 19:00 -> AWS: Exists | JAXA: N/A
[1281/8760] 2025-02-23 15:00 -> AWS: Exists | JAXA: N/A
[1301/8760] 2025-02-24 11:00 -> AWS: Exists | JAXA: N/A
[1321/8760] 2025-02-25 00:00 -> AWS: Exists | JAXA: Exists
[1341/8760] 2025-02-25 06:00 -> AWS: Exists | JAXA: Exists
[1361/8760] 2025-02-26 23:00 -> AWS: Exists | JAXA: N/A
[1381/8760] 2025-02-27 19:00 -> AWS: Exists | JAXA: N/A
[1401/8760] 2025-02-28 15:00 -> AWS: Exists | JAXA: N/A
[1421/8760] 2025-03-01 11:00 -> AWS: Exists | JAXA: N/A
[1441/8760] 2025-03-02 00:00 -> AWS: Exists | JAXA: Exists
[1461/8760] 2025-03-02 06:00 -> AWS: Exists | JAXA: Exists
[1481/8760] 2025-03-03 23:00 -> AWS: Exists | JAXA: N/A
[1501/8760] 2025-03-04 19:00 -> AWS: Exists | JAXA: N/A
[1521/8760] 2025-03-05 15:00 -> AWS: Exists | JAXA: N/A
[1541/8760] 2025-03-06 11:00 -> AWS: Exists | JAXA: N/A
[1561/8760] 2025-03-07 00:00 -> AWS: Exists | JAXA: Exists
[1581/8760] 2025-03-07 07:00 -> AWS: Exists | JAXA: Exists
[1601/8760] 2025-03-08 23:00 -> AWS: Exists | JAXA: N/A
[1621/8760] 2025-03-09 19:00 -> AWS: Exists | JAXA: N/A
[1641/8760] 2025-03-10 03:00 -> AWS: Exists | JAXA: Exists
[1661/8760] 2025-03-11 11:00 -> AWS: Exists | JAXA: N/A
[1681/8760] 2025-03-12 00:00 -> AWS: Exists | JAXA: Exists
[1701/8760] 2025-03-12 06:00 -> AWS: Exists | JAXA: Exists
[1721/8760] 2025-03-13 23:00 -> AWS: Exists | JAXA: N/A
[1741/8760] 2025-03-14 19:00 -> AWS: Exists | JAXA: N/A
[1761/8760] 2025-03-15 15:00 -> AWS: Exists | JAXA: N/A
[1781/8760] 2025-03-16 11:00 -> AWS: Exists | JAXA: N/A
[1801/8760] 2025-03-17 00:00 -> AWS: Exists | JAXA: Exists
[1821/8760] 2025-03-17 06:00 -> AWS: Exists | JAXA: Exists
[1841/8760] 2025-03-18 23:00 -> AWS: Exists | JAXA: N/A
[1861/8760] 2025-03-19 19:00 -> AWS: Exists | JAXA: N/A
[1881/8760] 2025-03-20 15:00 -> AWS: Exists | JAXA: N/A
[1901/8760] 2025-03-21 11:00 -> AWS: Exists | JAXA: N/A
[1921/8760] 2025-03-22 00:00 -> AWS: Exists | JAXA: Exists
[1941/8760] 2025-03-22 06:00 -> AWS: Exists | JAXA: Exists
[1961/8760] 2025-03-23 23:00 -> AWS: Exists | JAXA: N/A
[1981/8760] 2025-03-24 19:00 -> AWS: Exists | JAXA: N/A
[2001/8760] 2025-03-25 15:00 -> AWS: Exists | JAXA: N/A
[2021/8760] 2025-03-26 11:00 -> AWS: Exists | JAXA: N/A
[2041/8760] 2025-03-27 00:00 -> AWS: Exists | JAXA: Exists
[2061/8760] 2025-03-27 06:00 -> AWS: Exists | JAXA: Exists
[2081/8760] 2025-03-28 23:00 -> AWS: Exists | JAXA: N/A
[2101/8760] 2025-03-29 19:00 -> AWS: Exists | JAXA: N/A
[2121/8760] 2025-03-30 15:00 -> AWS: Exists | JAXA: N/A
[2141/8760] 2025-03-31 11:00 -> AWS: Exists | JAXA: N/A
[2161/8760] 2025-04-01 00:00 -> AWS: Exists | JAXA: Exists
[2181/8760] 2025-04-01 06:00 -> AWS: Exists | JAXA: Exists
[2201/8760] 2025-04-02 23:00 -> AWS: Exists | JAXA: N/A
[2221/8760] 2025-04-03 19:00 -> AWS: Exists | JAXA: N/A
[2241/8760] 2025-04-04 15:00 -> AWS: Exists | JAXA: N/A
[2261/8760] 2025-04-05 11:00 -> AWS: Exists | JAXA: N/A
[2281/8760] 2025-04-06 01:00 -> AWS: Exists | JAXA: Exists
[2301/8760] 2025-04-06 06:00 -> AWS: Exists | JAXA: Exists
[2321/8760] 2025-04-07 23:00 -> AWS: Exists | JAXA: N/A
[2341/8760] 2025-04-08 19:00 -> AWS: Exists | JAXA: N/A
[2361/8760] 2025-04-09 15:00 -> AWS: Exists | JAXA: N/A
[2381/8760] 2025-04-10 11:00 -> AWS: Exists | JAXA: N/A
[2401/8760] 2025-04-11 00:00 -> AWS: Exists | JAXA: Exists
[2421/8760] 2025-04-11 06:00 -> AWS: Exists | JAXA: Exists
[2441/8760] 2025-04-12 23:00 -> AWS: Exists | JAXA: N/A
[2461/8760] 2025-04-13 19:00 -> AWS: Exists | JAXA: N/A
[2481/8760] 2025-04-14 15:00 -> AWS: Exists | JAXA: N/A
[2501/8760] 2025-04-15 11:00 -> AWS: Exists | JAXA: N/A
[2521/8760] 2025-04-16 00:00 -> AWS: Exists | JAXA: Exists
[2541/8760] 2025-04-16 06:00 -> AWS: Exists | JAXA: Exists
[2561/8760] 2025-04-17 23:00 -> AWS: Exists | JAXA: N/A
[2581/8760] 2025-04-18 19:00 -> AWS: Exists | JAXA: N/A
[2601/8760] 2025-04-19 15:00 -> AWS: Exists | JAXA: N/A
[2621/8760] 2025-04-20 11:00 -> AWS: Exists | JAXA: N/A
[2641/8760] 2025-04-21 00:00 -> AWS: Exists | JAXA: Exists
[2661/8760] 2025-04-21 07:00 -> AWS: Exists | JAXA: Exists
[2681/8760] 2025-04-22 23:00 -> AWS: Exists | JAXA: N/A
[2701/8760] 2025-04-23 19:00 -> AWS: Exists | JAXA: N/A
[2721/8760] 2025-04-24 15:00 -> AWS: Exists | JAXA: N/A
[2741/8760] 2025-04-25 11:00 -> AWS: Exists | JAXA: N/A
[2761/8760] 2025-04-26 00:00 -> AWS: Exists | JAXA: Exists
[2781/8760] 2025-04-26 06:00 -> AWS: Exists | JAXA: Exists
[2801/8760] 2025-04-27 23:00 -> AWS: Exists | JAXA: N/A
[2821/8760] 2025-04-28 19:00 -> AWS: Exists | JAXA: N/A
[2841/8760] 2025-04-29 15:00 -> AWS: Exists | JAXA: N/A
[2861/8760] 2025-04-30 11:00 -> AWS: Exists | JAXA: N/A
[2881/8760] 2025-05-01 00:00 -> AWS: Exists | JAXA: Exists
[2901/8760] 2025-05-01 07:00 -> AWS: Exists | JAXA: Exists
[2921/8760] 2025-05-02 23:00 -> AWS: Exists | JAXA: N/A
[2941/8760] 2025-05-03 19:00 -> AWS: Exists | JAXA: N/A
[2961/8760] 2025-05-04 15:00 -> AWS: Exists | JAXA: N/A
[2981/8760] 2025-05-05 11:00 -> AWS: Exists | JAXA: N/A
[3001/8760] 2025-05-06 00:00 -> AWS: Exists | JAXA: Exists
[3021/8760] 2025-05-06 06:00 -> AWS: Exists | JAXA: Exists
[3041/8760] 2025-05-07 23:00 -> AWS: Exists | JAXA: N/A
[3061/8760] 2025-05-08 19:00 -> AWS: Exists | JAXA: N/A
[3081/8760] 2025-05-09 15:00 -> AWS: Exists | JAXA: N/A
[3101/8760] 2025-05-10 11:00 -> AWS: Exists | JAXA: N/A
[3121/8760] 2025-05-11 00:00 -> AWS: Exists | JAXA: Exists
[3141/8760] 2025-05-11 06:00 -> AWS: Exists | JAXA: Exists
[3161/8760] 2025-05-12 23:00 -> AWS: Exists | JAXA: N/A
[3181/8760] 2025-05-13 19:00 -> AWS: Exists | JAXA: N/A
[3201/8760] 2025-05-14 15:00 -> AWS: Exists | JAXA: N/A
[3221/8760] 2025-05-15 11:00 -> AWS: Exists | JAXA: N/A
[3241/8760] 2025-05-16 00:00 -> AWS: Exists | JAXA: Exists
[3261/8760] 2025-05-16 05:00 -> AWS: Exists | JAXA: Success
[3281/8760] 2025-05-17 23:00 -> AWS: Exists | JAXA: N/A
[3301/8760] 2025-05-18 19:00 -> AWS: Exists | JAXA: N/A
[3321/8760] 2025-05-19 15:00 -> AWS: Exists | JAXA: N/A
[3341/8760] 2025-05-20 11:00 -> AWS: Exists | JAXA: N/A
[3361/8760] 2025-05-21 00:00 -> AWS: Exists | JAXA: Exists
[3381/8760] 2025-05-21 06:00 -> AWS: Exists | JAXA: Exists
[3401/8760] 2025-05-22 23:00 -> AWS: Exists | JAXA: N/A
[3421/8760] 2025-05-23 19:00 -> AWS: Exists | JAXA: N/A
[3441/8760] 2025-05-24 15:00 -> AWS: Exists | JAXA: N/A
[3461/8760] 2025-05-25 11:00 -> AWS: Exists | JAXA: N/A
[3481/8760] 2025-05-26 00:00 -> AWS: Exists | JAXA: Exists
[3501/8760] 2025-05-26 06:00 -> AWS: Exists | JAXA: Exists
[3521/8760] 2025-05-27 23:00 -> AWS: Exists | JAXA: N/A
[3541/8760] 2025-05-28 19:00 -> AWS: Exists | JAXA: N/A
[3561/8760] 2025-05-29 15:00 -> AWS: Exists | JAXA: N/A
[3581/8760] 2025-05-30 11:00 -> AWS: Exists | JAXA: N/A
[3601/8760] 2025-05-31 00:00 -> AWS: Exists | JAXA: Exists
[3621/8760] 2025-05-31 06:00 -> AWS: Exists | JAXA: Exists
[3641/8760] 2025-06-01 23:00 -> AWS: Exists | JAXA: N/A
[3661/8760] 2025-06-02 19:00 -> AWS: Exists | JAXA: N/A
[3681/8760] 2025-06-03 15:00 -> AWS: Exists | JAXA: N/A
[3701/8760] 2025-06-04 11:00 -> AWS: Exists | JAXA: N/A
[3721/8760] 2025-06-05 00:00 -> AWS: Exists | JAXA: Exists
[3741/8760] 2025-06-05 06:00 -> AWS: Exists | JAXA: Exists
[3761/8760] 2025-06-06 23:00 -> AWS: Exists | JAXA: N/A
[3781/8760] 2025-06-07 19:00 -> AWS: Exists | JAXA: N/A
[3801/8760] 2025-06-08 15:00 -> AWS: Exists | JAXA: N/A
[3821/8760] 2025-06-09 11:00 -> AWS: Exists | JAXA: N/A
[3841/8760] 2025-06-10 00:00 -> AWS: Exists | JAXA: Exists
[3861/8760] 2025-06-10 06:00 -> AWS: Exists | JAXA: Exists
[3881/8760] 2025-06-11 23:00 -> AWS: Exists | JAXA: N/A
[3901/8760] 2025-06-12 19:00 -> AWS: Exists | JAXA: N/A
[3921/8760] 2025-06-13 15:00 -> AWS: Exists | JAXA: N/A
[3941/8760] 2025-06-14 11:00 -> AWS: Exists | JAXA: N/A
[3961/8760] 2025-06-15 00:00 -> AWS: Exists | JAXA: Exists
[3981/8760] 2025-06-15 06:00 -> AWS: Exists | JAXA: Exists
[4001/8760] 2025-06-16 23:00 -> AWS: Exists | JAXA: N/A
[4021/8760] 2025-06-17 19:00 -> AWS: Exists | JAXA: N/A
[4041/8760] 2025-06-18 15:00 -> AWS: Exists | JAXA: N/A
[4061/8760] 2025-06-19 11:00 -> AWS: Exists | JAXA: N/A
[4081/8760] 2025-06-20 00:00 -> AWS: Exists | JAXA: Exists
[4101/8760] 2025-06-20 06:00 -> AWS: Exists | JAXA: Exists
[4121/8760] 2025-06-21 23:00 -> AWS: Exists | JAXA: N/A
[4141/8760] 2025-06-22 19:00 -> AWS: Exists | JAXA: N/A
[4161/8760] 2025-06-23 15:00 -> AWS: Exists | JAXA: N/A
[4181/8760] 2025-06-24 11:00 -> AWS: Exists | JAXA: N/A
[4201/8760] 2025-06-25 00:00 -> AWS: Exists | JAXA: Exists
[4221/8760] 2025-06-25 06:00 -> AWS: Exists | JAXA: Exists
[4241/8760] 2025-06-26 23:00 -> AWS: Exists | JAXA: N/A
[4261/8760] 2025-06-27 19:00 -> AWS: Exists | JAXA: N/A
[4281/8760] 2025-06-28 15:00 -> AWS: Exists | JAXA: N/A
[4301/8760] 2025-06-29 11:00 -> AWS: Exists | JAXA: N/A
[4321/8760] 2025-06-30 00:00 -> AWS: Exists | JAXA: Exists
[4341/8760] 2025-06-30 06:00 -> AWS: Exists | JAXA: Exists
[4361/8760] 2025-07-01 23:00 -> AWS: Exists | JAXA: N/A
[4381/8760] 2025-07-02 19:00 -> AWS: Exists | JAXA: N/A
[4401/8760] 2025-07-03 15:00 -> AWS: Exists | JAXA: N/A
[4421/8760] 2025-07-04 11:00 -> AWS: Exists | JAXA: N/A
[4441/8760] 2025-07-05 00:00 -> AWS: Exists | JAXA: Exists
[4461/8760] 2025-07-05 06:00 -> AWS: Exists | JAXA: Exists
[4481/8760] 2025-07-06 23:00 -> AWS: Exists | JAXA: N/A
[4501/8760] 2025-07-07 19:00 -> AWS: Exists | JAXA: N/A
[4521/8760] 2025-07-08 15:00 -> AWS: Exists | JAXA: N/A
[4541/8760] 2025-07-09 11:00 -> AWS: Exists | JAXA: N/A
[4561/8760] 2025-07-10 00:00 -> AWS: Exists | JAXA: Exists
[4581/8760] 2025-07-10 06:00 -> AWS: Exists | JAXA: Exists
[4601/8760] 2025-07-11 23:00 -> AWS: Exists | JAXA: N/A
[4621/8760] 2025-07-12 19:00 -> AWS: Exists | JAXA: N/A
[4641/8760] 2025-07-13 15:00 -> AWS: Exists | JAXA: N/A
[4661/8760] 2025-07-14 11:00 -> AWS: Exists | JAXA: N/A
[4681/8760] 2025-07-15 00:00 -> AWS: Exists | JAXA: Exists
[4701/8760] 2025-07-15 06:00 -> AWS: Exists | JAXA: Exists
[4721/8760] 2025-07-16 23:00 -> AWS: Exists | JAXA: N/A
[4741/8760] 2025-07-17 19:00 -> AWS: Exists | JAXA: N/A
[4761/8760] 2025-07-18 15:00 -> AWS: Exists | JAXA: N/A
[4781/8760] 2025-07-19 11:00 -> AWS: Exists | JAXA: N/A
[4801/8760] 2025-07-20 00:00 -> AWS: Exists | JAXA: Exists
[4821/8760] 2025-07-20 06:00 -> AWS: Exists | JAXA: Success
[4841/8760] 2025-07-21 23:00 -> AWS: Exists | JAXA: N/A
[4861/8760] 2025-07-22 19:00 -> AWS: Exists | JAXA: N/A
[4881/8760] 2025-07-23 15:00 -> AWS: Exists | JAXA: N/A
[4901/8760] 2025-07-24 11:00 -> AWS: Exists | JAXA: N/A
[4921/8760] 2025-07-25 00:00 -> AWS: Exists | JAXA: Exists
[4941/8760] 2025-07-25 06:00 -> AWS: Exists | JAXA: Exists
[4961/8760] 2025-07-26 23:00 -> AWS: Exists | JAXA: N/A
[4981/8760] 2025-07-27 19:00 -> AWS: Exists | JAXA: N/A
[5001/8760] 2025-07-28 15:00 -> AWS: Exists | JAXA: N/A
[5021/8760] 2025-07-29 11:00 -> AWS: Exists | JAXA: N/A
[5041/8760] 2025-07-30 00:00 -> AWS: Exists | JAXA: Exists
[5061/8760] 2025-07-30 06:00 -> AWS: Exists | JAXA: Exists
[5081/8760] 2025-07-31 23:00 -> AWS: Exists | JAXA: N/A
[5101/8760] 2025-08-01 19:00 -> AWS: Exists | JAXA: N/A
[5121/8760] 2025-08-02 15:00 -> AWS: Exists | JAXA: N/A
[5141/8760] 2025-08-03 11:00 -> AWS: Exists | JAXA: N/A
[5161/8760] 2025-08-04 01:00 -> AWS: Exists | JAXA: Exists
[5181/8760] 2025-08-04 07:00 -> AWS: Exists | JAXA: Exists
[5201/8760] 2025-08-05 23:00 -> AWS: Exists | JAXA: N/A
[5221/8760] 2025-08-06 19:00 -> AWS: Exists | JAXA: N/A
[5241/8760] 2025-08-07 15:00 -> AWS: Exists | JAXA: N/A
[5261/8760] 2025-08-08 11:00 -> AWS: Exists | JAXA: N/A
[5281/8760] 2025-08-09 00:00 -> AWS: Exists | JAXA: Exists
[5301/8760] 2025-08-09 06:00 -> AWS: Exists | JAXA: Exists
[5321/8760] 2025-08-10 23:00 -> AWS: Exists | JAXA: N/A
[5341/8760] 2025-08-11 19:00 -> AWS: Exists | JAXA: N/A
[5361/8760] 2025-08-12 15:00 -> AWS: Exists | JAXA: N/A
[5381/8760] 2025-08-13 11:00 -> AWS: Exists | JAXA: N/A
[5401/8760] 2025-08-14 00:00 -> AWS: Exists | JAXA: Exists
[5421/8760] 2025-08-14 06:00 -> AWS: Exists | JAXA: Exists
[5441/8760] 2025-08-15 23:00 -> AWS: Exists | JAXA: N/A
[5461/8760] 2025-08-16 19:00 -> AWS: Exists | JAXA: N/A
[5481/8760] 2025-08-17 15:00 -> AWS: Exists | JAXA: N/A
[5501/8760] 2025-08-18 11:00 -> AWS: Exists | JAXA: N/A
[5521/8760] 2025-08-19 00:00 -> AWS: Exists | JAXA: Exists
[5541/8760] 2025-08-19 06:00 -> AWS: Exists | JAXA: Exists
[5561/8760] 2025-08-20 23:00 -> AWS: Exists | JAXA: N/A
[5581/8760] 2025-08-21 19:00 -> AWS: Exists | JAXA: N/A
[5601/8760] 2025-08-22 15:00 -> AWS: Exists | JAXA: N/A
[5621/8760] 2025-08-23 11:00 -> AWS: Exists | JAXA: N/A
[5641/8760] 2025-08-24 00:00 -> AWS: Exists | JAXA: Exists
[5661/8760] 2025-08-24 06:00 -> AWS: Exists | JAXA: Exists
[5681/8760] 2025-08-25 23:00 -> AWS: Exists | JAXA: N/A
[5701/8760] 2025-08-26 19:00 -> AWS: Exists | JAXA: N/A
[5721/8760] 2025-08-27 15:00 -> AWS: Exists | JAXA: N/A
[5741/8760] 2025-08-28 11:00 -> AWS: Exists | JAXA: N/A
[5761/8760] 2025-08-29 02:00 -> AWS: Exists | JAXA: Exists
[5781/8760] 2025-08-29 08:00 -> AWS: Exists | JAXA: Exists
[5801/8760] 2025-08-30 23:00 -> AWS: Exists | JAXA: N/A
[5821/8760] 2025-08-31 19:00 -> AWS: Exists | JAXA: N/A
[5841/8760] 2025-09-01 15:00 -> AWS: Exists | JAXA: N/A
[5861/8760] 2025-09-02 11:00 -> AWS: Exists | JAXA: N/A
[5881/8760] 2025-09-03 00:00 -> AWS: Exists | JAXA: Exists
[5901/8760] 2025-09-03 06:00 -> AWS: Exists | JAXA: Exists
[5921/8760] 2025-09-04 23:00 -> AWS: Exists | JAXA: N/A
[5941/8760] 2025-09-05 19:00 -> AWS: Exists | JAXA: N/A
[5961/8760] 2025-09-06 15:00 -> AWS: Exists | JAXA: N/A
[5981/8760] 2025-09-07 11:00 -> AWS: Exists | JAXA: N/A
[6001/8760] 2025-09-08 00:00 -> AWS: Exists | JAXA: Exists
[6021/8760] 2025-09-08 06:00 -> AWS: Exists | JAXA: Exists
[6041/8760] 2025-09-09 23:00 -> AWS: Exists | JAXA: N/A
[6061/8760] 2025-09-10 19:00 -> AWS: Exists | JAXA: N/A
[6081/8760] 2025-09-11 15:00 -> AWS: Exists | JAXA: N/A
[6101/8760] 2025-09-12 11:00 -> AWS: Exists | JAXA: N/A
[6121/8760] 2025-09-13 01:00 -> AWS: Exists | JAXA: Exists
[6141/8760] 2025-09-13 07:00 -> AWS: Exists | JAXA: Exists
[6161/8760] 2025-09-14 23:00 -> AWS: Exists | JAXA: N/A
[6181/8760] 2025-09-15 19:00 -> AWS: Exists | JAXA: N/A
[6201/8760] 2025-09-16 15:00 -> AWS: Exists | JAXA: N/A
[6221/8760] 2025-09-17 11:00 -> AWS: Exists | JAXA: N/A
[6241/8760] 2025-09-18 00:00 -> AWS: Exists | JAXA: Exists
[6261/8760] 2025-09-18 06:00 -> AWS: Exists | JAXA: Exists
[6281/8760] 2025-09-19 23:00 -> AWS: Exists | JAXA: N/A
[6301/8760] 2025-09-20 19:00 -> AWS: Exists | JAXA: N/A
[6321/8760] 2025-09-21 15:00 -> AWS: Exists | JAXA: N/A
[6341/8760] 2025-09-22 11:00 -> AWS: Exists | JAXA: N/A
[6361/8760] 2025-09-23 00:00 -> AWS: Exists | JAXA: Exists
[6381/8760] 2025-09-23 06:00 -> AWS: Exists | JAXA: Exists
[6401/8760] 2025-09-24 23:00 -> AWS: Exists | JAXA: N/A
[6421/8760] 2025-09-25 19:00 -> AWS: Exists | JAXA: N/A
[6441/8760] 2025-09-26 15:00 -> AWS: Exists | JAXA: N/A
[6461/8760] 2025-09-27 11:00 -> AWS: Exists | JAXA: N/A
[6481/8760] 2025-09-28 00:00 -> AWS: Exists | JAXA: Exists
[6501/8760] 2025-09-28 06:00 -> AWS: Exists | JAXA: Exists
[6521/8760] 2025-09-29 23:00 -> AWS: Exists | JAXA: N/A
[6541/8760] 2025-09-30 19:00 -> AWS: Exists | JAXA: N/A
[6561/8760] 2025-10-01 15:00 -> AWS: Exists | JAXA: N/A
[6581/8760] 2025-10-02 11:00 -> AWS: Exists | JAXA: N/A
[6601/8760] 2025-10-03 00:00 -> AWS: Exists | JAXA: Exists
[6621/8760] 2025-10-03 06:00 -> AWS: Exists | JAXA: Exists
[6641/8760] 2025-10-04 23:00 -> AWS: Exists | JAXA: N/A
[6661/8760] 2025-10-05 19:00 -> AWS: Exists | JAXA: N/A
[6681/8760] 2025-10-06 15:00 -> AWS: Exists | JAXA: N/A
[6701/8760] 2025-10-07 11:00 -> AWS: Exists | JAXA: N/A
[6721/8760] 2025-10-08 00:00 -> AWS: Exists | JAXA: Exists
[6741/8760] 2025-10-08 06:00 -> AWS: Exists | JAXA: Exists
[6761/8760] 2025-10-09 23:00 -> AWS: Exists | JAXA: N/A
[6781/8760] 2025-10-10 19:00 -> AWS: Exists | JAXA: N/A
[6801/8760] 2025-10-11 15:00 -> AWS: Exists | JAXA: N/A
[6821/8760] 2025-10-12 11:00 -> AWS: Exists | JAXA: N/A
[6841/8760] 2025-10-13 00:00 -> AWS: Exists | JAXA: Exists
[6861/8760] 2025-10-13 06:00 -> AWS: Exists | JAXA: Exists
[6881/8760] 2025-10-14 23:00 -> AWS: Exists | JAXA: N/A
[6901/8760] 2025-10-15 19:00 -> AWS: Exists | JAXA: N/A
[6921/8760] 2025-10-16 15:00 -> AWS: Exists | JAXA: N/A
[6941/8760] 2025-10-17 11:00 -> AWS: Exists | JAXA: N/A
[6961/8760] 2025-10-18 00:00 -> AWS: Exists | JAXA: Exists
[6981/8760] 2025-10-18 06:00 -> AWS: Exists | JAXA: Exists
[7001/8760] 2025-10-19 23:00 -> AWS: Exists | JAXA: N/A
[7021/8760] 2025-10-20 19:00 -> AWS: Exists | JAXA: N/A
[7041/8760] 2025-10-21 15:00 -> AWS: Exists | JAXA: N/A
[7061/8760] 2025-10-22 11:00 -> AWS: Exists | JAXA: N/A
[7081/8760] 2025-10-23 00:00 -> AWS: Exists | JAXA: Exists
[7101/8760] 2025-10-23 06:00 -> AWS: Exists | JAXA: Exists
[7121/8760] 2025-10-24 23:00 -> AWS: Exists | JAXA: N/A
[7141/8760] 2025-10-25 19:00 -> AWS: Exists | JAXA: N/A
[7161/8760] 2025-10-26 15:00 -> AWS: Exists | JAXA: N/A
[7181/8760] 2025-10-27 11:00 -> AWS: Exists | JAXA: N/A
[7201/8760] 2025-10-28 01:00 -> AWS: Exists | JAXA: Exists
[7221/8760] 2025-10-28 07:00 -> AWS: Exists | JAXA: Exists
[7241/8760] 2025-10-29 23:00 -> AWS: Exists | JAXA: N/A
[7261/8760] 2025-10-30 19:00 -> AWS: Exists | JAXA: N/A
[7281/8760] 2025-10-31 15:00 -> AWS: Exists | JAXA: N/A
[7301/8760] 2025-11-01 11:00 -> AWS: Exists | JAXA: N/A
[7321/8760] 2025-11-02 00:00 -> AWS: Exists | JAXA: Exists
[7341/8760] 2025-11-02 06:00 -> AWS: Exists | JAXA: Exists
[7361/8760] 2025-11-03 23:00 -> AWS: Exists | JAXA: N/A
[7381/8760] 2025-11-04 19:00 -> AWS: Exists | JAXA: N/A
[7401/8760] 2025-11-05 15:00 -> AWS: Exists | JAXA: N/A
[7421/8760] 2025-11-06 11:00 -> AWS: Exists | JAXA: N/A
[7441/8760] 2025-11-07 00:00 -> AWS: Exists | JAXA: Exists
[7461/8760] 2025-11-07 06:00 -> AWS: Exists | JAXA: Exists
[7481/8760] 2025-11-08 23:00 -> AWS: Exists | JAXA: N/A
[7501/8760] 2025-11-09 19:00 -> AWS: Exists | JAXA: N/A
[7521/8760] 2025-11-10 15:00 -> AWS: Exists | JAXA: N/A
[7541/8760] 2025-11-11 11:00 -> AWS: Exists | JAXA: N/A
[7561/8760] 2025-11-12 00:00 -> AWS: Exists | JAXA: Exists
[7581/8760] 2025-11-12 06:00 -> AWS: Exists | JAXA: Exists
[7601/8760] 2025-11-13 23:00 -> AWS: Exists | JAXA: N/A
[7621/8760] 2025-11-14 19:00 -> AWS: Exists | JAXA: N/A
[7641/8760] 2025-11-15 15:00 -> AWS: Exists | JAXA: N/A
[7661/8760] 2025-11-16 11:00 -> AWS: Exists | JAXA: N/A
[7681/8760] 2025-11-17 00:00 -> AWS: Exists | JAXA: Exists
[7701/8760] 2025-11-17 06:00 -> AWS: Exists | JAXA: Exists
[7721/8760] 2025-11-18 23:00 -> AWS: Exists | JAXA: N/A
[7741/8760] 2025-11-19 19:00 -> AWS: Exists | JAXA: N/A
[7761/8760] 2025-11-20 15:00 -> AWS: Exists | JAXA: N/A
[7781/8760] 2025-11-21 11:00 -> AWS: Exists | JAXA: N/A
[7801/8760] 2025-11-22 00:00 -> AWS: Exists | JAXA: Exists
[7821/8760] 2025-11-22 06:00 -> AWS: Exists | JAXA: Exists
[7841/8760] 2025-11-23 23:00 -> AWS: Exists | JAXA: N/A
[7861/8760] 2025-11-24 19:00 -> AWS: Exists | JAXA: N/A
[7881/8760] 2025-11-25 15:00 -> AWS: Exists | JAXA: N/A
[7901/8760] 2025-11-26 11:00 -> AWS: Exists | JAXA: N/A
[7921/8760] 2025-11-27 00:00 -> AWS: Exists | JAXA: Exists
[7941/8760] 2025-11-27 06:00 -> AWS: Exists | JAXA: Exists
[7961/8760] 2025-11-28 23:00 -> AWS: Exists | JAXA: N/A
[7981/8760] 2025-11-29 19:00 -> AWS: Exists | JAXA: N/A
[8001/8760] 2025-11-30 15:00 -> AWS: Exists | JAXA: N/A
[8021/8760] 2025-12-01 11:00 -> AWS: Exists | JAXA: N/A
[8041/8760] 2025-12-02 00:00 -> AWS: Exists | JAXA: Exists
[8061/8760] 2025-12-02 06:00 -> AWS: Exists | JAXA: Exists
[8081/8760] 2025-12-03 23:00 -> AWS: Exists | JAXA: N/A
[8101/8760] 2025-12-04 19:00 -> AWS: Exists | JAXA: N/A
[8121/8760] 2025-12-05 15:00 -> AWS: Exists | JAXA: N/A
[8141/8760] 2025-12-06 11:00 -> AWS: Exists | JAXA: N/A
[8161/8760] 2025-12-07 00:00 -> AWS: Exists | JAXA: Exists
[8181/8760] 2025-12-07 06:00 -> AWS: Exists | JAXA: Exists
[8201/8760] 2025-12-08 23:00 -> AWS: Exists | JAXA: N/A
[8221/8760] 2025-12-09 19:00 -> AWS: Exists | JAXA: N/A
[8241/8760] 2025-12-10 15:00 -> AWS: Exists | JAXA: N/A
[8261/8760] 2025-12-11 11:00 -> AWS: Exists | JAXA: N/A
[8281/8760] 2025-12-12 00:00 -> AWS: Exists | JAXA: Exists
[8301/8760] 2025-12-12 06:00 -> AWS: Exists | JAXA: Exists
[8321/8760] 2025-12-13 23:00 -> AWS: Exists | JAXA: N/A
[8341/8760] 2025-12-14 19:00 -> AWS: Exists | JAXA: N/A
[8361/8760] 2025-12-15 15:00 -> AWS: Exists | JAXA: N/A
[8381/8760] 2025-12-16 11:00 -> AWS: Exists | JAXA: N/A
[8401/8760] 2025-12-17 00:00 -> AWS: Exists | JAXA: Exists
[8421/8760] 2025-12-17 06:00 -> AWS: Exists | JAXA: Exists
[8441/8760] 2025-12-18 23:00 -> AWS: Exists | JAXA: N/A
[8461/8760] 2025-12-19 19:00 -> AWS: Exists | JAXA: N/A
[8481/8760] 2025-12-20 15:00 -> AWS: Exists | JAXA: N/A
[8501/8760] 2025-12-21 11:00 -> AWS: Exists | JAXA: N/A
[8521/8760] 2025-12-22 00:00 -> AWS: Exists | JAXA: Exists
[8541/8760] 2025-12-22 06:00 -> AWS: Exists | JAXA: Exists
[8561/8760] 2025-12-23 23:00 -> AWS: Exists | JAXA: N/A
[8581/8760] 2025-12-24 19:00 -> AWS: Exists | JAXA: N/A
[8601/8760] 2025-12-25 15:00 -> AWS: Exists | JAXA: N/A
[8621/8760] 2025-12-26 11:00 -> AWS: Exists | JAXA: N/A
[8641/8760] 2025-12-27 00:00 -> AWS: Exists | JAXA: Exists
[8661/8760] 2025-12-27 06:00 -> AWS: Exists | JAXA: Exists
[8681/8760] 2025-12-28 23:00 -> AWS: Exists | JAXA: N/A
[8701/8760] 2025-12-29 19:00 -> AWS: Exists | JAXA: N/A
[8721/8760] 2025-12-30 15:00 -> AWS: Exists | JAXA: N/A
[8741/8760] 2025-12-31 11:00 -> AWS: Exists | JAXA: N/A
