nohup: ignoring input
2025-12-25 22:37:41,199 - INFO - Authenticating with Earthdata...
2025-12-25 22:37:42,413 - INFO - You're now authenticated with NASA Earthdata Login
2025-12-25 22:37:46,983 - INFO - Authentication successful.
2025-12-25 22:37:46,983 - INFO - Searching for MYD11A1 (Aqua Daily LST) from 2020-01-01 to 2024-12-31...
2025-12-25 22:37:47,914 - INFO - Granules found: 5679
2025-12-25 22:38:03,830 - INFO - Found 5679 granules for MYD11A1.
2025-12-25 22:38:03,830 - INFO - Downloading MYD11A1 to /mnt/AizatDrive/MYD11A1...
2025-12-25 22:38:03,857 - INFO -  Getting 5679 granules, approx download size: 3.04 GB
2025-12-25 22:38:03,863 - INFO - File MYD11A1.A2020001.h28v08.061.2021003113934.hdf already downloaded
2025-12-25 22:38:03,864 - INFO - File MYD11A1.A2020001.h28v08.061.2021003113934.cmr.xml already downloaded
2025-12-25 22:38:03,864 - INFO - File BROWSE.MYD11A1.A2020001.h28v08.061.2021003113941.1.jpg already downloaded
2025-12-25 22:38:03,864 - INFO - File BROWSE.MYD11A1.A2020001.h28v08.061.2021003113941.2.jpg already downloaded
2025-12-25 22:38:03,864 - INFO - File BROWSE.MYD11A1.A2020001.h29v08.061.2021003113956.1.jpg already downloaded
2025-12-25 22:38:03,865 - INFO - File MYD11A1.A2020001.h29v08.061.2021003113953.hdf already downloaded
2025-12-25 22:38:03,865 - INFO - File BROWSE.MYD11A1.A2020001.h29v08.061.2021003113956.2.jpg already downloaded
2025-12-25 22:38:03,865 - INFO - File MYD11A1.A2020001.h29v08.061.2021003113953.cmr.xml already downloaded
2025-12-25 22:38:03,865 - INFO - File MYD11A1.A2020001.h27v08.061.2021003114146.hdf already downloaded
2025-12-25 22:38:03,865 - INFO - File MYD11A1.A2020002.h27v08.061.2021003114324.hdf already downloaded
2025-12-25 22:38:03,866 - INFO - File MYD11A1.A2020002.h28v08.061.2021003114348.hdf already downloaded
2025-12-25 22:38:03,866 - INFO - File BROWSE.MYD11A1.A2020002.h29v08.061.2021003114415.1.jpg already downloaded
2025-12-25 22:38:03,867 - INFO - File MYD11A1.A2020002.h29v08.061.2021003114412.cmr.xml already downloaded
2025-12-25 22:38:03,867 - INFO - File BROWSE.MYD11A1.A2020002.h29v08.061.2021003114415.2.jpg already downloaded
2025-12-25 22:38:03,867 - INFO - File MYD11A1.A2020002.h29v08.061.2021003114412.hdf already downloaded
2025-12-25 22:38:04,011 - INFO - File MYD11A1.A2020003.h28v08.061.2021003133728.hdf already downloaded
2025-12-25 22:38:04,011 - INFO - File BROWSE.MYD11A1.A2020003.h28v08.061.2021003133731.2.jpg already downloaded
2025-12-25 22:38:04,022 - INFO - File MYD11A1.A2020003.h28v08.061.2021003133728.cmr.xml already downloaded
2025-12-25 22:38:04,028 - INFO - File BROWSE.MYD11A1.A2020003.h28v08.061.2021003133731.1.jpg already downloaded
2025-12-25 22:38:04,049 - INFO - File MYD11A1.A2020003.h29v08.061.2021003133550.hdf already downloaded
2025-12-25 22:38:04,230 - INFO - File MYD11A1.A2020003.h27v08.061.2021003133943.hdf already downloaded
2025-12-25 22:38:04,240 - INFO - File MYD11A1.A2020004.h29v08.061.2021003134017.hdf already downloaded
2025-12-25 22:38:04,258 - INFO - File MYD11A1.A2020004.h27v08.061.2021003135355.hdf already downloaded
2025-12-25 22:38:04,268 - INFO - File MYD11A1.A2020004.h28v08.061.2021003134041.hdf already downloaded
2025-12-25 22:38:04,270 - INFO - File MYD11A1.A2020005.h29v08.061.2021003155554.hdf already downloaded
2025-12-25 22:38:04,271 - INFO - File BROWSE.MYD11A1.A2020005.h27v08.061.2021003155714.1.jpg already downloaded
2025-12-25 22:38:04,271 - INFO - File MYD11A1.A2020005.h27v08.061.2021003155708.cmr.xml already downloaded
2025-12-25 22:38:04,271 - INFO - File BROWSE.MYD11A1.A2020005.h27v08.061.2021003155714.2.jpg already downloaded
2025-12-25 22:38:04,271 - INFO - File MYD11A1.A2020005.h27v08.061.2021003155708.hdf already downloaded
2025-12-25 22:38:04,272 - INFO - File MYD11A1.A2020005.h28v08.061.2021003155809.hdf already downloaded
2025-12-25 22:38:04,272 - INFO - File MYD11A1.A2020006.h29v08.061.2021003160030.hdf already downloaded
2025-12-25 22:38:04,272 - INFO - File MYD11A1.A2020006.h28v08.061.2021003160700.hdf already downloaded
2025-12-25 22:38:04,272 - INFO - File BROWSE.MYD11A1.A2020006.h27v08.061.2021003160718.1.jpg already downloaded
2025-12-25 22:38:04,273 - INFO - File BROWSE.MYD11A1.A2020006.h27v08.061.2021003160718.2.jpg already downloaded
2025-12-25 22:38:04,273 - INFO - File MYD11A1.A2020006.h27v08.061.2021003160711.cmr.xml already downloaded
2025-12-25 22:38:04,273 - INFO - File MYD11A1.A2020006.h27v08.061.2021003160711.hdf already downloaded
2025-12-25 22:38:04,273 - INFO - File MYD11A1.A2020007.h27v08.061.2021003174531.hdf already downloaded
2025-12-25 22:38:04,273 - INFO - File MYD11A1.A2020007.h28v08.061.2021003174547.hdf already downloaded
2025-12-25 22:38:04,274 - INFO - File MYD11A1.A2020007.h29v08.061.2021003174535.hdf already downloaded
2025-12-25 22:38:04,274 - INFO - File MYD11A1.A2020008.h29v08.061.2021003182946.hdf already downloaded
2025-12-25 22:38:04,275 - INFO - File MYD11A1.A2020008.h27v08.061.2021003183408.hdf already downloaded
2025-12-25 22:38:04,275 - INFO - File MYD11A1.A2020008.h28v08.061.2021003182901.hdf already downloaded
2025-12-25 22:38:04,275 - INFO - File MYD11A1.A2020009.h29v08.061.2021003201228.hdf already downloaded
2025-12-25 22:38:04,276 - INFO - File MYD11A1.A2020009.h28v08.061.2021003201049.hdf already downloaded
2025-12-25 22:38:04,276 - INFO - File MYD11A1.A2020009.h27v08.061.2021003201208.hdf already downloaded
2025-12-25 22:38:04,276 - INFO - File MYD11A1.A2020010.h27v08.061.2021003204710.hdf already downloaded
2025-12-25 22:38:04,276 - INFO - File MYD11A1.A2020010.h29v08.061.2021003205035.hdf already downloaded
2025-12-25 22:38:04,276 - INFO - File MYD11A1.A2020010.h28v08.061.2021003205121.hdf already downloaded
2025-12-25 22:38:04,277 - INFO - File BROWSE.MYD11A1.A2020011.h27v08.061.2021003214858.1.jpg already downloaded
2025-12-25 22:38:04,277 - INFO - File MYD11A1.A2020011.h27v08.061.2021003214855.hdf already downloaded
2025-12-25 22:38:04,277 - INFO - File BROWSE.MYD11A1.A2020011.h27v08.061.2021003214858.2.jpg already downloaded
2025-12-25 22:38:04,277 - INFO - File MYD11A1.A2020011.h27v08.061.2021003214855.cmr.xml already downloaded
2025-12-25 22:38:04,278 - INFO - File BROWSE.MYD11A1.A2020011.h29v08.061.2021003214953.1.jpg already downloaded
2025-12-25 22:38:04,278 - INFO - File MYD11A1.A2020011.h29v08.061.2021003214949.cmr.xml already downloaded
2025-12-25 22:38:04,278 - INFO - File BROWSE.MYD11A1.A2020011.h29v08.061.2021003214953.2.jpg already downloaded
2025-12-25 22:38:04,278 - INFO - File MYD11A1.A2020011.h29v08.061.2021003214949.hdf already downloaded
2025-12-25 22:38:04,278 - INFO - File BROWSE.MYD11A1.A2020011.h28v08.061.2021003215252.1.jpg already downloaded
2025-12-25 22:38:04,279 - INFO - File MYD11A1.A2020011.h28v08.061.2021003215248.hdf already downloaded
2025-12-25 22:38:04,279 - INFO - File BROWSE.MYD11A1.A2020011.h28v08.061.2021003215252.2.jpg already downloaded
2025-12-25 22:38:04,279 - INFO - File MYD11A1.A2020011.h28v08.061.2021003215248.cmr.xml already downloaded
2025-12-25 22:38:04,279 - INFO - File BROWSE.MYD11A1.A2020012.h29v08.061.2021003232636.1.jpg already downloaded
2025-12-25 22:38:04,280 - INFO - File BROWSE.MYD11A1.A2020012.h29v08.061.2021003232636.2.jpg already downloaded
2025-12-25 22:38:04,280 - INFO - File MYD11A1.A2020012.h29v08.061.2021003232635.cmr.xml already downloaded
2025-12-25 22:38:04,280 - INFO - File MYD11A1.A2020012.h29v08.061.2021003232635.hdf already downloaded
2025-12-25 22:38:04,280 - INFO - File BROWSE.MYD11A1.A2020012.h27v08.061.2021003233417.1.jpg already downloaded
2025-12-25 22:38:04,280 - INFO - File MYD11A1.A2020012.h27v08.061.2021003233414.cmr.xml already downloaded
2025-12-25 22:38:04,281 - INFO - File BROWSE.MYD11A1.A2020012.h27v08.061.2021003233417.2.jpg already downloaded
2025-12-25 22:38:04,281 - INFO - File MYD11A1.A2020012.h27v08.061.2021003233414.hdf already downloaded
2025-12-25 22:38:04,281 - INFO - File MYD11A1.A2020012.h28v08.061.2021003233541.hdf already downloaded
2025-12-25 22:38:04,281 - INFO - File BROWSE.MYD11A1.A2020012.h28v08.061.2021003233545.1.jpg already downloaded
2025-12-25 22:38:04,282 - INFO - File MYD11A1.A2020012.h28v08.061.2021003233541.cmr.xml already downloaded
2025-12-25 22:38:04,282 - INFO - File BROWSE.MYD11A1.A2020012.h28v08.061.2021003233545.2.jpg already downloaded
2025-12-25 22:38:04,282 - INFO - File BROWSE.MYD11A1.A2020013.h28v08.061.2021004003742.1.jpg already downloaded
2025-12-25 22:38:04,282 - INFO - File BROWSE.MYD11A1.A2020013.h28v08.061.2021004003742.2.jpg already downloaded
2025-12-25 22:38:04,282 - INFO - File MYD11A1.A2020013.h28v08.061.2021004003739.cmr.xml already downloaded
2025-12-25 22:38:04,283 - INFO - File MYD11A1.A2020013.h28v08.061.2021004003739.hdf already downloaded
2025-12-25 22:38:04,283 - INFO - File BROWSE.MYD11A1.A2020013.h27v08.061.2021004003844.1.jpg already downloaded
2025-12-25 22:38:04,283 - INFO - File BROWSE.MYD11A1.A2020013.h27v08.061.2021004003844.2.jpg already downloaded
2025-12-25 22:38:04,283 - INFO - File MYD11A1.A2020013.h27v08.061.2021004003841.hdf already downloaded
2025-12-25 22:38:04,284 - INFO - File MYD11A1.A2020013.h27v08.061.2021004003841.cmr.xml already downloaded
2025-12-25 22:38:04,284 - INFO - File BROWSE.MYD11A1.A2020013.h29v08.061.2021004003930.1.jpg already downloaded
2025-12-25 22:38:04,284 - INFO - File MYD11A1.A2020013.h29v08.061.2021004003928.hdf already downloaded
2025-12-25 22:38:04,284 - INFO - File BROWSE.MYD11A1.A2020013.h29v08.061.2021004003930.2.jpg already downloaded
2025-12-25 22:38:04,284 - INFO - File MYD11A1.A2020013.h29v08.061.2021004003928.cmr.xml already downloaded
2025-12-25 22:38:04,285 - INFO - File BROWSE.MYD11A1.A2020014.h29v08.061.2021004020038.1.jpg already downloaded
2025-12-25 22:38:04,285 - INFO - File MYD11A1.A2020014.h29v08.061.2021004020035.hdf already downloaded
2025-12-25 22:38:04,285 - INFO - File MYD11A1.A2020014.h29v08.061.2021004020035.cmr.xml already downloaded
2025-12-25 22:38:04,285 - INFO - File BROWSE.MYD11A1.A2020014.h29v08.061.2021004020038.2.jpg already downloaded
2025-12-25 22:38:04,286 - INFO - File BROWSE.MYD11A1.A2020014.h27v08.061.2021004020312.1.jpg already downloaded
2025-12-25 22:38:04,286 - INFO - File BROWSE.MYD11A1.A2020014.h27v08.061.2021004020312.2.jpg already downloaded
2025-12-25 22:38:04,286 - INFO - File MYD11A1.A2020014.h27v08.061.2021004020305.hdf already downloaded
2025-12-25 22:38:04,286 - INFO - File MYD11A1.A2020014.h27v08.061.2021004020305.cmr.xml already downloaded
2025-12-25 22:38:04,287 - INFO - File BROWSE.MYD11A1.A2020014.h28v08.061.2021004020721.1.jpg already downloaded
2025-12-25 22:38:04,287 - INFO - File MYD11A1.A2020014.h28v08.061.2021004020718.cmr.xml already downloaded
2025-12-25 22:38:04,287 - INFO - File MYD11A1.A2020014.h28v08.061.2021004020718.hdf already downloaded
2025-12-25 22:38:04,287 - INFO - File BROWSE.MYD11A1.A2020014.h28v08.061.2021004020721.2.jpg already downloaded
2025-12-25 22:38:04,288 - INFO - File BROWSE.MYD11A1.A2020015.h29v08.061.2021004030745.1.jpg already downloaded
2025-12-25 22:38:04,288 - INFO - File MYD11A1.A2020015.h29v08.061.2021004030743.cmr.xml already downloaded
2025-12-25 22:38:04,288 - INFO - File MYD11A1.A2020015.h29v08.061.2021004030743.hdf already downloaded
2025-12-25 22:38:04,289 - INFO - File BROWSE.MYD11A1.A2020015.h29v08.061.2021004030745.2.jpg already downloaded
2025-12-25 22:38:04,289 - INFO - File MYD11A1.A2020015.h27v08.061.2021004031427.hdf already downloaded
2025-12-25 22:38:04,289 - INFO - File MYD11A1.A2020015.h27v08.061.2021004031427.cmr.xml already downloaded
2025-12-25 22:38:04,289 - INFO - File BROWSE.MYD11A1.A2020015.h27v08.061.2021004031429.1.jpg already downloaded
2025-12-25 22:38:04,290 - INFO - File BROWSE.MYD11A1.A2020015.h27v08.061.2021004031429.2.jpg already downloaded
2025-12-25 22:38:04,290 - INFO - File BROWSE.MYD11A1.A2020015.h28v08.061.2021004031951.1.jpg already downloaded
2025-12-25 22:38:04,290 - INFO - File BROWSE.MYD11A1.A2020015.h28v08.061.2021004031951.2.jpg already downloaded
2025-12-25 22:38:04,290 - INFO - File MYD11A1.A2020015.h28v08.061.2021004031949.cmr.xml already downloaded
2025-12-25 22:38:04,290 - INFO - File MYD11A1.A2020015.h28v08.061.2021004031949.hdf already downloaded
2025-12-25 22:38:04,291 - INFO - File BROWSE.MYD11A1.A2020016.h28v08.061.2021004043739.1.jpg already downloaded
2025-12-25 22:38:04,291 - INFO - File MYD11A1.A2020016.h28v08.061.2021004043736.cmr.xml already downloaded
2025-12-25 22:38:04,291 - INFO - File BROWSE.MYD11A1.A2020016.h28v08.061.2021004043739.2.jpg already downloaded
2025-12-25 22:38:04,291 - INFO - File MYD11A1.A2020016.h28v08.061.2021004043736.hdf already downloaded
2025-12-25 22:38:04,292 - INFO - File BROWSE.MYD11A1.A2020016.h29v08.061.2021004043754.1.jpg already downloaded
2025-12-25 22:38:04,292 - INFO - File BROWSE.MYD11A1.A2020016.h29v08.061.2021004043754.2.jpg already downloaded
2025-12-25 22:38:04,292 - INFO - File MYD11A1.A2020016.h29v08.061.2021004043752.cmr.xml already downloaded
2025-12-25 22:38:04,292 - INFO - File MYD11A1.A2020016.h29v08.061.2021004043752.hdf already downloaded
2025-12-25 22:38:04,292 - INFO - File BROWSE.MYD11A1.A2020016.h27v08.061.2021004044014.1.jpg already downloaded
2025-12-25 22:38:04,293 - INFO - File MYD11A1.A2020016.h27v08.061.2021004044010.hdf already downloaded
2025-12-25 22:38:04,293 - INFO - File BROWSE.MYD11A1.A2020016.h27v08.061.2021004044014.2.jpg already downloaded
2025-12-25 22:38:04,293 - INFO - File MYD11A1.A2020016.h27v08.061.2021004044010.cmr.xml already downloaded
2025-12-25 22:38:04,293 - INFO - File BROWSE.MYD11A1.A2020017.h29v08.061.2021004052836.1.jpg already downloaded
2025-12-25 22:38:04,293 - INFO - File BROWSE.MYD11A1.A2020017.h29v08.061.2021004052836.2.jpg already downloaded
2025-12-25 22:38:04,294 - INFO - File MYD11A1.A2020017.h29v08.061.2021004052833.cmr.xml already downloaded
2025-12-25 22:38:04,294 - INFO - File MYD11A1.A2020017.h29v08.061.2021004052833.hdf already downloaded
2025-12-25 22:38:04,294 - INFO - File BROWSE.MYD11A1.A2020017.h27v08.061.2021004052842.1.jpg already downloaded
2025-12-25 22:38:04,294 - INFO - File MYD11A1.A2020017.h27v08.061.2021004052836.hdf already downloaded
2025-12-25 22:38:04,294 - INFO - File BROWSE.MYD11A1.A2020017.h27v08.061.2021004052842.2.jpg already downloaded
2025-12-25 22:38:04,295 - INFO - File MYD11A1.A2020017.h27v08.061.2021004052836.cmr.xml already downloaded
2025-12-25 22:38:04,295 - INFO - File BROWSE.MYD11A1.A2020017.h28v08.061.2021004052847.1.jpg already downloaded
2025-12-25 22:38:04,295 - INFO - File MYD11A1.A2020017.h28v08.061.2021004052841.hdf already downloaded
2025-12-25 22:38:04,295 - INFO - File BROWSE.MYD11A1.A2020017.h28v08.061.2021004052847.2.jpg already downloaded
2025-12-25 22:38:04,296 - INFO - File MYD11A1.A2020017.h28v08.061.2021004052841.cmr.xml already downloaded
2025-12-25 22:38:04,296 - INFO - File MYD11A1.A2020018.h27v08.061.2021004064205.hdf already downloaded
2025-12-25 22:38:04,296 - INFO - File MYD11A1.A2020018.h27v08.061.2021004064205.cmr.xml already downloaded
2025-12-25 22:38:04,296 - INFO - File BROWSE.MYD11A1.A2020018.h27v08.061.2021004064208.1.jpg already downloaded
2025-12-25 22:38:04,296 - INFO - File BROWSE.MYD11A1.A2020018.h27v08.061.2021004064208.2.jpg already downloaded
2025-12-25 22:38:04,296 - INFO - File BROWSE.MYD11A1.A2020018.h29v08.061.2021004064200.1.jpg already downloaded
2025-12-25 22:38:04,297 - INFO - File BROWSE.MYD11A1.A2020018.h29v08.061.2021004064200.2.jpg already downloaded
2025-12-25 22:38:04,297 - INFO - File MYD11A1.A2020018.h29v08.061.2021004064158.hdf already downloaded
2025-12-25 22:38:04,297 - INFO - File MYD11A1.A2020018.h29v08.061.2021004064158.cmr.xml already downloaded
2025-12-25 22:38:04,297 - INFO - File BROWSE.MYD11A1.A2020018.h28v08.061.2021004064203.1.jpg already downloaded
2025-12-25 22:38:04,297 - INFO - File MYD11A1.A2020018.h28v08.061.2021004064201.hdf already downloaded
2025-12-25 22:38:04,298 - INFO - File BROWSE.MYD11A1.A2020018.h28v08.061.2021004064203.2.jpg already downloaded
2025-12-25 22:38:04,298 - INFO - File MYD11A1.A2020018.h28v08.061.2021004064201.cmr.xml already downloaded
2025-12-25 22:38:04,298 - INFO - File BROWSE.MYD11A1.A2020019.h29v08.061.2021004073719.1.jpg already downloaded
2025-12-25 22:38:04,298 - INFO - File MYD11A1.A2020019.h29v08.061.2021004073713.cmr.xml already downloaded
2025-12-25 22:38:04,298 - INFO - File MYD11A1.A2020019.h29v08.061.2021004073713.hdf already downloaded
2025-12-25 22:38:04,299 - INFO - File BROWSE.MYD11A1.A2020019.h29v08.061.2021004073719.2.jpg already downloaded
2025-12-25 22:38:04,299 - INFO - File BROWSE.MYD11A1.A2020019.h27v08.061.2021004074316.1.jpg already downloaded
2025-12-25 22:38:04,299 - INFO - File MYD11A1.A2020019.h27v08.061.2021004074314.cmr.xml already downloaded
2025-12-25 22:38:04,299 - INFO - File MYD11A1.A2020019.h27v08.061.2021004074314.hdf already downloaded
2025-12-25 22:38:04,300 - INFO - File BROWSE.MYD11A1.A2020019.h27v08.061.2021004074316.2.jpg already downloaded
2025-12-25 22:38:04,300 - INFO - File BROWSE.MYD11A1.A2020019.h28v08.061.2021004073842.1.jpg already downloaded
2025-12-25 22:38:04,300 - INFO - File BROWSE.MYD11A1.A2020019.h28v08.061.2021004073842.2.jpg already downloaded
2025-12-25 22:38:04,300 - INFO - File MYD11A1.A2020019.h28v08.061.2021004073840.hdf already downloaded
2025-12-25 22:38:04,300 - INFO - File MYD11A1.A2020019.h28v08.061.2021004073840.cmr.xml already downloaded
2025-12-25 22:38:04,301 - INFO - File BROWSE.MYD11A1.A2020020.h28v08.061.2021004084825.1.jpg already downloaded
2025-12-25 22:38:04,301 - INFO - File BROWSE.MYD11A1.A2020020.h28v08.061.2021004084825.2.jpg already downloaded
2025-12-25 22:38:04,301 - INFO - File MYD11A1.A2020020.h28v08.061.2021004084820.cmr.xml already downloaded
2025-12-25 22:38:04,301 - INFO - File MYD11A1.A2020020.h28v08.061.2021004084820.hdf already downloaded
2025-12-25 22:38:04,302 - INFO - File BROWSE.MYD11A1.A2020020.h29v08.061.2021004084803.1.jpg already downloaded
2025-12-25 22:38:04,302 - INFO - File MYD11A1.A2020020.h29v08.061.2021004084758.hdf already downloaded
2025-12-25 22:38:04,302 - INFO - File BROWSE.MYD11A1.A2020020.h29v08.061.2021004084803.2.jpg already downloaded
2025-12-25 22:38:04,302 - INFO - File MYD11A1.A2020020.h29v08.061.2021004084758.cmr.xml already downloaded
2025-12-25 22:38:04,302 - INFO - File BROWSE.MYD11A1.A2020020.h27v08.061.2021004084745.1.jpg already downloaded
2025-12-25 22:38:04,303 - INFO - File BROWSE.MYD11A1.A2020020.h27v08.061.2021004084745.2.jpg already downloaded
2025-12-25 22:38:04,303 - INFO - File MYD11A1.A2020020.h27v08.061.2021004084741.hdf already downloaded
2025-12-25 22:38:04,303 - INFO - File MYD11A1.A2020020.h27v08.061.2021004084741.cmr.xml already downloaded
2025-12-25 22:38:04,303 - INFO - File MYD11A1.A2020021.h27v08.061.2021004100218.cmr.xml already downloaded
2025-12-25 22:38:04,303 - INFO - File MYD11A1.A2020021.h27v08.061.2021004100218.hdf already downloaded
2025-12-25 22:38:04,304 - INFO - File BROWSE.MYD11A1.A2020021.h27v08.061.2021004100221.1.jpg already downloaded
2025-12-25 22:38:04,304 - INFO - File BROWSE.MYD11A1.A2020021.h27v08.061.2021004100221.2.jpg already downloaded
2025-12-25 22:38:04,304 - INFO - File BROWSE.MYD11A1.A2020021.h28v08.061.2021004100222.1.jpg already downloaded
2025-12-25 22:38:04,304 - INFO - File BROWSE.MYD11A1.A2020021.h28v08.061.2021004100222.2.jpg already downloaded
2025-12-25 22:38:04,304 - INFO - File MYD11A1.A2020021.h28v08.061.2021004100220.hdf already downloaded
2025-12-25 22:38:04,304 - INFO - File MYD11A1.A2020021.h28v08.061.2021004100220.cmr.xml already downloaded
2025-12-25 22:38:04,305 - INFO - File BROWSE.MYD11A1.A2020021.h29v08.061.2021004100228.1.jpg already downloaded
2025-12-25 22:38:04,305 - INFO - File BROWSE.MYD11A1.A2020021.h29v08.061.2021004100228.2.jpg already downloaded
2025-12-25 22:38:04,305 - INFO - File MYD11A1.A2020021.h29v08.061.2021004100223.cmr.xml already downloaded
2025-12-25 22:38:04,305 - INFO - File MYD11A1.A2020021.h29v08.061.2021004100223.hdf already downloaded
2025-12-25 22:38:04,305 - INFO - File BROWSE.MYD11A1.A2020022.h27v08.061.2021004105816.1.jpg already downloaded
2025-12-25 22:38:04,306 - INFO - File MYD11A1.A2020022.h27v08.061.2021004105814.hdf already downloaded
2025-12-25 22:38:04,306 - INFO - File BROWSE.MYD11A1.A2020022.h27v08.061.2021004105816.2.jpg already downloaded
2025-12-25 22:38:04,306 - INFO - File MYD11A1.A2020022.h27v08.061.2021004105814.cmr.xml already downloaded
2025-12-25 22:38:04,306 - INFO - File BROWSE.MYD11A1.A2020022.h29v08.061.2021004105825.1.jpg already downloaded
2025-12-25 22:38:04,306 - INFO - File BROWSE.MYD11A1.A2020022.h29v08.061.2021004105825.2.jpg already downloaded
2025-12-25 22:38:04,307 - INFO - File MYD11A1.A2020022.h29v08.061.2021004105822.cmr.xml already downloaded
2025-12-25 22:38:04,307 - INFO - File MYD11A1.A2020022.h29v08.061.2021004105822.hdf already downloaded
2025-12-25 22:38:04,307 - INFO - File BROWSE.MYD11A1.A2020022.h28v08.061.2021004105832.1.jpg already downloaded
2025-12-25 22:38:04,307 - INFO - File MYD11A1.A2020022.h28v08.061.2021004105826.hdf already downloaded
2025-12-25 22:38:04,307 - INFO - File BROWSE.MYD11A1.A2020022.h28v08.061.2021004105832.2.jpg already downloaded
2025-12-25 22:38:04,308 - INFO - File MYD11A1.A2020022.h28v08.061.2021004105826.cmr.xml already downloaded
2025-12-25 22:38:04,308 - INFO - File BROWSE.MYD11A1.A2020023.h27v08.061.2021004123224.1.jpg already downloaded
2025-12-25 22:38:04,308 - INFO - File MYD11A1.A2020023.h27v08.061.2021004123217.hdf already downloaded
2025-12-25 22:38:04,308 - INFO - File BROWSE.MYD11A1.A2020023.h27v08.061.2021004123224.2.jpg already downloaded
2025-12-25 22:38:04,308 - INFO - File MYD11A1.A2020023.h27v08.061.2021004123217.cmr.xml already downloaded
2025-12-25 22:38:04,309 - INFO - File BROWSE.MYD11A1.A2020023.h29v08.061.2021004123636.1.jpg already downloaded
2025-12-25 22:38:04,309 - INFO - File BROWSE.MYD11A1.A2020023.h29v08.061.2021004123636.2.jpg already downloaded
2025-12-25 22:38:04,309 - INFO - File MYD11A1.A2020023.h29v08.061.2021004123633.hdf already downloaded
2025-12-25 22:38:04,309 - INFO - File MYD11A1.A2020023.h29v08.061.2021004123633.cmr.xml already downloaded
2025-12-25 22:38:04,309 - INFO - File BROWSE.MYD11A1.A2020023.h28v08.061.2021004123216.1.jpg already downloaded
2025-12-25 22:38:04,310 - INFO - File BROWSE.MYD11A1.A2020023.h28v08.061.2021004123216.2.jpg already downloaded
2025-12-25 22:38:04,310 - INFO - File MYD11A1.A2020023.h28v08.061.2021004123208.hdf already downloaded
2025-12-25 22:38:04,310 - INFO - File MYD11A1.A2020023.h28v08.061.2021004123208.cmr.xml already downloaded
2025-12-25 22:38:04,310 - INFO - File BROWSE.MYD11A1.A2020024.h28v08.061.2021004162119.1.jpg already downloaded
2025-12-25 22:38:04,310 - INFO - File MYD11A1.A2020024.h28v08.061.2021004162116.hdf already downloaded
2025-12-25 22:38:04,310 - INFO - File BROWSE.MYD11A1.A2020024.h28v08.061.2021004162119.2.jpg already downloaded
2025-12-25 22:38:04,311 - INFO - File MYD11A1.A2020024.h28v08.061.2021004162116.cmr.xml already downloaded
2025-12-25 22:38:04,311 - INFO - File BROWSE.MYD11A1.A2020024.h29v08.061.2021004162039.1.jpg already downloaded
2025-12-25 22:38:04,311 - INFO - File BROWSE.MYD11A1.A2020024.h29v08.061.2021004162039.2.jpg already downloaded
2025-12-25 22:38:04,311 - INFO - File MYD11A1.A2020024.h29v08.061.2021004162037.hdf already downloaded
2025-12-25 22:38:04,311 - INFO - File MYD11A1.A2020024.h29v08.061.2021004162037.cmr.xml already downloaded
2025-12-25 22:38:04,312 - INFO - File BROWSE.MYD11A1.A2020024.h27v08.061.2021004162505.1.jpg already downloaded
2025-12-25 22:38:04,312 - INFO - File BROWSE.MYD11A1.A2020024.h27v08.061.2021004162505.2.jpg already downloaded
2025-12-25 22:38:04,312 - INFO - File MYD11A1.A2020024.h27v08.061.2021004162502.hdf already downloaded
2025-12-25 22:38:04,312 - INFO - File MYD11A1.A2020024.h27v08.061.2021004162502.cmr.xml already downloaded
2025-12-25 22:38:04,312 - INFO - File BROWSE.MYD11A1.A2020025.h29v08.061.2021004170248.1.jpg already downloaded
2025-12-25 22:38:04,313 - INFO - File BROWSE.MYD11A1.A2020025.h29v08.061.2021004170248.2.jpg already downloaded
2025-12-25 22:38:04,313 - INFO - File MYD11A1.A2020025.h29v08.061.2021004170242.hdf already downloaded
2025-12-25 22:38:04,313 - INFO - File MYD11A1.A2020025.h29v08.061.2021004170242.cmr.xml already downloaded
2025-12-25 22:38:04,313 - INFO - File BROWSE.MYD11A1.A2020025.h28v08.061.2021004170038.1.jpg already downloaded
2025-12-25 22:38:04,314 - INFO - File MYD11A1.A2020025.h28v08.061.2021004170032.hdf already downloaded
2025-12-25 22:38:04,314 - INFO - File BROWSE.MYD11A1.A2020025.h28v08.061.2021004170038.2.jpg already downloaded
2025-12-25 22:38:04,314 - INFO - File MYD11A1.A2020025.h28v08.061.2021004170032.cmr.xml already downloaded
2025-12-25 22:38:04,314 - INFO - File BROWSE.MYD11A1.A2020025.h27v08.061.2021004170643.1.jpg already downloaded
2025-12-25 22:38:04,314 - INFO - File MYD11A1.A2020025.h27v08.061.2021004170639.cmr.xml already downloaded
2025-12-25 22:38:04,315 - INFO - File MYD11A1.A2020025.h27v08.061.2021004170639.hdf already downloaded
2025-12-25 22:38:04,315 - INFO - File BROWSE.MYD11A1.A2020025.h27v08.061.2021004170643.2.jpg already downloaded
2025-12-25 22:38:04,315 - INFO - File BROWSE.MYD11A1.A2020026.h28v08.061.2021005004105.1.jpg already downloaded
2025-12-25 22:38:04,315 - INFO - File BROWSE.MYD11A1.A2020026.h28v08.061.2021005004105.2.jpg already downloaded
2025-12-25 22:38:04,315 - INFO - File MYD11A1.A2020026.h28v08.061.2021005004103.cmr.xml already downloaded
2025-12-25 22:38:04,316 - INFO - File MYD11A1.A2020026.h28v08.061.2021005004103.hdf already downloaded
2025-12-25 22:38:04,316 - INFO - File BROWSE.MYD11A1.A2020026.h27v08.061.2021005004221.1.jpg already downloaded
2025-12-25 22:38:04,316 - INFO - File BROWSE.MYD11A1.A2020026.h27v08.061.2021005004221.2.jpg already downloaded
2025-12-25 22:38:04,316 - INFO - File MYD11A1.A2020026.h27v08.061.2021005004219.cmr.xml already downloaded
2025-12-25 22:38:04,316 - INFO - File MYD11A1.A2020026.h27v08.061.2021005004219.hdf already downloaded
2025-12-25 22:38:04,317 - INFO - File BROWSE.MYD11A1.A2020026.h29v08.061.2021005010317.2.jpg already downloaded
2025-12-25 22:38:04,317 - INFO - File BROWSE.MYD11A1.A2020026.h29v08.061.2021005010317.1.jpg already downloaded
2025-12-25 22:38:04,317 - INFO - File MYD11A1.A2020026.h29v08.061.2021005010315.hdf already downloaded
2025-12-25 22:38:04,317 - INFO - File MYD11A1.A2020026.h29v08.061.2021005010315.cmr.xml already downloaded
2025-12-25 22:38:04,317 - INFO - File BROWSE.MYD11A1.A2020027.h27v08.061.2021005010132.1.jpg already downloaded
2025-12-25 22:38:04,318 - INFO - File BROWSE.MYD11A1.A2020027.h27v08.061.2021005010132.2.jpg already downloaded
2025-12-25 22:38:04,318 - INFO - File MYD11A1.A2020027.h27v08.061.2021005010129.hdf already downloaded
2025-12-25 22:38:04,318 - INFO - File MYD11A1.A2020027.h27v08.061.2021005010129.cmr.xml already downloaded
2025-12-25 22:38:04,318 - INFO - File BROWSE.MYD11A1.A2020027.h28v08.061.2021005010320.1.jpg already downloaded
2025-12-25 22:38:04,318 - INFO - File MYD11A1.A2020027.h28v08.061.2021005010316.cmr.xml already downloaded
2025-12-25 22:38:04,319 - INFO - File MYD11A1.A2020027.h28v08.061.2021005010316.hdf already downloaded
2025-12-25 22:38:04,319 - INFO - File BROWSE.MYD11A1.A2020027.h28v08.061.2021005010320.2.jpg already downloaded
2025-12-25 22:38:04,319 - INFO - File BROWSE.MYD11A1.A2020027.h29v08.061.2021005011251.1.jpg already downloaded
2025-12-25 22:38:04,319 - INFO - File MYD11A1.A2020027.h29v08.061.2021005011249.cmr.xml already downloaded
2025-12-25 22:38:04,319 - INFO - File MYD11A1.A2020027.h29v08.061.2021005011249.hdf already downloaded
2025-12-25 22:38:04,320 - INFO - File BROWSE.MYD11A1.A2020027.h29v08.061.2021005011251.2.jpg already downloaded
2025-12-25 22:38:04,320 - INFO - File MYD11A1.A2020028.h28v08.061.2021005032725.cmr.xml already downloaded
2025-12-25 22:38:04,320 - INFO - File BROWSE.MYD11A1.A2020028.h28v08.061.2021005032733.1.jpg already downloaded
2025-12-25 22:38:04,320 - INFO - File BROWSE.MYD11A1.A2020028.h28v08.061.2021005032733.2.jpg already downloaded
2025-12-25 22:38:04,320 - INFO - File MYD11A1.A2020028.h28v08.061.2021005032725.hdf already downloaded
2025-12-25 22:38:04,321 - INFO - File BROWSE.MYD11A1.A2020028.h27v08.061.2021005032723.1.jpg already downloaded
2025-12-25 22:38:04,321 - INFO - File BROWSE.MYD11A1.A2020028.h27v08.061.2021005032723.2.jpg already downloaded
2025-12-25 22:38:04,321 - INFO - File MYD11A1.A2020028.h27v08.061.2021005032716.hdf already downloaded
2025-12-25 22:38:04,321 - INFO - File MYD11A1.A2020028.h27v08.061.2021005032716.cmr.xml already downloaded
2025-12-25 22:38:04,321 - INFO - File BROWSE.MYD11A1.A2020028.h29v08.061.2021005032920.1.jpg already downloaded
2025-12-25 22:38:04,322 - INFO - File MYD11A1.A2020028.h29v08.061.2021005032916.cmr.xml already downloaded
2025-12-25 22:38:04,322 - INFO - File BROWSE.MYD11A1.A2020028.h29v08.061.2021005032920.2.jpg already downloaded
2025-12-25 22:38:04,322 - INFO - File MYD11A1.A2020028.h29v08.061.2021005032916.hdf already downloaded
2025-12-25 22:38:04,322 - INFO - File MYD11A1.A2020029.h27v08.061.2021005032956.hdf already downloaded
2025-12-25 22:38:04,322 - INFO - File BROWSE.MYD11A1.A2020029.h27v08.061.2021005032959.1.jpg already downloaded
2025-12-25 22:38:04,323 - INFO - File MYD11A1.A2020029.h27v08.061.2021005032956.cmr.xml already downloaded
2025-12-25 22:38:04,323 - INFO - File BROWSE.MYD11A1.A2020029.h27v08.061.2021005032959.2.jpg already downloaded
2025-12-25 22:38:04,323 - INFO - File MYD11A1.A2020029.h28v08.061.2021005033021.hdf already downloaded
2025-12-25 22:38:04,323 - INFO - File BROWSE.MYD11A1.A2020029.h29v08.061.2021005033740.2.jpg already downloaded
2025-12-25 22:38:04,323 - INFO - File BROWSE.MYD11A1.A2020029.h29v08.061.2021005033740.1.jpg already downloaded
2025-12-25 22:38:04,324 - INFO - File MYD11A1.A2020029.h29v08.061.2021005033735.hdf already downloaded
2025-12-25 22:38:04,324 - INFO - File MYD11A1.A2020029.h29v08.061.2021005033735.cmr.xml already downloaded
2025-12-25 22:38:04,324 - INFO - File BROWSE.MYD11A1.A2020030.h27v08.061.2021005051228.1.jpg already downloaded
2025-12-25 22:38:04,324 - INFO - File MYD11A1.A2020030.h27v08.061.2021005051226.hdf already downloaded
2025-12-25 22:38:04,324 - INFO - File BROWSE.MYD11A1.A2020030.h27v08.061.2021005051228.2.jpg already downloaded
2025-12-25 22:38:04,325 - INFO - File MYD11A1.A2020030.h27v08.061.2021005051226.cmr.xml already downloaded
2025-12-25 22:38:04,325 - INFO - File BROWSE.MYD11A1.A2020030.h29v08.061.2021005051218.1.jpg already downloaded
2025-12-25 22:38:04,325 - INFO - File MYD11A1.A2020030.h29v08.061.2021005051216.hdf already downloaded
2025-12-25 22:38:04,325 - INFO - File MYD11A1.A2020030.h29v08.061.2021005051216.cmr.xml already downloaded
2025-12-25 22:38:04,325 - INFO - File BROWSE.MYD11A1.A2020030.h29v08.061.2021005051218.2.jpg already downloaded
2025-12-25 22:38:04,326 - INFO - File BROWSE.MYD11A1.A2020030.h28v08.061.2021005051216.1.jpg already downloaded
2025-12-25 22:38:04,326 - INFO - File BROWSE.MYD11A1.A2020030.h28v08.061.2021005051216.2.jpg already downloaded
2025-12-25 22:38:04,326 - INFO - File MYD11A1.A2020030.h28v08.061.2021005051213.hdf already downloaded
2025-12-25 22:38:04,326 - INFO - File MYD11A1.A2020030.h28v08.061.2021005051213.cmr.xml already downloaded
2025-12-25 22:38:04,327 - INFO - File BROWSE.MYD11A1.A2020031.h28v08.061.2021005051747.1.jpg already downloaded
2025-12-25 22:38:04,327 - INFO - File MYD11A1.A2020031.h28v08.061.2021005051743.hdf already downloaded
2025-12-25 22:38:04,327 - INFO - File BROWSE.MYD11A1.A2020031.h28v08.061.2021005051747.2.jpg already downloaded
2025-12-25 22:38:04,327 - INFO - File MYD11A1.A2020031.h28v08.061.2021005051743.cmr.xml already downloaded
2025-12-25 22:38:04,328 - INFO - File BROWSE.MYD11A1.A2020031.h29v08.061.2021005051749.1.jpg already downloaded
2025-12-25 22:38:04,328 - INFO - File MYD11A1.A2020031.h29v08.061.2021005051746.hdf already downloaded
2025-12-25 22:38:04,328 - INFO - File BROWSE.MYD11A1.A2020031.h29v08.061.2021005051749.2.jpg already downloaded
2025-12-25 22:38:04,328 - INFO - File MYD11A1.A2020031.h29v08.061.2021005051746.cmr.xml already downloaded
2025-12-25 22:38:04,328 - INFO - File BROWSE.MYD11A1.A2020031.h27v08.061.2021005051752.1.jpg already downloaded
2025-12-25 22:38:04,329 - INFO - File MYD11A1.A2020031.h27v08.061.2021005051747.cmr.xml already downloaded
2025-12-25 22:38:04,329 - INFO - File BROWSE.MYD11A1.A2020031.h27v08.061.2021005051752.2.jpg already downloaded
2025-12-25 22:38:04,329 - INFO - File MYD11A1.A2020031.h27v08.061.2021005051747.hdf already downloaded
2025-12-25 22:38:04,329 - INFO - File BROWSE.MYD11A1.A2020032.h28v08.061.2021005071254.1.jpg already downloaded
2025-12-25 22:38:04,329 - INFO - File MYD11A1.A2020032.h28v08.061.2021005071250.cmr.xml already downloaded
2025-12-25 22:38:04,330 - INFO - File BROWSE.MYD11A1.A2020032.h28v08.061.2021005071254.2.jpg already downloaded
2025-12-25 22:38:04,330 - INFO - File MYD11A1.A2020032.h28v08.061.2021005071250.hdf already downloaded
2025-12-25 22:38:04,330 - INFO - File MYD11A1.A2020032.h27v08.061.2021005071229.cmr.xml already downloaded
2025-12-25 22:38:04,330 - INFO - File BROWSE.MYD11A1.A2020032.h27v08.061.2021005071236.2.jpg already downloaded
2025-12-25 22:38:04,330 - INFO - File BROWSE.MYD11A1.A2020032.h27v08.061.2021005071236.1.jpg already downloaded
2025-12-25 22:38:04,331 - INFO - File MYD11A1.A2020032.h27v08.061.2021005071229.hdf already downloaded
2025-12-25 22:38:04,331 - INFO - File BROWSE.MYD11A1.A2020032.h29v08.061.2021005071310.1.jpg already downloaded
2025-12-25 22:38:04,331 - INFO - File MYD11A1.A2020032.h29v08.061.2021005071305.cmr.xml already downloaded
2025-12-25 22:38:04,331 - INFO - File MYD11A1.A2020032.h29v08.061.2021005071305.hdf already downloaded
2025-12-25 22:38:04,331 - INFO - File BROWSE.MYD11A1.A2020032.h29v08.061.2021005071310.2.jpg already downloaded
2025-12-25 22:38:04,332 - INFO - File BROWSE.MYD11A1.A2020033.h29v08.061.2021005071854.2.jpg already downloaded
2025-12-25 22:38:04,332 - INFO - File BROWSE.MYD11A1.A2020033.h29v08.061.2021005071854.1.jpg already downloaded
2025-12-25 22:38:04,332 - INFO - File MYD11A1.A2020033.h29v08.061.2021005071850.cmr.xml already downloaded
2025-12-25 22:38:04,332 - INFO - File MYD11A1.A2020033.h29v08.061.2021005071850.hdf already downloaded
2025-12-25 22:38:04,332 - INFO - File BROWSE.MYD11A1.A2020033.h28v08.061.2021005071853.1.jpg already downloaded
2025-12-25 22:38:04,333 - INFO - File BROWSE.MYD11A1.A2020033.h28v08.061.2021005071853.2.jpg already downloaded
2025-12-25 22:38:04,333 - INFO - File MYD11A1.A2020033.h28v08.061.2021005071848.hdf already downloaded
2025-12-25 22:38:04,333 - INFO - File MYD11A1.A2020033.h28v08.061.2021005071848.cmr.xml already downloaded
2025-12-25 22:38:04,333 - INFO - File BROWSE.MYD11A1.A2020033.h27v08.061.2021005071834.1.jpg already downloaded
2025-12-25 22:38:04,334 - INFO - File BROWSE.MYD11A1.A2020033.h27v08.061.2021005071834.2.jpg already downloaded
2025-12-25 22:38:04,334 - INFO - File MYD11A1.A2020033.h27v08.061.2021005071831.hdf already downloaded
2025-12-25 22:38:04,334 - INFO - File MYD11A1.A2020033.h27v08.061.2021005071831.cmr.xml already downloaded
2025-12-25 22:38:04,334 - INFO - File BROWSE.MYD11A1.A2020034.h28v08.061.2021005085800.1.jpg already downloaded
2025-12-25 22:38:04,334 - INFO - File BROWSE.MYD11A1.A2020034.h28v08.061.2021005085800.2.jpg already downloaded
2025-12-25 22:38:04,335 - INFO - File MYD11A1.A2020034.h28v08.061.2021005085756.hdf already downloaded
2025-12-25 22:38:04,335 - INFO - File MYD11A1.A2020034.h28v08.061.2021005085756.cmr.xml already downloaded
2025-12-25 22:38:04,335 - INFO - File BROWSE.MYD11A1.A2020034.h29v08.061.2021005085751.1.jpg already downloaded
2025-12-25 22:38:04,335 - INFO - File BROWSE.MYD11A1.A2020034.h29v08.061.2021005085751.2.jpg already downloaded
2025-12-25 22:38:04,335 - INFO - File MYD11A1.A2020034.h29v08.061.2021005085745.hdf already downloaded
2025-12-25 22:38:04,336 - INFO - File MYD11A1.A2020034.h29v08.061.2021005085745.cmr.xml already downloaded
2025-12-25 22:38:04,336 - INFO - File MYD11A1.A2020034.h27v08.061.2021005085945.cmr.xml already downloaded
2025-12-25 22:38:04,336 - INFO - File MYD11A1.A2020034.h27v08.061.2021005085945.hdf already downloaded
2025-12-25 22:38:04,336 - INFO - File BROWSE.MYD11A1.A2020034.h27v08.061.2021005085949.1.jpg already downloaded
2025-12-25 22:38:04,336 - INFO - File BROWSE.MYD11A1.A2020034.h27v08.061.2021005085949.2.jpg already downloaded
2025-12-25 22:38:04,337 - INFO - File BROWSE.MYD11A1.A2020035.h28v08.061.2021005092754.1.jpg already downloaded
2025-12-25 22:38:04,337 - INFO - File BROWSE.MYD11A1.A2020035.h28v08.061.2021005092754.2.jpg already downloaded
2025-12-25 22:38:04,337 - INFO - File MYD11A1.A2020035.h28v08.061.2021005092747.hdf already downloaded
2025-12-25 22:38:04,337 - INFO - File MYD11A1.A2020035.h28v08.061.2021005092747.cmr.xml already downloaded
2025-12-25 22:38:04,338 - INFO - File BROWSE.MYD11A1.A2020035.h29v08.061.2021005093047.1.jpg already downloaded
2025-12-25 22:38:04,338 - INFO - File BROWSE.MYD11A1.A2020035.h29v08.061.2021005093047.2.jpg already downloaded
2025-12-25 22:38:04,338 - INFO - File MYD11A1.A2020035.h29v08.061.2021005093043.hdf already downloaded
2025-12-25 22:38:04,338 - INFO - File MYD11A1.A2020035.h29v08.061.2021005093043.cmr.xml already downloaded
2025-12-25 22:38:04,338 - INFO - File BROWSE.MYD11A1.A2020035.h27v08.061.2021005093203.1.jpg already downloaded
2025-12-25 22:38:04,339 - INFO - File BROWSE.MYD11A1.A2020035.h27v08.061.2021005093203.2.jpg already downloaded
2025-12-25 22:38:04,339 - INFO - File MYD11A1.A2020035.h27v08.061.2021005093156.hdf already downloaded
2025-12-25 22:38:04,339 - INFO - File MYD11A1.A2020035.h27v08.061.2021005093156.cmr.xml already downloaded
2025-12-25 22:38:04,339 - INFO - File MYD11A1.A2020036.h29v08.061.2021005104602.hdf already downloaded
2025-12-25 22:38:04,339 - INFO - File BROWSE.MYD11A1.A2020036.h29v08.061.2021005104605.2.jpg already downloaded
2025-12-25 22:38:04,340 - INFO - File BROWSE.MYD11A1.A2020036.h29v08.061.2021005104605.1.jpg already downloaded
2025-12-25 22:38:04,340 - INFO - File MYD11A1.A2020036.h29v08.061.2021005104602.cmr.xml already downloaded
2025-12-25 22:38:04,340 - INFO - File MYD11A1.A2020036.h27v08.061.2021005104607.hdf already downloaded
2025-12-25 22:38:04,341 - INFO - File BROWSE.MYD11A1.A2020036.h27v08.061.2021005104612.2.jpg already downloaded
2025-12-25 22:38:04,341 - INFO - File BROWSE.MYD11A1.A2020036.h27v08.061.2021005104612.1.jpg already downloaded
2025-12-25 22:38:04,341 - INFO - File MYD11A1.A2020036.h27v08.061.2021005104607.cmr.xml already downloaded
2025-12-25 22:38:04,341 - INFO - File MYD11A1.A2020036.h28v08.061.2021005104612.cmr.xml already downloaded
2025-12-25 22:38:04,341 - INFO - File MYD11A1.A2020036.h28v08.061.2021005104612.hdf already downloaded
2025-12-25 22:38:04,342 - INFO - File BROWSE.MYD11A1.A2020036.h28v08.061.2021005104616.1.jpg already downloaded
2025-12-25 22:38:04,342 - INFO - File BROWSE.MYD11A1.A2020036.h28v08.061.2021005104616.2.jpg already downloaded
2025-12-25 22:38:04,342 - INFO - File BROWSE.MYD11A1.A2020037.h28v08.061.2021005110931.1.jpg already downloaded
2025-12-25 22:38:04,342 - INFO - File BROWSE.MYD11A1.A2020037.h28v08.061.2021005110931.2.jpg already downloaded
2025-12-25 22:38:04,342 - INFO - File MYD11A1.A2020037.h28v08.061.2021005110927.hdf already downloaded
2025-12-25 22:38:04,343 - INFO - File MYD11A1.A2020037.h28v08.061.2021005110927.cmr.xml already downloaded
2025-12-25 22:38:04,343 - INFO - File BROWSE.MYD11A1.A2020037.h29v08.061.2021005110938.2.jpg already downloaded
2025-12-25 22:38:04,343 - INFO - File BROWSE.MYD11A1.A2020037.h29v08.061.2021005110938.1.jpg already downloaded
2025-12-25 22:38:04,343 - INFO - File MYD11A1.A2020037.h29v08.061.2021005110936.hdf already downloaded
2025-12-25 22:38:04,343 - INFO - File MYD11A1.A2020037.h29v08.061.2021005110936.cmr.xml already downloaded
2025-12-25 22:38:04,344 - INFO - File BROWSE.MYD11A1.A2020037.h27v08.061.2021005111001.1.jpg already downloaded
2025-12-25 22:38:04,344 - INFO - File MYD11A1.A2020037.h27v08.061.2021005110957.cmr.xml already downloaded
2025-12-25 22:38:04,344 - INFO - File BROWSE.MYD11A1.A2020037.h27v08.061.2021005111001.2.jpg already downloaded
2025-12-25 22:38:04,344 - INFO - File MYD11A1.A2020037.h27v08.061.2021005110957.hdf already downloaded
2025-12-25 22:38:04,344 - INFO - File BROWSE.MYD11A1.A2020038.h27v08.061.2021005121807.2.jpg already downloaded
2025-12-25 22:38:04,345 - INFO - File MYD11A1.A2020038.h27v08.061.2021005121803.cmr.xml already downloaded
2025-12-25 22:38:04,345 - INFO - File BROWSE.MYD11A1.A2020038.h27v08.061.2021005121807.1.jpg already downloaded
2025-12-25 22:38:04,345 - INFO - File MYD11A1.A2020038.h27v08.061.2021005121803.hdf already downloaded
2025-12-25 22:38:04,345 - INFO - File BROWSE.MYD11A1.A2020038.h29v08.061.2021005121828.2.jpg already downloaded
2025-12-25 22:38:04,345 - INFO - File MYD11A1.A2020038.h29v08.061.2021005121823.hdf already downloaded
2025-12-25 22:38:04,346 - INFO - File BROWSE.MYD11A1.A2020038.h29v08.061.2021005121828.1.jpg already downloaded
2025-12-25 22:38:04,346 - INFO - File MYD11A1.A2020038.h29v08.061.2021005121823.cmr.xml already downloaded
2025-12-25 22:38:04,346 - INFO - File BROWSE.MYD11A1.A2020038.h28v08.061.2021005121918.1.jpg already downloaded
2025-12-25 22:38:04,346 - INFO - File BROWSE.MYD11A1.A2020038.h28v08.061.2021005121918.2.jpg already downloaded
2025-12-25 22:38:04,346 - INFO - File MYD11A1.A2020038.h28v08.061.2021005121910.cmr.xml already downloaded
2025-12-25 22:38:04,346 - INFO - File MYD11A1.A2020038.h28v08.061.2021005121910.hdf already downloaded
2025-12-25 22:38:04,347 - INFO - File MYD11A1.A2020039.h29v08.061.2021005124952.hdf already downloaded
2025-12-25 22:38:04,347 - INFO - File MYD11A1.A2020039.h29v08.061.2021005124952.cmr.xml already downloaded
2025-12-25 22:38:04,347 - INFO - File BROWSE.MYD11A1.A2020039.h29v08.061.2021005124954.1.jpg already downloaded
2025-12-25 22:38:04,347 - INFO - File BROWSE.MYD11A1.A2020039.h29v08.061.2021005124954.2.jpg already downloaded
2025-12-25 22:38:04,348 - INFO - File BROWSE.MYD11A1.A2020039.h27v08.061.2021005124930.1.jpg already downloaded
2025-12-25 22:38:04,348 - INFO - File BROWSE.MYD11A1.A2020039.h27v08.061.2021005124930.2.jpg already downloaded
2025-12-25 22:38:04,348 - INFO - File MYD11A1.A2020039.h27v08.061.2021005124927.hdf already downloaded
2025-12-25 22:38:04,348 - INFO - File MYD11A1.A2020039.h27v08.061.2021005124927.cmr.xml already downloaded
2025-12-25 22:38:04,348 - INFO - File BROWSE.MYD11A1.A2020039.h28v08.061.2021005124950.1.jpg already downloaded
2025-12-25 22:38:04,349 - INFO - File BROWSE.MYD11A1.A2020039.h28v08.061.2021005124950.2.jpg already downloaded
2025-12-25 22:38:04,349 - INFO - File MYD11A1.A2020039.h28v08.061.2021005124947.hdf already downloaded
2025-12-25 22:38:04,349 - INFO - File MYD11A1.A2020039.h28v08.061.2021005124947.cmr.xml already downloaded
2025-12-25 22:38:04,349 - INFO - File BROWSE.MYD11A1.A2020040.h28v08.061.2021005140225.1.jpg already downloaded
2025-12-25 22:38:04,349 - INFO - File BROWSE.MYD11A1.A2020040.h28v08.061.2021005140225.2.jpg already downloaded
2025-12-25 22:38:04,350 - INFO - File MYD11A1.A2020040.h28v08.061.2021005140221.hdf already downloaded
2025-12-25 22:38:04,350 - INFO - File MYD11A1.A2020040.h28v08.061.2021005140221.cmr.xml already downloaded
2025-12-25 22:38:04,350 - INFO - File BROWSE.MYD11A1.A2020040.h27v08.061.2021005140234.1.jpg already downloaded
2025-12-25 22:38:04,350 - INFO - File MYD11A1.A2020040.h27v08.061.2021005140228.hdf already downloaded
2025-12-25 22:38:04,351 - INFO - File BROWSE.MYD11A1.A2020040.h27v08.061.2021005140234.2.jpg already downloaded
2025-12-25 22:38:04,351 - INFO - File MYD11A1.A2020040.h27v08.061.2021005140228.cmr.xml already downloaded
2025-12-25 22:38:04,351 - INFO - File BROWSE.MYD11A1.A2020040.h29v08.061.2021005140233.1.jpg already downloaded
2025-12-25 22:38:04,351 - INFO - File BROWSE.MYD11A1.A2020040.h29v08.061.2021005140233.2.jpg already downloaded
2025-12-25 22:38:04,351 - INFO - File MYD11A1.A2020040.h29v08.061.2021005140230.hdf already downloaded
2025-12-25 22:38:04,352 - INFO - File MYD11A1.A2020040.h29v08.061.2021005140230.cmr.xml already downloaded
2025-12-25 22:38:04,352 - INFO - File BROWSE.MYD11A1.A2020041.h27v08.061.2021005143220.1.jpg already downloaded
2025-12-25 22:38:04,352 - INFO - File BROWSE.MYD11A1.A2020041.h27v08.061.2021005143220.2.jpg already downloaded
2025-12-25 22:38:04,352 - INFO - File MYD11A1.A2020041.h27v08.061.2021005143215.hdf already downloaded
2025-12-25 22:38:04,353 - INFO - File MYD11A1.A2020041.h27v08.061.2021005143215.cmr.xml already downloaded
2025-12-25 22:38:04,353 - INFO - File BROWSE.MYD11A1.A2020041.h28v08.061.2021005143225.1.jpg already downloaded
2025-12-25 22:38:04,353 - INFO - File MYD11A1.A2020041.h28v08.061.2021005143221.cmr.xml already downloaded
2025-12-25 22:38:04,353 - INFO - File MYD11A1.A2020041.h28v08.061.2021005143221.hdf already downloaded
2025-12-25 22:38:04,353 - INFO - File BROWSE.MYD11A1.A2020041.h28v08.061.2021005143225.2.jpg already downloaded
2025-12-25 22:38:04,354 - INFO - File BROWSE.MYD11A1.A2020041.h29v08.061.2021005143217.1.jpg already downloaded
2025-12-25 22:38:04,354 - INFO - File BROWSE.MYD11A1.A2020041.h29v08.061.2021005143217.2.jpg already downloaded
2025-12-25 22:38:04,354 - INFO - File MYD11A1.A2020041.h29v08.061.2021005143214.hdf already downloaded
2025-12-25 22:38:04,354 - INFO - File MYD11A1.A2020041.h29v08.061.2021005143214.cmr.xml already downloaded
2025-12-25 22:38:04,354 - INFO - File BROWSE.MYD11A1.A2020042.h27v08.061.2021005165233.1.jpg already downloaded
2025-12-25 22:38:04,355 - INFO - File MYD11A1.A2020042.h27v08.061.2021005165231.hdf already downloaded
2025-12-25 22:38:04,355 - INFO - File MYD11A1.A2020042.h27v08.061.2021005165231.cmr.xml already downloaded
2025-12-25 22:38:04,355 - INFO - File BROWSE.MYD11A1.A2020042.h27v08.061.2021005165233.2.jpg already downloaded
2025-12-25 22:38:04,355 - INFO - File BROWSE.MYD11A1.A2020042.h29v08.061.2021005165151.1.jpg already downloaded
2025-12-25 22:38:04,355 - INFO - File MYD11A1.A2020042.h29v08.061.2021005165149.hdf already downloaded
2025-12-25 22:38:04,356 - INFO - File BROWSE.MYD11A1.A2020042.h29v08.061.2021005165151.2.jpg already downloaded
2025-12-25 22:38:04,356 - INFO - File MYD11A1.A2020042.h29v08.061.2021005165149.cmr.xml already downloaded
2025-12-25 22:38:04,356 - INFO - File BROWSE.MYD11A1.A2020042.h28v08.061.2021005165257.1.jpg already downloaded
2025-12-25 22:38:04,356 - INFO - File BROWSE.MYD11A1.A2020042.h28v08.061.2021005165257.2.jpg already downloaded
2025-12-25 22:38:04,356 - INFO - File MYD11A1.A2020042.h28v08.061.2021005165255.hdf already downloaded
2025-12-25 22:38:04,357 - INFO - File MYD11A1.A2020042.h28v08.061.2021005165255.cmr.xml already downloaded
2025-12-25 22:38:04,357 - INFO - File BROWSE.MYD11A1.A2020043.h28v08.061.2021005165927.2.jpg already downloaded
2025-12-25 22:38:04,357 - INFO - File MYD11A1.A2020043.h28v08.061.2021005165923.cmr.xml already downloaded
2025-12-25 22:38:04,357 - INFO - File BROWSE.MYD11A1.A2020043.h28v08.061.2021005165927.1.jpg already downloaded
2025-12-25 22:38:04,357 - INFO - File MYD11A1.A2020043.h28v08.061.2021005165923.hdf already downloaded
2025-12-25 22:38:04,358 - INFO - File BROWSE.MYD11A1.A2020043.h29v08.061.2021005165839.1.jpg already downloaded
2025-12-25 22:38:04,358 - INFO - File BROWSE.MYD11A1.A2020043.h29v08.061.2021005165839.2.jpg already downloaded
2025-12-25 22:38:04,358 - INFO - File MYD11A1.A2020043.h29v08.061.2021005165837.cmr.xml already downloaded
2025-12-25 22:38:04,358 - INFO - File MYD11A1.A2020043.h29v08.061.2021005165837.hdf already downloaded
2025-12-25 22:38:04,358 - INFO - File MYD11A1.A2020043.h27v08.061.2021005165955.hdf already downloaded
2025-12-25 22:38:04,359 - INFO - File BROWSE.MYD11A1.A2020044.h28v08.061.2021005192600.1.jpg already downloaded
2025-12-25 22:38:04,359 - INFO - File BROWSE.MYD11A1.A2020044.h28v08.061.2021005192600.2.jpg already downloaded
2025-12-25 22:38:04,359 - INFO - File MYD11A1.A2020044.h28v08.061.2021005192558.hdf already downloaded
2025-12-25 22:38:04,359 - INFO - File MYD11A1.A2020044.h28v08.061.2021005192558.cmr.xml already downloaded
2025-12-25 22:38:04,359 - INFO - File BROWSE.MYD11A1.A2020044.h27v08.061.2021005192358.1.jpg already downloaded
2025-12-25 22:38:04,360 - INFO - File MYD11A1.A2020044.h27v08.061.2021005192355.hdf already downloaded
2025-12-25 22:38:04,360 - INFO - File BROWSE.MYD11A1.A2020044.h27v08.061.2021005192358.2.jpg already downloaded
2025-12-25 22:38:04,360 - INFO - File MYD11A1.A2020044.h27v08.061.2021005192355.cmr.xml already downloaded
2025-12-25 22:38:04,360 - INFO - File MYD11A1.A2020044.h29v08.061.2021005192437.hdf already downloaded
2025-12-25 22:38:04,360 - INFO - File BROWSE.MYD11A1.A2020044.h29v08.061.2021005192440.2.jpg already downloaded
2025-12-25 22:38:04,361 - INFO - File MYD11A1.A2020044.h29v08.061.2021005192437.cmr.xml already downloaded
2025-12-25 22:38:04,361 - INFO - File BROWSE.MYD11A1.A2020044.h29v08.061.2021005192440.1.jpg already downloaded
2025-12-25 22:38:04,361 - INFO - File BROWSE.MYD11A1.A2020045.h28v08.061.2021005193440.1.jpg already downloaded
2025-12-25 22:38:04,361 - INFO - File MYD11A1.A2020045.h28v08.061.2021005193435.hdf already downloaded
2025-12-25 22:38:04,361 - INFO - File MYD11A1.A2020045.h28v08.061.2021005193435.cmr.xml already downloaded
2025-12-25 22:38:04,361 - INFO - File BROWSE.MYD11A1.A2020045.h28v08.061.2021005193440.2.jpg already downloaded
2025-12-25 22:38:04,362 - INFO - File MYD11A1.A2020045.h27v08.061.2021005193551.cmr.xml already downloaded
2025-12-25 22:38:04,362 - INFO - File MYD11A1.A2020045.h27v08.061.2021005193551.hdf already downloaded
2025-12-25 22:38:04,362 - INFO - File BROWSE.MYD11A1.A2020045.h27v08.061.2021005193554.1.jpg already downloaded
2025-12-25 22:38:04,362 - INFO - File BROWSE.MYD11A1.A2020045.h27v08.061.2021005193554.2.jpg already downloaded
2025-12-25 22:38:04,362 - INFO - File BROWSE.MYD11A1.A2020045.h29v08.061.2021005193431.2.jpg already downloaded
2025-12-25 22:38:04,363 - INFO - File MYD11A1.A2020045.h29v08.061.2021005193428.cmr.xml already downloaded
2025-12-25 22:38:04,363 - INFO - File BROWSE.MYD11A1.A2020045.h29v08.061.2021005193431.1.jpg already downloaded
2025-12-25 22:38:04,363 - INFO - File MYD11A1.A2020045.h29v08.061.2021005193428.hdf already downloaded
2025-12-25 22:38:04,363 - INFO - File BROWSE.MYD11A1.A2020046.h27v08.061.2021005215314.1.jpg already downloaded
2025-12-25 22:38:04,363 - INFO - File MYD11A1.A2020046.h27v08.061.2021005215311.hdf already downloaded
2025-12-25 22:38:04,364 - INFO - File BROWSE.MYD11A1.A2020046.h27v08.061.2021005215314.2.jpg already downloaded
2025-12-25 22:38:04,364 - INFO - File MYD11A1.A2020046.h27v08.061.2021005215311.cmr.xml already downloaded
2025-12-25 22:38:04,364 - INFO - File BROWSE.MYD11A1.A2020046.h28v08.061.2021005215332.1.jpg already downloaded
2025-12-25 22:38:04,364 - INFO - File MYD11A1.A2020046.h28v08.061.2021005215325.hdf already downloaded
2025-12-25 22:38:04,364 - INFO - File BROWSE.MYD11A1.A2020046.h28v08.061.2021005215332.2.jpg already downloaded
2025-12-25 22:38:04,365 - INFO - File MYD11A1.A2020046.h28v08.061.2021005215325.cmr.xml already downloaded
2025-12-25 22:38:04,365 - INFO - File BROWSE.MYD11A1.A2020046.h29v08.061.2021005215329.1.jpg already downloaded
2025-12-25 22:38:04,365 - INFO - File BROWSE.MYD11A1.A2020046.h29v08.061.2021005215329.2.jpg already downloaded
2025-12-25 22:38:04,365 - INFO - File MYD11A1.A2020046.h29v08.061.2021005215326.hdf already downloaded
2025-12-25 22:38:04,365 - INFO - File MYD11A1.A2020046.h29v08.061.2021005215326.cmr.xml already downloaded
2025-12-25 22:38:04,366 - INFO - File BROWSE.MYD11A1.A2020047.h27v08.061.2021005220255.1.jpg already downloaded
2025-12-25 22:38:04,366 - INFO - File MYD11A1.A2020047.h27v08.061.2021005220251.hdf already downloaded
2025-12-25 22:38:04,366 - INFO - File MYD11A1.A2020047.h27v08.061.2021005220251.cmr.xml already downloaded
2025-12-25 22:38:04,366 - INFO - File BROWSE.MYD11A1.A2020047.h27v08.061.2021005220255.2.jpg already downloaded
2025-12-25 22:38:04,366 - INFO - File MYD11A1.A2020047.h28v08.061.2021005220252.hdf already downloaded
2025-12-25 22:38:04,367 - INFO - File MYD11A1.A2020047.h29v08.061.2021005220253.hdf already downloaded
2025-12-25 22:38:04,367 - INFO - File BROWSE.MYD11A1.A2020048.h29v08.061.2021005234251.1.jpg already downloaded
2025-12-25 22:38:04,367 - INFO - File BROWSE.MYD11A1.A2020048.h29v08.061.2021005234251.2.jpg already downloaded
2025-12-25 22:38:04,367 - INFO - File MYD11A1.A2020048.h29v08.061.2021005234248.hdf already downloaded
2025-12-25 22:38:04,367 - INFO - File MYD11A1.A2020048.h29v08.061.2021005234248.cmr.xml already downloaded
2025-12-25 22:38:04,368 - INFO - File MYD11A1.A2020048.h27v08.061.2021005234354.cmr.xml already downloaded
2025-12-25 22:38:04,368 - INFO - File BROWSE.MYD11A1.A2020048.h27v08.061.2021005234357.1.jpg already downloaded
2025-12-25 22:38:04,368 - INFO - File MYD11A1.A2020048.h27v08.061.2021005234354.hdf already downloaded
2025-12-25 22:38:04,368 - INFO - File BROWSE.MYD11A1.A2020048.h27v08.061.2021005234357.2.jpg already downloaded
2025-12-25 22:38:04,368 - INFO - File BROWSE.MYD11A1.A2020048.h28v08.061.2021005234530.2.jpg already downloaded
2025-12-25 22:38:04,368 - INFO - File MYD11A1.A2020048.h28v08.061.2021005234527.cmr.xml already downloaded
2025-12-25 22:38:04,369 - INFO - File MYD11A1.A2020048.h28v08.061.2021005234527.hdf already downloaded
2025-12-25 22:38:04,369 - INFO - File BROWSE.MYD11A1.A2020048.h28v08.061.2021005234530.1.jpg already downloaded
2025-12-25 22:38:04,369 - INFO - File BROWSE.MYD11A1.A2020049.h29v08.061.2021006000352.1.jpg already downloaded
2025-12-25 22:38:04,369 - INFO - File MYD11A1.A2020049.h29v08.061.2021006000350.cmr.xml already downloaded
2025-12-25 22:38:04,369 - INFO - File MYD11A1.A2020049.h29v08.061.2021006000350.hdf already downloaded
2025-12-25 22:38:04,370 - INFO - File BROWSE.MYD11A1.A2020049.h29v08.061.2021006000352.2.jpg already downloaded
2025-12-25 22:38:04,370 - INFO - File BROWSE.MYD11A1.A2020049.h28v08.061.2021006000409.1.jpg already downloaded
2025-12-25 22:38:04,370 - INFO - File BROWSE.MYD11A1.A2020049.h28v08.061.2021006000409.2.jpg already downloaded
2025-12-25 22:38:04,370 - INFO - File MYD11A1.A2020049.h28v08.061.2021006000407.hdf already downloaded
2025-12-25 22:38:04,370 - INFO - File MYD11A1.A2020049.h28v08.061.2021006000407.cmr.xml already downloaded
2025-12-25 22:38:04,371 - INFO - File BROWSE.MYD11A1.A2020049.h27v08.061.2021006000411.1.jpg already downloaded
2025-12-25 22:38:04,371 - INFO - File BROWSE.MYD11A1.A2020049.h27v08.061.2021006000411.2.jpg already downloaded
2025-12-25 22:38:04,371 - INFO - File MYD11A1.A2020049.h27v08.061.2021006000408.hdf already downloaded
2025-12-25 22:38:04,371 - INFO - File MYD11A1.A2020049.h27v08.061.2021006000408.cmr.xml already downloaded
2025-12-25 22:38:04,371 - INFO - File BROWSE.MYD11A1.A2020050.h27v08.061.2021006013342.1.jpg already downloaded
2025-12-25 22:38:04,371 - INFO - File BROWSE.MYD11A1.A2020050.h27v08.061.2021006013342.2.jpg already downloaded
2025-12-25 22:38:04,372 - INFO - File MYD11A1.A2020050.h27v08.061.2021006013338.hdf already downloaded
2025-12-25 22:38:04,372 - INFO - File MYD11A1.A2020050.h27v08.061.2021006013338.cmr.xml already downloaded
2025-12-25 22:38:04,372 - INFO - File BROWSE.MYD11A1.A2020050.h28v08.061.2021006013304.1.jpg already downloaded
2025-12-25 22:38:04,372 - INFO - File MYD11A1.A2020050.h28v08.061.2021006013300.hdf already downloaded
2025-12-25 22:38:04,372 - INFO - File MYD11A1.A2020050.h28v08.061.2021006013300.cmr.xml already downloaded
2025-12-25 22:38:04,373 - INFO - File BROWSE.MYD11A1.A2020050.h28v08.061.2021006013304.2.jpg already downloaded
2025-12-25 22:38:04,373 - INFO - File BROWSE.MYD11A1.A2020050.h29v08.061.2021006013244.1.jpg already downloaded
2025-12-25 22:38:04,373 - INFO - File MYD11A1.A2020050.h29v08.061.2021006013242.hdf already downloaded
2025-12-25 22:38:04,373 - INFO - File BROWSE.MYD11A1.A2020050.h29v08.061.2021006013244.2.jpg already downloaded
2025-12-25 22:38:04,373 - INFO - File MYD11A1.A2020050.h29v08.061.2021006013242.cmr.xml already downloaded
2025-12-25 22:38:04,374 - INFO - File MYD11A1.A2020051.h28v08.061.2021006020355.cmr.xml already downloaded
2025-12-25 22:38:04,374 - INFO - File BROWSE.MYD11A1.A2020051.h28v08.061.2021006020359.1.jpg already downloaded
2025-12-25 22:38:04,374 - INFO - File BROWSE.MYD11A1.A2020051.h28v08.061.2021006020359.2.jpg already downloaded
2025-12-25 22:38:04,374 - INFO - File MYD11A1.A2020051.h28v08.061.2021006020355.hdf already downloaded
2025-12-25 22:38:04,374 - INFO - File BROWSE.MYD11A1.A2020051.h27v08.061.2021006015726.1.jpg already downloaded
2025-12-25 22:38:04,375 - INFO - File BROWSE.MYD11A1.A2020051.h27v08.061.2021006015726.2.jpg already downloaded
2025-12-25 22:38:04,375 - INFO - File MYD11A1.A2020051.h27v08.061.2021006015722.cmr.xml already downloaded
2025-12-25 22:38:04,375 - INFO - File MYD11A1.A2020051.h27v08.061.2021006015722.hdf already downloaded
2025-12-25 22:38:04,375 - INFO - File MYD11A1.A2020051.h29v08.061.2021006015928.hdf already downloaded
2025-12-25 22:38:04,375 - INFO - File BROWSE.MYD11A1.A2020051.h29v08.061.2021006015931.1.jpg already downloaded
2025-12-25 22:38:04,376 - INFO - File BROWSE.MYD11A1.A2020051.h29v08.061.2021006015931.2.jpg already downloaded
2025-12-25 22:38:04,376 - INFO - File MYD11A1.A2020051.h29v08.061.2021006015928.cmr.xml already downloaded
2025-12-25 22:38:04,376 - INFO - File BROWSE.MYD11A1.A2020052.h28v08.061.2021006074619.1.jpg already downloaded
2025-12-25 22:38:04,376 - INFO - File BROWSE.MYD11A1.A2020052.h28v08.061.2021006074619.2.jpg already downloaded
2025-12-25 22:38:04,376 - INFO - File MYD11A1.A2020052.h28v08.061.2021006074613.hdf already downloaded
2025-12-25 22:38:04,377 - INFO - File MYD11A1.A2020052.h28v08.061.2021006074613.cmr.xml already downloaded
2025-12-25 22:38:04,377 - INFO - File BROWSE.MYD11A1.A2020052.h29v08.061.2021006082305.1.jpg already downloaded
2025-12-25 22:38:04,377 - INFO - File MYD11A1.A2020052.h29v08.061.2021006082300.cmr.xml already downloaded
2025-12-25 22:38:04,377 - INFO - File MYD11A1.A2020052.h29v08.061.2021006082300.hdf already downloaded
2025-12-25 22:38:04,377 - INFO - File BROWSE.MYD11A1.A2020052.h29v08.061.2021006082305.2.jpg already downloaded
2025-12-25 22:38:04,378 - INFO - File MYD11A1.A2020052.h27v08.061.2021006084023.hdf already downloaded
2025-12-25 22:38:04,378 - INFO - File MYD11A1.A2020052.h27v08.061.2021006084023.cmr.xml already downloaded
2025-12-25 22:38:04,378 - INFO - File BROWSE.MYD11A1.A2020052.h27v08.061.2021006084027.1.jpg already downloaded
2025-12-25 22:38:04,378 - INFO - File BROWSE.MYD11A1.A2020052.h27v08.061.2021006084027.2.jpg already downloaded
2025-12-25 22:38:04,378 - INFO - File BROWSE.MYD11A1.A2020053.h28v08.061.2021006113717.1.jpg already downloaded
2025-12-25 22:38:04,379 - INFO - File BROWSE.MYD11A1.A2020053.h28v08.061.2021006113717.2.jpg already downloaded
2025-12-25 22:38:04,379 - INFO - File MYD11A1.A2020053.h28v08.061.2021006113713.hdf already downloaded
2025-12-25 22:38:04,379 - INFO - File MYD11A1.A2020053.h28v08.061.2021006113713.cmr.xml already downloaded
2025-12-25 22:38:04,379 - INFO - File BROWSE.MYD11A1.A2020053.h29v08.061.2021006114516.1.jpg already downloaded
2025-12-25 22:38:04,379 - INFO - File BROWSE.MYD11A1.A2020053.h29v08.061.2021006114516.2.jpg already downloaded
2025-12-25 22:38:04,380 - INFO - File MYD11A1.A2020053.h29v08.061.2021006114513.hdf already downloaded
2025-12-25 22:38:04,380 - INFO - File MYD11A1.A2020053.h29v08.061.2021006114513.cmr.xml already downloaded
2025-12-25 22:38:04,380 - INFO - File BROWSE.MYD11A1.A2020053.h27v08.061.2021006120528.1.jpg already downloaded
2025-12-25 22:38:04,380 - INFO - File MYD11A1.A2020053.h27v08.061.2021006120526.cmr.xml already downloaded
2025-12-25 22:38:04,380 - INFO - File BROWSE.MYD11A1.A2020053.h27v08.061.2021006120528.2.jpg already downloaded
2025-12-25 22:38:04,381 - INFO - File MYD11A1.A2020053.h27v08.061.2021006120526.hdf already downloaded
2025-12-25 22:38:04,381 - INFO - File MYD11A1.A2020054.h27v08.061.2021006142058.hdf already downloaded
2025-12-25 22:38:04,381 - INFO - File BROWSE.MYD11A1.A2020054.h27v08.061.2021006142104.2.jpg already downloaded
2025-12-25 22:38:04,381 - INFO - File BROWSE.MYD11A1.A2020054.h27v08.061.2021006142104.1.jpg already downloaded
2025-12-25 22:38:04,381 - INFO - File MYD11A1.A2020054.h27v08.061.2021006142058.cmr.xml already downloaded
2025-12-25 22:38:04,381 - INFO - File BROWSE.MYD11A1.A2020054.h29v08.061.2021006142349.1.jpg already downloaded
2025-12-25 22:38:04,382 - INFO - File MYD11A1.A2020054.h29v08.061.2021006142346.cmr.xml already downloaded
2025-12-25 22:38:04,382 - INFO - File MYD11A1.A2020054.h29v08.061.2021006142346.hdf already downloaded
2025-12-25 22:38:04,382 - INFO - File BROWSE.MYD11A1.A2020054.h29v08.061.2021006142349.2.jpg already downloaded
2025-12-25 22:38:04,382 - INFO - File BROWSE.MYD11A1.A2020054.h28v08.061.2021006142647.1.jpg already downloaded
2025-12-25 22:38:04,382 - INFO - File MYD11A1.A2020054.h28v08.061.2021006142643.hdf already downloaded
2025-12-25 22:38:04,383 - INFO - File BROWSE.MYD11A1.A2020054.h28v08.061.2021006142647.2.jpg already downloaded
2025-12-25 22:38:04,383 - INFO - File MYD11A1.A2020054.h28v08.061.2021006142643.cmr.xml already downloaded
2025-12-25 22:38:04,383 - INFO - File BROWSE.MYD11A1.A2020055.h29v08.061.2021006143813.1.jpg already downloaded
2025-12-25 22:38:04,383 - INFO - File MYD11A1.A2020055.h29v08.061.2021006143811.hdf already downloaded
2025-12-25 22:38:04,383 - INFO - File BROWSE.MYD11A1.A2020055.h29v08.061.2021006143813.2.jpg already downloaded
2025-12-25 22:38:04,383 - INFO - File MYD11A1.A2020055.h29v08.061.2021006143811.cmr.xml already downloaded
2025-12-25 22:38:04,384 - INFO - File BROWSE.MYD11A1.A2020055.h27v08.061.2021006143755.2.jpg already downloaded
2025-12-25 22:38:04,384 - INFO - File BROWSE.MYD11A1.A2020055.h27v08.061.2021006143755.1.jpg already downloaded
2025-12-25 22:38:04,384 - INFO - File MYD11A1.A2020055.h27v08.061.2021006143753.hdf already downloaded
2025-12-25 22:38:04,384 - INFO - File MYD11A1.A2020055.h27v08.061.2021006143753.cmr.xml already downloaded
2025-12-25 22:38:04,384 - INFO - File MYD11A1.A2020055.h28v08.061.2021006143808.cmr.xml already downloaded
2025-12-25 22:38:04,385 - INFO - File BROWSE.MYD11A1.A2020055.h28v08.061.2021006143811.1.jpg already downloaded
2025-12-25 22:38:04,385 - INFO - File BROWSE.MYD11A1.A2020055.h28v08.061.2021006143811.2.jpg already downloaded
2025-12-25 22:38:04,385 - INFO - File MYD11A1.A2020055.h28v08.061.2021006143808.hdf already downloaded
2025-12-25 22:38:04,385 - INFO - File BROWSE.MYD11A1.A2020056.h27v08.061.2021006162152.2.jpg already downloaded
2025-12-25 22:38:04,385 - INFO - File MYD11A1.A2020056.h27v08.061.2021006162148.hdf already downloaded
2025-12-25 22:38:04,386 - INFO - File BROWSE.MYD11A1.A2020056.h27v08.061.2021006162152.1.jpg already downloaded
2025-12-25 22:38:04,386 - INFO - File MYD11A1.A2020056.h27v08.061.2021006162148.cmr.xml already downloaded
2025-12-25 22:38:04,386 - INFO - File BROWSE.MYD11A1.A2020056.h28v08.061.2021006162204.1.jpg already downloaded
2025-12-25 22:38:04,386 - INFO - File MYD11A1.A2020056.h28v08.061.2021006162200.cmr.xml already downloaded
2025-12-25 22:38:04,386 - INFO - File BROWSE.MYD11A1.A2020056.h28v08.061.2021006162204.2.jpg already downloaded
2025-12-25 22:38:04,387 - INFO - File MYD11A1.A2020056.h28v08.061.2021006162200.hdf already downloaded
2025-12-25 22:38:04,387 - INFO - File BROWSE.MYD11A1.A2020056.h29v08.061.2021006162241.1.jpg already downloaded
2025-12-25 22:38:04,387 - INFO - File MYD11A1.A2020056.h29v08.061.2021006162239.hdf already downloaded
2025-12-25 22:38:04,387 - INFO - File BROWSE.MYD11A1.A2020056.h29v08.061.2021006162241.2.jpg already downloaded
2025-12-25 22:38:04,387 - INFO - File MYD11A1.A2020056.h29v08.061.2021006162239.cmr.xml already downloaded
2025-12-25 22:38:04,387 - INFO - File BROWSE.MYD11A1.A2020057.h29v08.061.2021006162551.1.jpg already downloaded
2025-12-25 22:38:04,388 - INFO - File BROWSE.MYD11A1.A2020057.h29v08.061.2021006162551.2.jpg already downloaded
2025-12-25 22:38:04,388 - INFO - File MYD11A1.A2020057.h29v08.061.2021006162549.hdf already downloaded
2025-12-25 22:38:04,388 - INFO - File MYD11A1.A2020057.h29v08.061.2021006162549.cmr.xml already downloaded
2025-12-25 22:38:04,388 - INFO - File BROWSE.MYD11A1.A2020057.h28v08.061.2021006162537.1.jpg already downloaded
2025-12-25 22:38:04,388 - INFO - File BROWSE.MYD11A1.A2020057.h28v08.061.2021006162537.2.jpg already downloaded
2025-12-25 22:38:04,389 - INFO - File MYD11A1.A2020057.h28v08.061.2021006162535.hdf already downloaded
2025-12-25 22:38:04,389 - INFO - File MYD11A1.A2020057.h28v08.061.2021006162535.cmr.xml already downloaded
2025-12-25 22:38:04,389 - INFO - File MYD11A1.A2020057.h27v08.061.2021006162531.hdf already downloaded
2025-12-25 22:38:04,389 - INFO - File MYD11A1.A2020057.h27v08.061.2021006162531.cmr.xml already downloaded
2025-12-25 22:38:04,389 - INFO - File BROWSE.MYD11A1.A2020057.h27v08.061.2021006162533.1.jpg already downloaded
2025-12-25 22:38:04,390 - INFO - File BROWSE.MYD11A1.A2020057.h27v08.061.2021006162533.2.jpg already downloaded
2025-12-25 22:38:04,390 - INFO - File BROWSE.MYD11A1.A2020058.h28v08.061.2021006181148.1.jpg already downloaded
2025-12-25 22:38:04,390 - INFO - File MYD11A1.A2020058.h28v08.061.2021006181144.cmr.xml already downloaded
2025-12-25 22:38:04,390 - INFO - File BROWSE.MYD11A1.A2020058.h28v08.061.2021006181148.2.jpg already downloaded
2025-12-25 22:38:04,390 - INFO - File MYD11A1.A2020058.h28v08.061.2021006181144.hdf already downloaded
2025-12-25 22:38:04,391 - INFO - File MYD11A1.A2020058.h27v08.061.2021006181149.hdf already downloaded
2025-12-25 22:38:04,391 - INFO - File BROWSE.MYD11A1.A2020058.h27v08.061.2021006181152.1.jpg already downloaded
2025-12-25 22:38:04,391 - INFO - File MYD11A1.A2020058.h27v08.061.2021006181149.cmr.xml already downloaded
2025-12-25 22:38:04,391 - INFO - File BROWSE.MYD11A1.A2020058.h27v08.061.2021006181152.2.jpg already downloaded
2025-12-25 22:38:04,391 - INFO - File BROWSE.MYD11A1.A2020058.h29v08.061.2021006181242.1.jpg already downloaded
2025-12-25 22:38:04,392 - INFO - File MYD11A1.A2020058.h29v08.061.2021006181236.hdf already downloaded
2025-12-25 22:38:04,392 - INFO - File MYD11A1.A2020058.h29v08.061.2021006181236.cmr.xml already downloaded
2025-12-25 22:38:04,392 - INFO - File BROWSE.MYD11A1.A2020058.h29v08.061.2021006181242.2.jpg already downloaded
2025-12-25 22:38:04,392 - INFO - File BROWSE.MYD11A1.A2020059.h28v08.061.2021006181640.2.jpg already downloaded
2025-12-25 22:38:04,392 - INFO - File BROWSE.MYD11A1.A2020059.h28v08.061.2021006181640.1.jpg already downloaded
2025-12-25 22:38:04,393 - INFO - File MYD11A1.A2020059.h28v08.061.2021006181636.cmr.xml already downloaded
2025-12-25 22:38:04,393 - INFO - File MYD11A1.A2020059.h28v08.061.2021006181636.hdf already downloaded
2025-12-25 22:38:04,393 - INFO - File BROWSE.MYD11A1.A2020059.h29v08.061.2021006181633.1.jpg already downloaded
2025-12-25 22:38:04,393 - INFO - File MYD11A1.A2020059.h29v08.061.2021006181629.hdf already downloaded
2025-12-25 22:38:04,393 - INFO - File BROWSE.MYD11A1.A2020059.h29v08.061.2021006181633.2.jpg already downloaded
2025-12-25 22:38:04,394 - INFO - File MYD11A1.A2020059.h29v08.061.2021006181629.cmr.xml already downloaded
2025-12-25 22:38:04,394 - INFO - File BROWSE.MYD11A1.A2020059.h27v08.061.2021006181635.1.jpg already downloaded
2025-12-25 22:38:04,394 - INFO - File BROWSE.MYD11A1.A2020059.h27v08.061.2021006181635.2.jpg already downloaded
2025-12-25 22:38:04,394 - INFO - File MYD11A1.A2020059.h27v08.061.2021006181629.hdf already downloaded
2025-12-25 22:38:04,394 - INFO - File MYD11A1.A2020059.h27v08.061.2021006181629.cmr.xml already downloaded
2025-12-25 22:38:04,394 - INFO - File BROWSE.MYD11A1.A2020060.h28v08.061.2021006200648.1.jpg already downloaded
2025-12-25 22:38:04,395 - INFO - File BROWSE.MYD11A1.A2020060.h28v08.061.2021006200648.2.jpg already downloaded
2025-12-25 22:38:04,395 - INFO - File MYD11A1.A2020060.h28v08.061.2021006200644.cmr.xml already downloaded
2025-12-25 22:38:04,395 - INFO - File MYD11A1.A2020060.h28v08.061.2021006200644.hdf already downloaded
2025-12-25 22:38:04,395 - INFO - File MYD11A1.A2020060.h29v08.061.2021006200658.hdf already downloaded
2025-12-25 22:38:04,395 - INFO - File MYD11A1.A2020060.h27v08.061.2021006200718.hdf already downloaded
2025-12-25 22:38:04,396 - INFO - File BROWSE.MYD11A1.A2020061.h29v08.061.2021006201101.1.jpg already downloaded
2025-12-25 22:38:04,396 - INFO - File MYD11A1.A2020061.h29v08.061.2021006201058.hdf already downloaded
2025-12-25 22:38:04,396 - INFO - File BROWSE.MYD11A1.A2020061.h29v08.061.2021006201101.2.jpg already downloaded
2025-12-25 22:38:04,396 - INFO - File MYD11A1.A2020061.h29v08.061.2021006201058.cmr.xml already downloaded
2025-12-25 22:38:04,396 - INFO - File MYD11A1.A2020061.h28v08.061.2021006201045.hdf already downloaded
2025-12-25 22:38:04,397 - INFO - File BROWSE.MYD11A1.A2020061.h27v08.061.2021006201051.1.jpg already downloaded
2025-12-25 22:38:04,397 - INFO - File BROWSE.MYD11A1.A2020061.h27v08.061.2021006201051.2.jpg already downloaded
2025-12-25 22:38:04,397 - INFO - File MYD11A1.A2020061.h27v08.061.2021006201048.hdf already downloaded
2025-12-25 22:38:04,397 - INFO - File MYD11A1.A2020061.h27v08.061.2021006201048.cmr.xml already downloaded
2025-12-25 22:38:04,397 - INFO - File BROWSE.MYD11A1.A2020062.h28v08.061.2021006214406.1.jpg already downloaded
2025-12-25 22:38:04,397 - INFO - File BROWSE.MYD11A1.A2020062.h28v08.061.2021006214406.2.jpg already downloaded
2025-12-25 22:38:04,398 - INFO - File MYD11A1.A2020062.h28v08.061.2021006214359.hdf already downloaded
2025-12-25 22:38:04,398 - INFO - File MYD11A1.A2020062.h28v08.061.2021006214359.cmr.xml already downloaded
2025-12-25 22:38:04,398 - INFO - File BROWSE.MYD11A1.A2020062.h27v08.061.2021006214347.1.jpg already downloaded
2025-12-25 22:38:04,398 - INFO - File BROWSE.MYD11A1.A2020062.h27v08.061.2021006214347.2.jpg already downloaded
2025-12-25 22:38:04,398 - INFO - File MYD11A1.A2020062.h27v08.061.2021006214343.cmr.xml already downloaded
2025-12-25 22:38:04,399 - INFO - File MYD11A1.A2020062.h27v08.061.2021006214343.hdf already downloaded
2025-12-25 22:38:04,399 - INFO - File BROWSE.MYD11A1.A2020062.h29v08.061.2021006214507.1.jpg already downloaded
2025-12-25 22:38:04,399 - INFO - File MYD11A1.A2020062.h29v08.061.2021006214502.hdf already downloaded
2025-12-25 22:38:04,399 - INFO - File BROWSE.MYD11A1.A2020062.h29v08.061.2021006214507.2.jpg already downloaded
2025-12-25 22:38:04,399 - INFO - File MYD11A1.A2020062.h29v08.061.2021006214502.cmr.xml already downloaded
2025-12-25 22:38:04,400 - INFO - File BROWSE.MYD11A1.A2020063.h29v08.061.2021006214745.2.jpg already downloaded
2025-12-25 22:38:04,400 - INFO - File BROWSE.MYD11A1.A2020063.h29v08.061.2021006214745.1.jpg already downloaded
2025-12-25 22:38:04,400 - INFO - File MYD11A1.A2020063.h29v08.061.2021006214741.cmr.xml already downloaded
2025-12-25 22:38:04,400 - INFO - File MYD11A1.A2020063.h29v08.061.2021006214741.hdf already downloaded
2025-12-25 22:38:04,400 - INFO - File BROWSE.MYD11A1.A2020063.h28v08.061.2021006214746.1.jpg already downloaded
2025-12-25 22:38:04,401 - INFO - File BROWSE.MYD11A1.A2020063.h28v08.061.2021006214746.2.jpg already downloaded
2025-12-25 22:38:04,401 - INFO - File MYD11A1.A2020063.h28v08.061.2021006214742.hdf already downloaded
2025-12-25 22:38:04,401 - INFO - File MYD11A1.A2020063.h28v08.061.2021006214742.cmr.xml already downloaded
2025-12-25 22:38:04,401 - INFO - File BROWSE.MYD11A1.A2020063.h27v08.061.2021006214731.1.jpg already downloaded
2025-12-25 22:38:04,401 - INFO - File MYD11A1.A2020063.h27v08.061.2021006214728.hdf already downloaded
2025-12-25 22:38:04,401 - INFO - File MYD11A1.A2020063.h27v08.061.2021006214728.cmr.xml already downloaded
2025-12-25 22:38:04,403 - INFO - File BROWSE.MYD11A1.A2020063.h27v08.061.2021006214731.2.jpg already downloaded
2025-12-25 22:38:04,403 - INFO - File BROWSE.MYD11A1.A2020064.h29v08.061.2021006233204.1.jpg already downloaded
2025-12-25 22:38:04,404 - INFO - File MYD11A1.A2020064.h29v08.061.2021006233202.hdf already downloaded
2025-12-25 22:38:04,404 - INFO - File BROWSE.MYD11A1.A2020064.h29v08.061.2021006233204.2.jpg already downloaded
2025-12-25 22:38:04,404 - INFO - File MYD11A1.A2020064.h29v08.061.2021006233202.cmr.xml already downloaded
2025-12-25 22:38:04,404 - INFO - File BROWSE.MYD11A1.A2020064.h28v08.061.2021006233241.2.jpg already downloaded
2025-12-25 22:38:04,404 - INFO - File BROWSE.MYD11A1.A2020064.h28v08.061.2021006233241.1.jpg already downloaded
2025-12-25 22:38:04,405 - INFO - File MYD11A1.A2020064.h28v08.061.2021006233234.hdf already downloaded
2025-12-25 22:38:04,405 - INFO - File MYD11A1.A2020064.h28v08.061.2021006233234.cmr.xml already downloaded
2025-12-25 22:38:04,405 - INFO - File BROWSE.MYD11A1.A2020064.h27v08.061.2021006233236.1.jpg already downloaded
2025-12-25 22:38:04,405 - INFO - File MYD11A1.A2020064.h27v08.061.2021006233229.cmr.xml already downloaded
2025-12-25 22:38:04,405 - INFO - File MYD11A1.A2020064.h27v08.061.2021006233229.hdf already downloaded
2025-12-25 22:38:04,406 - INFO - File BROWSE.MYD11A1.A2020064.h27v08.061.2021006233236.2.jpg already downloaded
2025-12-25 22:38:04,406 - INFO - File BROWSE.MYD11A1.A2020065.h29v08.061.2021006233550.1.jpg already downloaded
2025-12-25 22:38:04,406 - INFO - File MYD11A1.A2020065.h29v08.061.2021006233546.hdf already downloaded
2025-12-25 22:38:04,406 - INFO - File BROWSE.MYD11A1.A2020065.h29v08.061.2021006233550.2.jpg already downloaded
2025-12-25 22:38:04,406 - INFO - File MYD11A1.A2020065.h29v08.061.2021006233546.cmr.xml already downloaded
2025-12-25 22:38:04,407 - INFO - File BROWSE.MYD11A1.A2020065.h27v08.061.2021006233537.1.jpg already downloaded
2025-12-25 22:38:04,407 - INFO - File MYD11A1.A2020065.h27v08.061.2021006233534.cmr.xml already downloaded
2025-12-25 22:38:04,407 - INFO - File BROWSE.MYD11A1.A2020065.h27v08.061.2021006233537.2.jpg already downloaded
2025-12-25 22:38:04,407 - INFO - File MYD11A1.A2020065.h27v08.061.2021006233534.hdf already downloaded
2025-12-25 22:38:04,407 - INFO - File MYD11A1.A2020065.h28v08.061.2021006233555.hdf already downloaded
2025-12-25 22:38:04,407 - INFO - File MYD11A1.A2020065.h28v08.061.2021006233555.cmr.xml already downloaded
2025-12-25 22:38:04,408 - INFO - File BROWSE.MYD11A1.A2020065.h28v08.061.2021006233601.1.jpg already downloaded
2025-12-25 22:38:04,408 - INFO - File BROWSE.MYD11A1.A2020065.h28v08.061.2021006233601.2.jpg already downloaded
2025-12-25 22:38:04,408 - INFO - File BROWSE.MYD11A1.A2020066.h28v08.061.2021007011128.1.jpg already downloaded
2025-12-25 22:38:04,408 - INFO - File MYD11A1.A2020066.h28v08.061.2021007011120.hdf already downloaded
2025-12-25 22:38:04,408 - INFO - File BROWSE.MYD11A1.A2020066.h28v08.061.2021007011128.2.jpg already downloaded
2025-12-25 22:38:04,409 - INFO - File MYD11A1.A2020066.h28v08.061.2021007011120.cmr.xml already downloaded
2025-12-25 22:38:04,409 - INFO - File BROWSE.MYD11A1.A2020066.h29v08.061.2021007011112.1.jpg already downloaded
2025-12-25 22:38:04,409 - INFO - File BROWSE.MYD11A1.A2020066.h29v08.061.2021007011112.2.jpg already downloaded
2025-12-25 22:38:04,409 - INFO - File MYD11A1.A2020066.h29v08.061.2021007011109.hdf already downloaded
2025-12-25 22:38:04,409 - INFO - File MYD11A1.A2020066.h29v08.061.2021007011109.cmr.xml already downloaded
2025-12-25 22:38:04,410 - INFO - File BROWSE.MYD11A1.A2020066.h27v08.061.2021007011222.1.jpg already downloaded
2025-12-25 22:38:04,410 - INFO - File MYD11A1.A2020066.h27v08.061.2021007011216.hdf already downloaded
2025-12-25 22:38:04,410 - INFO - File MYD11A1.A2020066.h27v08.061.2021007011216.cmr.xml already downloaded
2025-12-25 22:38:04,410 - INFO - File BROWSE.MYD11A1.A2020066.h27v08.061.2021007011222.2.jpg already downloaded
2025-12-25 22:38:04,410 - INFO - File MYD11A1.A2020067.h27v08.061.2021007011505.hdf already downloaded
2025-12-25 22:38:04,411 - INFO - File BROWSE.MYD11A1.A2020067.h27v08.061.2021007011508.1.jpg already downloaded
2025-12-25 22:38:04,411 - INFO - File MYD11A1.A2020067.h27v08.061.2021007011505.cmr.xml already downloaded
2025-12-25 22:38:04,411 - INFO - File BROWSE.MYD11A1.A2020067.h27v08.061.2021007011508.2.jpg already downloaded
2025-12-25 22:38:04,411 - INFO - File BROWSE.MYD11A1.A2020067.h29v08.061.2021007011510.1.jpg already downloaded
2025-12-25 22:38:04,411 - INFO - File MYD11A1.A2020067.h29v08.061.2021007011508.cmr.xml already downloaded
2025-12-25 22:38:04,412 - INFO - File BROWSE.MYD11A1.A2020067.h29v08.061.2021007011510.2.jpg already downloaded
2025-12-25 22:38:04,412 - INFO - File MYD11A1.A2020067.h29v08.061.2021007011508.hdf already downloaded
2025-12-25 22:38:04,412 - INFO - File BROWSE.MYD11A1.A2020067.h28v08.061.2021007011521.1.jpg already downloaded
2025-12-25 22:38:04,412 - INFO - File BROWSE.MYD11A1.A2020067.h28v08.061.2021007011521.2.jpg already downloaded
2025-12-25 22:38:04,412 - INFO - File MYD11A1.A2020067.h28v08.061.2021007011515.hdf already downloaded
2025-12-25 22:38:04,413 - INFO - File MYD11A1.A2020067.h28v08.061.2021007011515.cmr.xml already downloaded
2025-12-25 22:38:04,413 - INFO - File BROWSE.MYD11A1.A2020068.h28v08.061.2021007025048.1.jpg already downloaded
2025-12-25 22:38:04,413 - INFO - File MYD11A1.A2020068.h28v08.061.2021007025046.hdf already downloaded
2025-12-25 22:38:04,413 - INFO - File BROWSE.MYD11A1.A2020068.h28v08.061.2021007025048.2.jpg already downloaded
2025-12-25 22:38:04,413 - INFO - File MYD11A1.A2020068.h28v08.061.2021007025046.cmr.xml already downloaded
2025-12-25 22:38:04,414 - INFO - File MYD11A1.A2020068.h27v08.061.2021007025039.cmr.xml already downloaded
2025-12-25 22:38:04,414 - INFO - File MYD11A1.A2020068.h27v08.061.2021007025039.hdf already downloaded
2025-12-25 22:38:04,414 - INFO - File BROWSE.MYD11A1.A2020068.h27v08.061.2021007025043.1.jpg already downloaded
2025-12-25 22:38:04,414 - INFO - File BROWSE.MYD11A1.A2020068.h27v08.061.2021007025043.2.jpg already downloaded
2025-12-25 22:38:04,414 - INFO - File BROWSE.MYD11A1.A2020068.h29v08.061.2021007025145.1.jpg already downloaded
2025-12-25 22:38:04,415 - INFO - File BROWSE.MYD11A1.A2020068.h29v08.061.2021007025145.2.jpg already downloaded
2025-12-25 22:38:04,415 - INFO - File MYD11A1.A2020068.h29v08.061.2021007025141.hdf already downloaded
2025-12-25 22:38:04,415 - INFO - File MYD11A1.A2020068.h29v08.061.2021007025141.cmr.xml already downloaded
2025-12-25 22:38:04,415 - INFO - File BROWSE.MYD11A1.A2020069.h27v08.061.2021007025440.1.jpg already downloaded
2025-12-25 22:38:04,415 - INFO - File BROWSE.MYD11A1.A2020069.h27v08.061.2021007025440.2.jpg already downloaded
2025-12-25 22:38:04,416 - INFO - File MYD11A1.A2020069.h27v08.061.2021007025437.hdf already downloaded
2025-12-25 22:38:04,416 - INFO - File MYD11A1.A2020069.h27v08.061.2021007025437.cmr.xml already downloaded
2025-12-25 22:38:04,416 - INFO - File BROWSE.MYD11A1.A2020069.h29v08.061.2021007025520.1.jpg already downloaded
2025-12-25 22:38:04,416 - INFO - File MYD11A1.A2020069.h29v08.061.2021007025516.hdf already downloaded
2025-12-25 22:38:04,417 - INFO - File BROWSE.MYD11A1.A2020069.h29v08.061.2021007025520.2.jpg already downloaded
2025-12-25 22:38:04,417 - INFO - File MYD11A1.A2020069.h29v08.061.2021007025516.cmr.xml already downloaded
2025-12-25 22:38:04,417 - INFO - File MYD11A1.A2020069.h28v08.061.2021007025501.cmr.xml already downloaded
2025-12-25 22:38:04,417 - INFO - File BROWSE.MYD11A1.A2020069.h28v08.061.2021007025504.1.jpg already downloaded
2025-12-25 22:38:04,417 - INFO - File MYD11A1.A2020069.h28v08.061.2021007025501.hdf already downloaded
2025-12-25 22:38:04,418 - INFO - File BROWSE.MYD11A1.A2020069.h28v08.061.2021007025504.2.jpg already downloaded
2025-12-25 22:38:04,418 - INFO - File BROWSE.MYD11A1.A2020070.h29v08.061.2021007043344.2.jpg already downloaded
2025-12-25 22:38:04,418 - INFO - File MYD11A1.A2020070.h29v08.061.2021007043341.cmr.xml already downloaded
2025-12-25 22:38:04,418 - INFO - File MYD11A1.A2020070.h29v08.061.2021007043341.hdf already downloaded
2025-12-25 22:38:04,419 - INFO - File BROWSE.MYD11A1.A2020070.h29v08.061.2021007043344.1.jpg already downloaded
2025-12-25 22:38:04,419 - INFO - File BROWSE.MYD11A1.A2020070.h28v08.061.2021007043400.2.jpg already downloaded
2025-12-25 22:38:04,419 - INFO - File BROWSE.MYD11A1.A2020070.h28v08.061.2021007043400.1.jpg already downloaded
2025-12-25 23:29:11,081 - INFO - MYD11A1 download complete.
