nohup: ignoring input
2026-01-23 03:38:04,768 - INFO - ============================================================
2026-01-23 03:38:04,768 - INFO - SMAP L4 Soil Moisture Download - Robust Version
2026-01-23 03:38:04,769 - INFO - ============================================================
2026-01-23 03:38:04,769 - INFO - Authenticating with NASA Earthdata...
2026-01-23 03:38:05,981 - INFO - You're now authenticated with NASA Earthdata Login
2026-01-23 03:38:10,698 - INFO - Successfully authenticated with NASA Earthdata
2026-01-23 03:38:10,698 - INFO - Searching for SPL4SMGP Version 008...
2026-01-23 03:38:11,431 - INFO - Datasets found: 1
2026-01-23 03:38:12,053 - INFO - Target Collection Concept ID: C3480440870-NSIDC_CPRD
2026-01-23 03:38:21,118 - INFO - Months to process: 59
2026-01-23 03:38:21,118 - INFO - 
============================================================
2026-01-23 03:38:21,118 - INFO - Processing 2020-02 (1/59)
2026-01-23 03:38:21,118 - INFO - ============================================================
2026-01-23 03:38:21,118 - INFO - [2020-02] Attempt 1/3 via Harmony monthly
2026-01-23 03:38:21,118 - INFO - Submitting Harmony job for 2020-02 (2020-02-01 to 2020-02-29)...
2026-01-23 03:38:23,104 - INFO - Job ID: a1798258-7900-4112-8da7-b7ee5fe25c11
2026-01-23 03:38:34,384 - INFO -   Progress: 2%
2026-01-23 03:38:46,967 - INFO -   Progress: 3%
2026-01-23 03:39:02,713 - INFO -   Progress: 4%
2026-01-23 03:39:20,733 - INFO -   Progress: 9%
2026-01-23 03:39:42,328 - INFO -   Progress: 17%
2026-01-23 03:40:07,716 - INFO -   Progress: 28%
2026-01-23 03:40:38,168 - INFO -   Progress: 41%
2026-01-23 03:41:14,544 - INFO -   Progress: 64%
