2026-01-25 21:34:18,082 [INFO] ============================================================
2026-01-25 21:34:18,082 [INFO]        GPM IMERG FORENSIC AUDIT V3 (V07B ADAPTED)       
2026-01-25 21:34:18,083 [INFO] ============================================================
2026-01-25 21:34:18,306 [INFO] Inspecting sample file: 3B-HHR.MS.MRG.3IMERG.20250115-S010000-E012959.0060.V07B.HDF5
2026-01-25 21:34:18,307 [INFO]   -> MATCH: Found variable at 'Grid/precipitation'
2026-01-25 21:34:18,308 [INFO] Using Target Variable: 'Grid/precipitation'
2026-01-25 21:34:18,308 [INFO] Workers: 16
2026-01-25 21:34:18,325 [INFO] Audit Scope: 17520 slots
2026-01-25 21:34:18,325 [INFO] Starting Parallel Scan...
2026-01-25 21:45:19,990 [INFO] 
============================================================
2026-01-25 21:45:19,990 [INFO]              FINAL INTEGRITY REPORT                 
2026-01-25 21:45:19,991 [INFO] ============================================================
2026-01-25 21:45:19,991 [INFO] Total Scanned:   17520
2026-01-25 21:45:19,991 [INFO] ----------------------------------------
2026-01-25 21:45:19,991 [INFO] ✅ OK:             11663
2026-01-25 21:45:19,991 [INFO] ❌ MISSING:        5857
2026-01-25 21:45:19,991 [INFO] 💀 CORRUPT:        0
2026-01-25 21:45:19,991 [INFO] ============================================================
2026-01-25 21:45:20,070 [INFO] Report saved: gpm_imerg_audit_report_v3.csv
2026-01-26 20:08:57,160 [INFO] ============================================================
2026-01-26 20:08:57,161 [INFO]        GPM IMERG FORENSIC AUDIT V3 (V07B ADAPTED)       
2026-01-26 20:08:57,161 [INFO] ============================================================
2026-01-26 20:08:57,498 [ERROR] CRITICAL: No files found in directory tree!
2026-01-26 20:09:51,432 [INFO] ============================================================
2026-01-26 20:09:51,432 [INFO]        GPM IMERG FORENSIC AUDIT V3 (V07B ADAPTED)       
2026-01-26 20:09:51,432 [INFO] ============================================================
2026-01-26 20:09:54,205 [INFO] Inspecting sample file: 3B-HHR-L.MS.MRG.3IMERG.20250101-S020000-E022959.0120.V07B.HDF5
2026-01-26 20:09:54,207 [INFO]   -> MATCH: Found variable at 'Grid/precipitation'
2026-01-26 20:09:54,207 [INFO] Using Target Variable: 'Grid/precipitation'
2026-01-26 20:09:54,207 [INFO] Workers: 16
2026-01-26 20:09:54,224 [INFO] Audit Scope: 17520 slots
2026-01-26 20:09:54,224 [INFO] Starting Parallel Scan...
2026-01-26 20:13:36,239 [INFO] 
============================================================
2026-01-26 20:13:36,239 [INFO]              FINAL INTEGRITY REPORT                 
2026-01-26 20:13:36,239 [INFO] ============================================================
2026-01-26 20:13:36,240 [INFO] Total Scanned:   17520
2026-01-26 20:13:36,240 [INFO] ----------------------------------------
2026-01-26 20:13:36,240 [INFO] ✅ OK:             17520
2026-01-26 20:13:36,240 [INFO] ❌ MISSING:        0
2026-01-26 20:13:36,240 [INFO] 💀 CORRUPT:        0
2026-01-26 20:13:36,240 [INFO] ============================================================
2026-01-26 20:13:36,338 [INFO] Report saved: gpm_imerg_audit_report_v3.csv
2026-03-13 02:34:51,166 [INFO] ============================================================
2026-03-13 02:34:51,166 [INFO]        GPM IMERG FORENSIC AUDIT V3 (V07B ADAPTED)       
2026-03-13 02:34:51,166 [INFO] ============================================================
2026-03-13 02:34:51,421 [INFO] Inspecting sample file: 3B-HHR.MS.MRG.3IMERG.20240101-S003000-E005959.0030.V07B.HDF5
2026-03-13 02:34:51,801 [INFO]   -> MATCH: Found variable at 'Grid/precipitation'
2026-03-13 02:34:51,802 [INFO] Using Target Variable: 'Grid/precipitation'
2026-03-13 02:34:51,802 [INFO] Workers: 16
2026-03-13 02:34:51,828 [INFO] Audit Scope: 17520 slots
2026-03-13 02:34:51,829 [INFO] Starting Parallel Scan...
2026-03-13 02:34:52,171 [INFO] 
============================================================
2026-03-13 02:34:52,172 [INFO]              FINAL INTEGRITY REPORT                 
2026-03-13 02:34:52,172 [INFO] ============================================================
2026-03-13 02:34:52,172 [INFO] Total Scanned:   17520
2026-03-13 02:34:52,172 [INFO] ----------------------------------------
2026-03-13 02:34:52,172 [INFO] ✅ OK:             0
2026-03-13 02:34:52,172 [INFO] ❌ MISSING:        17520
2026-03-13 02:34:52,172 [INFO] 💀 CORRUPT:        0
2026-03-13 02:34:52,172 [INFO] ============================================================
2026-03-13 02:34:52,209 [INFO] Report saved: gpm_imerg_audit_report_v3.csv
2026-03-13 02:35:31,327 [INFO] ============================================================
2026-03-13 02:35:31,327 [INFO]        GPM IMERG FORENSIC AUDIT V3 (V07B ADAPTED)       
2026-03-13 02:35:31,327 [INFO] ============================================================
2026-03-13 02:35:31,598 [INFO] Inspecting sample file: 3B-HHR.MS.MRG.3IMERG.20240101-S003000-E005959.0030.V07B.HDF5
2026-03-13 02:35:31,599 [INFO]   -> MATCH: Found variable at 'Grid/precipitation'
2026-03-13 02:35:31,600 [INFO] Using Target Variable: 'Grid/precipitation'
2026-03-13 02:35:31,600 [INFO] Workers: 16
2026-03-13 02:35:31,638 [INFO] Audit Scope: 17520 slots
2026-03-13 02:35:31,638 [INFO] Starting Parallel Scan...
2026-03-13 02:35:31,921 [INFO] 
============================================================
2026-03-13 02:35:31,922 [INFO]              FINAL INTEGRITY REPORT                 
2026-03-13 02:35:31,922 [INFO] ============================================================
2026-03-13 02:35:31,922 [INFO] Total Scanned:   17520
2026-03-13 02:35:31,922 [INFO] ----------------------------------------
2026-03-13 02:35:31,922 [INFO] ✅ OK:             0
2026-03-13 02:35:31,922 [INFO] ❌ MISSING:        17520
2026-03-13 02:35:31,922 [INFO] 💀 CORRUPT:        0
2026-03-13 02:35:31,922 [INFO] ============================================================
2026-03-13 02:35:32,012 [INFO] Report saved: gpm_imerg_audit_report_v3.csv
2026-03-13 02:40:08,277 [INFO] ============================================================
2026-03-13 02:40:08,277 [INFO]        GPM IMERG FORENSIC AUDIT V3 (V07B ADAPTED)       
2026-03-13 02:40:08,278 [INFO] ============================================================
2026-03-13 02:40:08,278 [INFO] Base Dir: /mnt/AizatDrive/gpm_imerg_precipitation_final_run/2024
2026-03-13 02:40:08,278 [INFO] Audit Window: 2024-01-01 to 2024-01-01
2026-03-13 02:40:08,400 [WARNING] Quarantined invalid file /tmp/tmp5ohukwdw/broken.HDF5 -> /tmp/tmp5ohukwdw/broken.HDF5.corrupt.20260313024008 (invalid_hdf5_signature)
2026-03-13 02:40:08,549 [INFO] Inspecting sample file: 3B-HHR.MS.MRG.3IMERG.20240101-S003000-E005959.0030.V07B.HDF5
2026-03-13 02:40:08,551 [INFO]   -> MATCH: Found variable at 'Grid/precipitation'
2026-03-13 02:40:08,551 [INFO] Using Target Variable: 'Grid/precipitation'
2026-03-13 02:40:08,551 [INFO] Workers: 1
2026-03-13 02:40:08,551 [INFO] Audit Scope: 48 slots
2026-03-13 02:40:08,551 [INFO] Starting Parallel Scan...
2026-03-13 02:40:18,846 [INFO] 
============================================================
2026-03-13 02:40:18,847 [INFO]              FINAL INTEGRITY REPORT                 
2026-03-13 02:40:18,847 [INFO] ============================================================
2026-03-13 02:40:18,847 [INFO] Total Scanned:   48
2026-03-13 02:40:18,847 [INFO] ----------------------------------------
2026-03-13 02:40:18,847 [INFO] ✅ OK:             48
2026-03-13 02:40:18,847 [INFO] ❌ MISSING:        0
2026-03-13 02:40:18,848 [INFO] 💀 CORRUPT:        0
2026-03-13 02:40:18,848 [INFO] ============================================================
2026-03-13 02:40:18,853 [INFO] Report saved: /tmp/gpm_imerg_audit_2024_0101.csv
2026-03-13 02:41:20,221 [WARNING] Quarantined invalid file /tmp/tmp8epbs268/broken.HDF5 -> /tmp/tmp8epbs268/broken.HDF5.corrupt.20260313024120 (invalid_hdf5_signature)
2026-03-13 06:22:51,054 [INFO] ============================================================
2026-03-13 06:22:51,054 [INFO]        GPM IMERG FORENSIC AUDIT V3 (V07B ADAPTED)       
2026-03-13 06:22:51,054 [INFO] ============================================================
2026-03-13 06:22:51,054 [INFO] Base Dir: /mnt/AizatDrive/gpm_imerg_precipitation_final_run/2024
2026-03-13 06:22:51,054 [INFO] Audit Window: 2024-01-01 to 2024-12-31
2026-03-13 06:22:51,330 [INFO] Inspecting sample file: 3B-HHR.MS.MRG.3IMERG.20240101-S003000-E005959.0030.V07B.HDF5
2026-03-13 06:22:51,331 [INFO]   -> MATCH: Found variable at 'Grid/precipitation'
2026-03-13 06:22:51,331 [INFO] Using Target Variable: 'Grid/precipitation'
2026-03-13 06:22:51,332 [INFO] Workers: 3
2026-03-13 06:22:51,371 [INFO] Audit Scope: 17568 slots
2026-03-13 06:22:51,371 [INFO] Starting Parallel Scan...
2026-03-13 06:59:40,841 [INFO] 
============================================================
2026-03-13 06:59:40,842 [INFO]              FINAL INTEGRITY REPORT                 
2026-03-13 06:59:40,842 [INFO] ============================================================
2026-03-13 06:59:40,842 [INFO] Total Scanned:   17568
2026-03-13 06:59:40,842 [INFO] ----------------------------------------
2026-03-13 06:59:40,842 [INFO] ✅ OK:             17568
2026-03-13 06:59:40,842 [INFO] ❌ MISSING:        0
2026-03-13 06:59:40,842 [INFO] 💀 CORRUPT:        0
2026-03-13 06:59:40,842 [INFO] ============================================================
2026-03-13 06:59:41,022 [INFO] Report saved: gpm_imerg_audit_report_2024.csv
