2026-01-07 19:37:43,330 [INFO] --- STARTING OMEGA AUDIT ---
2026-01-07 19:37:43,330 [INFO] Scanning 43848 hours of data using 16 cores.
2026-01-07 20:28:32,703 [INFO] ========================================
2026-01-07 20:28:32,704 [INFO]        AUDIT SUMMARY REPORT       
2026-01-07 20:28:32,704 [INFO] ========================================
2026-01-07 20:28:32,704 [INFO] Total Hours Scanned: 43848
2026-01-07 20:28:32,704 [INFO] --------------------
2026-01-07 20:28:32,704 [INFO] AWS (Heat Movie):
2026-01-07 20:28:32,704 [INFO]   OK:      43625 (99.49%)
2026-01-07 20:28:32,704 [INFO]   MISSING: 223
2026-01-07 20:28:32,704 [INFO]   CORRUPT: 0
2026-01-07 20:28:32,704 [INFO]   BAD VAR: 0
2026-01-07 20:28:32,704 [INFO] --------------------
2026-01-07 20:28:32,704 [INFO] JAXA (Haze Switch) [Daytime Only]:
2026-01-07 20:28:32,704 [INFO]   OK:      18261 (99.95%)
2026-01-07 20:28:32,704 [INFO]   MISSING: 9
2026-01-07 20:28:32,704 [INFO]   CORRUPT: 0
2026-01-07 20:28:32,704 [INFO] ========================================
2026-01-07 20:28:32,938 [INFO] Detailed report saved to: himawari_audit_report.csv
2026-01-07 20:28:32,938 [WARNING] RESULT: ISSUES FOUND. See report.
2026-01-08 19:17:43,674 [INFO] --- STARTING OMEGA AUDIT ---
2026-01-08 19:17:43,674 [INFO] Scanning 43848 hours of data using 16 cores.
2026-01-08 20:06:19,602 [INFO] ========================================
2026-01-08 20:06:19,603 [INFO]        AUDIT SUMMARY REPORT       
2026-01-08 20:06:19,603 [INFO] ========================================
2026-01-08 20:06:19,603 [INFO] Total Hours Scanned: 43848
2026-01-08 20:06:19,603 [INFO] --------------------
2026-01-08 20:06:19,603 [INFO] AWS (Heat Movie):
2026-01-08 20:06:19,603 [INFO]   OK:      43625 (99.49%)
2026-01-08 20:06:19,603 [INFO]   MISSING: 223
2026-01-08 20:06:19,603 [INFO]   CORRUPT: 0
2026-01-08 20:06:19,603 [INFO]   BAD VAR: 0
2026-01-08 20:06:19,603 [INFO] --------------------
2026-01-08 20:06:19,603 [INFO] JAXA (Haze Switch) [Daytime Only]:
2026-01-08 20:06:19,603 [INFO]   OK:      18261 (99.95%)
2026-01-08 20:06:19,603 [INFO]   MISSING: 9
2026-01-08 20:06:19,603 [INFO]   CORRUPT: 0
2026-01-08 20:06:19,603 [INFO] ========================================
2026-01-08 20:06:19,850 [INFO] Detailed report saved to: himawari_audit_report.csv
2026-01-08 20:06:19,851 [WARNING] RESULT: ISSUES FOUND. See report.
2026-01-29 00:18:40,969 [INFO] --- STARTING OMEGA AUDIT ---
2026-01-29 00:18:40,969 [INFO] Scanning 8760 hours of data using 16 cores.
2026-01-29 00:29:00,648 [INFO] ========================================
2026-01-29 00:29:00,648 [INFO]        AUDIT SUMMARY REPORT       
2026-01-29 00:29:00,648 [INFO] ========================================
2026-01-29 00:29:00,648 [INFO] Total Hours Scanned: 8760
2026-01-29 00:29:00,648 [INFO] --------------------
2026-01-29 00:29:00,648 [INFO] AWS (Heat Movie):
2026-01-29 00:29:00,648 [INFO]   OK:      8720 (99.54%)
2026-01-29 00:29:00,648 [INFO]   MISSING: 40
2026-01-29 00:29:00,648 [INFO]   CORRUPT: 0
2026-01-29 00:29:00,648 [INFO]   BAD VAR: 0
2026-01-29 00:29:00,648 [INFO] --------------------
2026-01-29 00:29:00,648 [INFO] JAXA (Haze Switch) [Daytime Only]:
2026-01-29 00:29:00,649 [INFO]   OK:      2101 (57.56%)
2026-01-29 00:29:00,649 [INFO]   MISSING: 1549
2026-01-29 00:29:00,649 [INFO]   CORRUPT: 0
2026-01-29 00:29:00,649 [INFO] ========================================
2026-01-29 00:29:00,695 [INFO] Detailed report saved to: himawari_audit_report.csv
2026-01-29 00:29:00,695 [WARNING] RESULT: ISSUES FOUND. See report.
2026-01-30 19:41:55,551 [INFO] --- STARTING OMEGA AUDIT ---
2026-01-30 19:41:55,551 [INFO] Scanning 8760 hours of data using 16 cores.
2026-01-30 19:52:27,576 [INFO] ========================================
2026-01-30 19:52:27,576 [INFO]        AUDIT SUMMARY REPORT       
2026-01-30 19:52:27,577 [INFO] ========================================
2026-01-30 19:52:27,577 [INFO] Total Hours Scanned: 8760
2026-01-30 19:52:27,577 [INFO] --------------------
2026-01-30 19:52:27,577 [INFO] AWS (Heat Movie):
2026-01-30 19:52:27,577 [INFO]   OK:      8720 (99.54%)
2026-01-30 19:52:27,577 [INFO]   MISSING: 40
2026-01-30 19:52:27,577 [INFO]   CORRUPT: 0
2026-01-30 19:52:27,577 [INFO]   BAD VAR: 0
2026-01-30 19:52:27,577 [INFO] --------------------
2026-01-30 19:52:27,577 [INFO] JAXA (Haze Switch) [Daytime Only]:
2026-01-30 19:52:27,577 [INFO]   OK:      3081 (84.41%)
2026-01-30 19:52:27,577 [INFO]   MISSING: 569
2026-01-30 19:52:27,577 [INFO]   CORRUPT: 0
2026-01-30 19:52:27,577 [INFO] ========================================
2026-01-30 19:52:27,626 [INFO] Detailed report saved to: himawari_audit_report.csv
2026-01-30 19:52:27,627 [WARNING] RESULT: ISSUES FOUND. See report.
2026-01-31 20:03:39,357 [INFO] --- STARTING OMEGA AUDIT ---
2026-01-31 20:03:39,357 [INFO] Scanning 8760 hours of data using 16 cores.
2026-01-31 20:16:08,101 [INFO] ========================================
2026-01-31 20:16:08,101 [INFO]        AUDIT SUMMARY REPORT       
2026-01-31 20:16:08,102 [INFO] ========================================
2026-01-31 20:16:08,102 [INFO] Total Hours Scanned: 8760
2026-01-31 20:16:08,102 [INFO] --------------------
2026-01-31 20:16:08,102 [INFO] AWS (Heat Movie):
2026-01-31 20:16:08,102 [INFO]   OK:      8720 (99.54%)
2026-01-31 20:16:08,102 [INFO]   MISSING: 40
2026-01-31 20:16:08,102 [INFO]   CORRUPT: 0
2026-01-31 20:16:08,102 [INFO]   BAD VAR: 0
2026-01-31 20:16:08,102 [INFO] --------------------
2026-01-31 20:16:08,102 [INFO] JAXA (Haze Switch) [Daytime Only]:
2026-01-31 20:16:08,102 [INFO]   OK:      3493 (95.70%)
2026-01-31 20:16:08,102 [INFO]   MISSING: 157
2026-01-31 20:16:08,102 [INFO]   CORRUPT: 0
2026-01-31 20:16:08,102 [INFO] ========================================
2026-01-31 20:16:08,154 [INFO] Detailed report saved to: himawari_audit_report.csv
2026-01-31 20:16:08,154 [WARNING] RESULT: ISSUES FOUND. See report.
