nohup: ignoring input
Loading Audit Report...
--- STARTING SURGICAL REPAIR ---
Targeting 232 specific files.
2020-01-29 14:00 -> AWS: None | JAXA: Skip
2020-01-22 21:00 -> AWS: Still Missing (Source Unavailable) | JAXA: Skip
2020-02-07 21:00 -> AWS: Still Missing (Source Unavailable) | JAXA: Skip
2020-01-27 01:00 -> AWS: Still Missing (Source Unavailable) | JAXA: Skip
2020-02-18 15:00 -> AWS: Still Missing (Source Unavailable) | JAXA: Skip
2020-01-31 08:00 -> AWS: Still Missing (Source Unavailable) | JAXA: Skip
2020-01-13 02:00 -> AWS: Still Missing (Source Unavailable) | JAXA: Skip
2020-01-30 20:00 -> AWS: Still Missing (Source Unavailable) | JAXA: Skip
2020-03-09 18:00 -> AWS: None | JAXA: Skip
2020-02-18 16:00 -> AWS: Still Missing (Source Unavailable) | JAXA: Skip
2020-02-27 19:00 -> AWS: Still Missing (Source Unavailable) | JAXA: Skip
2020-02-22 21:00 -> AWS: Still Missing (Source Unavailable) | JAXA: Skip
2020-03-07 21:00 -> AWS: Still Missing (Source Unavailable) | JAXA: Skip
2020-03-23 20:00 -> AWS: Still Missing (Source Unavailable) | JAXA: Skip
2020-05-21 14:00 -> AWS: Still Missing (Source Unavailable) | JAXA: Skip
2020-05-21 02:00 -> AWS: Still Missing (Source Unavailable) | JAXA: Skip
2020-06-18 23:00 -> AWS: Still Missing (Source Unavailable) | JAXA: Skip
2020-06-19 11:00 -> AWS: Still Missing (Source Unavailable) | JAXA: Skip
2020-07-17 00:00 -> AWS: Still Missing (Source Unavailable) | JAXA: Skip
2020-07-17 12:00 -> AWS: Still Missing (Source Unavailable) | JAXA: Skip
2020-02-28 07:00 -> AWS: Still Missing (Source Unavailable) | JAXA: Skip
2020-08-10 12:00 -> AWS: Still Missing (Source Unavailable) | JAXA: Skip
2020-08-24 11:00 -> AWS: Still Missing (Source Unavailable) | JAXA: Skip
2020-08-28 09:00 -> AWS: Still Missing (Source Unavailable) | JAXA: Skip
2020-08-27 21:00 -> AWS: Still Missing (Source Unavailable) | JAXA: Skip
2020-09-10 11:00 -> AWS: Still Missing (Source Unavailable) | JAXA: Skip
2020-09-07 10:00 -> AWS: Still Missing (Source Unavailable) | JAXA: Skip
2020-09-10 23:00 -> AWS: Still Missing (Source Unavailable) | JAXA: Skip
2020-09-21 09:00 -> AWS: Still Missing (Source Unavailable) | JAXA: Skip
2020-10-08 17:00 -> AWS: Still Missing (Source Unavailable) | JAXA: Skip
2020-10-09 05:00 -> AWS: Still Missing (Source Unavailable) | JAXA: Skip
2020-10-19 07:00 -> AWS: Still Missing (Source Unavailable) | JAXA: Skip
2020-10-22 21:00 -> AWS: Still Missing (Source Unavailable) | JAXA: Skip
2020-10-23 09:00 -> AWS: Still Missing (Source Unavailable) | JAXA: Skip
2020-11-02 06:00 -> AWS: Still Missing (Source Unavailable) | JAXA: Skip
2020-12-17 22:00 -> AWS: Still Missing (Source Unavailable) | JAXA: Skip
2020-12-18 10:00 -> AWS: Still Missing (Source Unavailable) | JAXA: Skip
2021-01-14 21:00 -> AWS: Still Missing (Source Unavailable) | JAXA: Skip
2021-01-15 09:00 -> AWS: Still Missing (Source Unavailable) | JAXA: Skip
2021-01-22 21:00 -> AWS: Still Missing (Source Unavailable) | JAXA: Skip
2021-02-07 21:00 -> AWS: Still Missing (Source Unavailable) | JAXA: Skip
2021-02-16 15:00 -> AWS: Still Missing (Source Unavailable) | JAXA: Skip
2021-02-16 16:00 -> AWS: Still Missing (Source Unavailable) | JAXA: Skip
2021-02-22 21:00 -> AWS: Still Missing (Source Unavailable) | JAXA: Skip
2021-02-22 23:00 -> AWS: Still Missing (Source Unavailable) | JAXA: Skip
2021-03-07 21:00 -> AWS: Still Missing (Source Unavailable) | JAXA: Skip
2021-05-03 19:00 -> AWS: Still Missing (Source Unavailable) | JAXA: Skip
2021-05-06 22:00 -> AWS: Still Missing (Source Unavailable) | JAXA: Skip
2021-05-07 10:00 -> AWS: Still Missing (Source Unavailable) | JAXA: Skip
2021-05-17 18:00 -> AWS: Still Missing (Source Unavailable) | JAXA: Skip
2021-06-28 15:00 -> AWS: Still Missing (Source Unavailable) | JAXA: Skip
2021-07-12 14:00 -> AWS: Still Missing (Source Unavailable) | JAXA: Skip
2021-07-15 18:00 -> AWS: Still Missing (Source Unavailable) | JAXA: Skip
2021-07-16 06:00 -> AWS: Still Missing (Source Unavailable) | JAXA: Skip
2021-07-26 13:00 -> AWS: Still Missing (Source Unavailable) | JAXA: Skip
2021-08-26 10:00 -> AWS: Still Missing (Source Unavailable) | JAXA: Skip
2021-08-26 22:00 -> AWS: Still Missing (Source Unavailable) | JAXA: Skip
2021-09-06 10:00 -> AWS: Still Missing (Source Unavailable) | JAXA: Skip
2021-10-21 22:00 -> AWS: Still Missing (Source Unavailable) | JAXA: Skip
2021-11-11 07:00 -> AWS: Still Missing (Source Unavailable) | JAXA: Skip
2021-10-22 10:00 -> AWS: Still Missing (Source Unavailable) | JAXA: Skip
2021-12-16 19:00 -> AWS: Still Missing (Source Unavailable) | JAXA: Skip
2021-12-17 07:00 -> AWS: Still Missing (Source Unavailable) | JAXA: Skip
2022-01-13 22:00 -> AWS: Still Missing (Source Unavailable) | JAXA: Skip
2022-01-14 10:00 -> AWS: Still Missing (Source Unavailable) | JAXA: Skip
2022-01-22 21:00 -> AWS: Still Missing (Source Unavailable) | JAXA: Skip
2022-01-24 01:00 -> AWS: Still Missing (Source Unavailable) | JAXA: Skip
2022-01-27 22:00 -> AWS: Still Missing (Source Unavailable) | JAXA: Skip
2022-02-07 21:00 -> AWS: Still Missing (Source Unavailable) | JAXA: Skip
2022-01-28 10:00 -> AWS: Still Missing (Source Unavailable) | JAXA: Skip
2022-02-15 16:00 -> AWS: Still Missing (Source Unavailable) | JAXA: Skip
2022-02-15 15:00 -> AWS: Still Missing (Source Unavailable) | JAXA: Skip
2022-02-21 23:00 -> AWS: Still Missing (Source Unavailable) | JAXA: Skip
2022-02-22 21:00 -> AWS: Still Missing (Source Unavailable) | JAXA: Skip
2022-03-07 16:00 -> AWS: Still Missing (Source Unavailable) | JAXA: Skip
2022-03-07 17:00 -> AWS: Still Missing (Source Unavailable) | JAXA: Skip
2022-03-07 15:00 -> AWS: Still Missing (Source Unavailable) | JAXA: Skip
2022-03-07 19:00 -> AWS: Still Missing (Source Unavailable) | JAXA: Skip
2022-03-07 21:00 -> AWS: Still Missing (Source Unavailable) | JAXA: Skip
2022-03-07 22:00 -> AWS: Still Missing (Source Unavailable) | JAXA: Skip
2022-03-10 20:00 -> AWS: Still Missing (Source Unavailable) | JAXA: Skip
2022-03-11 08:00 -> AWS: Still Missing (Source Unavailable) | JAXA: Skip
2022-03-21 21:00 -> AWS: Still Missing (Source Unavailable) | JAXA: Skip
2022-04-04 20:00 -> AWS: Still Missing (Source Unavailable) | JAXA: Skip
2022-04-18 19:00 -> AWS: Still Missing (Source Unavailable) | JAXA: Skip
2022-07-28 22:00 -> AWS: Still Missing (Source Unavailable) | JAXA: Skip
2022-07-29 10:00 -> AWS: Still Missing (Source Unavailable) | JAXA: Skip
2022-08-11 16:00 -> AWS: Still Missing (Source Unavailable) | JAXA: Skip
2022-08-12 04:00 -> AWS: Still Missing (Source Unavailable) | JAXA: Skip
2022-08-22 11:00 -> AWS: Still Missing (Source Unavailable) | JAXA: Skip
2022-09-08 09:00 -> AWS: Still Missing (Source Unavailable) | JAXA: Skip
2022-09-08 11:00 -> AWS: Still Missing (Source Unavailable) | JAXA: Skip
2022-09-05 10:00 -> AWS: Still Missing (Source Unavailable) | JAXA: Skip
2022-09-08 10:00 -> AWS: Still Missing (Source Unavailable) | JAXA: Skip
2022-09-08 12:00 -> AWS: Still Missing (Source Unavailable) | JAXA: Skip
2022-09-08 14:00 -> AWS: Still Missing (Source Unavailable) | JAXA: Skip
2022-09-08 16:00 -> AWS: Still Missing (Source Unavailable) | JAXA: Skip
2022-09-08 15:00 -> AWS: Still Missing (Source Unavailable) | JAXA: Skip
2022-09-08 13:00 -> AWS: Still Missing (Source Unavailable) | JAXA: Skip
2022-09-08 18:00 -> AWS: Still Missing (Source Unavailable) | JAXA: Skip
2022-09-08 17:00 -> AWS: Still Missing (Source Unavailable) | JAXA: Skip
2022-09-09 00:00 -> AWS: None | JAXA: Skip
2022-09-08 19:00 -> AWS: Still Missing (Source Unavailable) | JAXA: Skip
2022-09-08 20:00 -> AWS: Still Missing (Source Unavailable) | JAXA: Skip
2022-09-08 23:00 -> AWS: Still Missing (Source Unavailable) | JAXA: Skip
2022-09-09 04:00 -> AWS: Still Missing (Source Unavailable) | JAXA: Skip
2022-09-09 01:00 -> AWS: Still Missing (Source Unavailable) | JAXA: Skip
2022-09-09 05:00 -> AWS: Still Missing (Source Unavailable) | JAXA: Skip
2022-09-09 06:00 -> AWS: Still Missing (Source Unavailable) | JAXA: Skip
2022-09-09 07:00 -> AWS: Still Missing (Source Unavailable) | JAXA: Skip
2022-09-09 09:00 -> AWS: Still Missing (Source Unavailable) | JAXA: Skip
2022-09-09 08:00 -> AWS: Still Missing (Source Unavailable) | JAXA: Skip
2022-09-09 10:00 -> AWS: Still Missing (Source Unavailable) | JAXA: Skip
2022-09-09 12:00 -> AWS: Still Missing (Source Unavailable) | JAXA: Skip
2022-09-09 11:00 -> AWS: Still Missing (Source Unavailable) | JAXA: Skip
2022-09-09 13:00 -> AWS: Still Missing (Source Unavailable) | JAXA: Skip
2022-09-09 14:00 -> AWS: Still Missing (Source Unavailable) | JAXA: Skip
2022-09-09 15:00 -> AWS: Still Missing (Source Unavailable) | JAXA: Skip
2022-09-09 16:00 -> AWS: Still Missing (Source Unavailable) | JAXA: Skip
2022-09-09 18:00 -> AWS: Still Missing (Source Unavailable) | JAXA: Skip
2022-09-09 17:00 -> AWS: Still Missing (Source Unavailable) | JAXA: Skip
2022-09-09 19:00 -> AWS: Still Missing (Source Unavailable) | JAXA: Skip
2022-09-09 20:00 -> AWS: Still Missing (Source Unavailable) | JAXA: Skip
2022-09-09 21:00 -> AWS: Still Missing (Source Unavailable) | JAXA: Skip
2022-09-09 22:00 -> AWS: Still Missing (Source Unavailable) | JAXA: Skip
2022-09-09 23:00 -> AWS: Still Missing (Source Unavailable) | JAXA: Skip
2022-09-10 00:00 -> AWS: Still Missing (Source Unavailable) | JAXA: Skip
2022-09-10 02:00 -> AWS: Still Missing (Source Unavailable) | JAXA: Skip
2022-09-10 01:00 -> AWS: Still Missing (Source Unavailable) | JAXA: Skip
2022-09-10 03:00 -> AWS: Still Missing (Source Unavailable) | JAXA: Skip
2022-09-10 05:00 -> AWS: Still Missing (Source Unavailable) | JAXA: Skip
2022-09-10 07:00 -> AWS: Still Missing (Source Unavailable) | JAXA: Skip
2022-09-10 06:00 -> AWS: Still Missing (Source Unavailable) | JAXA: Skip
2022-09-10 08:00 -> AWS: Still Missing (Source Unavailable) | JAXA: Skip
2022-09-10 09:00 -> AWS: Still Missing (Source Unavailable) | JAXA: Skip
2022-09-10 10:00 -> AWS: Still Missing (Source Unavailable) | JAXA: Skip
2022-09-10 04:00 -> AWS: Still Missing (Source Unavailable) | JAXA: Skip
2022-09-10 11:00 -> AWS: Still Missing (Source Unavailable) | JAXA: Skip
2022-09-10 12:00 -> AWS: Still Missing (Source Unavailable) | JAXA: Skip
2022-09-10 14:00 -> AWS: Still Missing (Source Unavailable) | JAXA: Skip
2022-09-10 13:00 -> AWS: Still Missing (Source Unavailable) | JAXA: Skip
2022-09-10 15:00 -> AWS: Still Missing (Source Unavailable) | JAXA: Skip
2022-09-10 16:00 -> AWS: Still Missing (Source Unavailable) | JAXA: Skip
2022-09-10 17:00 -> AWS: Still Missing (Source Unavailable) | JAXA: Skip
2022-09-19 09:00 -> AWS: Still Missing (Source Unavailable) | JAXA: Skip
2022-10-20 08:00 -> AWS: Still Missing (Source Unavailable) | JAXA: Skip
2022-12-19 03:00 -> AWS: Still Missing (Source Unavailable) | JAXA: Skip
2022-12-22 19:00 -> AWS: Still Missing (Source Unavailable) | JAXA: Skip
2022-10-20 20:00 -> AWS: Still Missing (Source Unavailable) | JAXA: Skip
2022-12-23 07:00 -> AWS: Still Missing (Source Unavailable) | JAXA: Skip
2023-01-02 02:00 -> AWS: Still Missing (Source Unavailable) | JAXA: Skip
2023-01-22 21:00 -> AWS: Still Missing (Source Unavailable) | JAXA: Skip
2023-02-07 21:00 -> AWS: Still Missing (Source Unavailable) | JAXA: Skip
2023-02-22 21:00 -> AWS: Still Missing (Source Unavailable) | JAXA: Skip
2023-03-07 21:00 -> AWS: Still Missing (Source Unavailable) | JAXA: Skip
2023-04-14 09:00 -> AWS: Still Missing (Source Unavailable) | JAXA: Skip
2023-04-13 21:00 -> AWS: Still Missing (Source Unavailable) | JAXA: Skip
2023-06-19 15:00 -> AWS: Still Missing (Source Unavailable) | JAXA: Skip
2023-06-22 19:00 -> AWS: Still Missing (Source Unavailable) | JAXA: Skip
2023-06-05 16:00 -> AWS: Still Missing (Source Unavailable) | JAXA: Skip
2023-06-23 07:00 -> AWS: Still Missing (Source Unavailable) | JAXA: Skip
2023-08-17 08:00 -> AWS: Still Missing (Source Unavailable) | JAXA: Skip
2023-08-17 20:00 -> AWS: Still Missing (Source Unavailable) | JAXA: Skip
2023-09-14 19:00 -> AWS: Still Missing (Source Unavailable) | JAXA: Skip
2023-09-15 07:00 -> AWS: Still Missing (Source Unavailable) | JAXA: Skip
2023-10-12 13:00 -> AWS: Still Missing (Source Unavailable) | JAXA: Skip
2023-10-23 07:00 -> AWS: Still Missing (Source Unavailable) | JAXA: Skip
2023-11-06 06:00 -> AWS: Still Missing (Source Unavailable) | JAXA: Skip
2023-11-20 05:00 -> AWS: Still Missing (Source Unavailable) | JAXA: Skip
2023-10-13 01:00 -> AWS: Still Missing (Source Unavailable) | JAXA: Skip
2023-12-04 04:00 -> AWS: Still Missing (Source Unavailable) | JAXA: Skip
2023-12-05 15:00 -> AWS: Still Missing (Source Unavailable) | JAXA: Skip
2023-12-05 16:00 -> AWS: Still Missing (Source Unavailable) | JAXA: Skip
2023-12-07 04:00 -> AWS: Still Missing (Source Unavailable) | JAXA: Skip
2024-01-04 20:00 -> AWS: Still Missing (Source Unavailable) | JAXA: Skip
2023-12-18 02:00 -> AWS: Still Missing (Source Unavailable) | JAXA: Skip
2024-01-22 21:00 -> AWS: Still Missing (Source Unavailable) | JAXA: Skip
2024-02-07 21:00 -> AWS: Still Missing (Source Unavailable) | JAXA: Skip
2024-01-05 08:00 -> AWS: Still Missing (Source Unavailable) | JAXA: Skip
2024-02-16 08:00 -> AWS: Still Missing (Source Unavailable) | JAXA: Skip
2024-02-15 20:00 -> AWS: Still Missing (Source Unavailable) | JAXA: Skip
2024-02-22 21:00 -> AWS: Still Missing (Source Unavailable) | JAXA: Skip
2024-02-29 23:00 -> AWS: Still Missing (Source Unavailable) | JAXA: Skip
2024-02-14 04:00 -> AWS: Skip | JAXA: Still Missing (Not on JAXA)
2024-03-01 11:00 -> AWS: Still Missing (Source Unavailable) | JAXA: Skip
2024-02-21 05:00 -> AWS: Skip | JAXA: Still Missing (Not on JAXA)
2024-02-19 03:00 -> AWS: Skip | JAXA: Still Missing (Not on JAXA)
2024-03-07 21:00 -> AWS: Still Missing (Source Unavailable) | JAXA: Skip
2024-05-09 04:00 -> AWS: Still Missing (Source Unavailable) | JAXA: Skip
2024-07-15 13:00 -> AWS: Still Missing (Source Unavailable) | JAXA: Skip
2024-07-29 12:00 -> AWS: Still Missing (Source Unavailable) | JAXA: Skip
2024-08-02 00:00 -> AWS: Still Missing (Source Unavailable) | JAXA: Skip
2024-08-01 12:00 -> AWS: Still Missing (Source Unavailable) | JAXA: Skip
2024-07-01 14:00 -> AWS: Still Missing (Source Unavailable) | JAXA: Skip
2024-08-15 21:00 -> AWS: Still Missing (Source Unavailable) | JAXA: Skip
2024-08-16 09:00 -> AWS: Still Missing (Source Unavailable) | JAXA: Skip
2024-08-29 07:00 -> AWS: Still Missing (Source Unavailable) | JAXA: Skip
2024-08-29 19:00 -> AWS: Still Missing (Source Unavailable) | JAXA: Skip
2024-09-09 08:00 -> AWS: Still Missing (Source Unavailable) | JAXA: Skip
2024-09-12 22:00 -> AWS: Still Missing (Source Unavailable) | JAXA: Skip
2024-09-13 10:00 -> AWS: Still Missing (Source Unavailable) | JAXA: Skip
2024-09-26 21:00 -> AWS: Still Missing (Source Unavailable) | JAXA: Skip
2024-09-27 09:00 -> AWS: Still Missing (Source Unavailable) | JAXA: Skip
2024-10-10 20:00 -> AWS: Still Missing (Source Unavailable) | JAXA: Skip
2024-09-21 03:00 -> AWS: Skip | JAXA: Still Missing (Not on JAXA)
2024-10-12 03:00 -> AWS: Still Missing (Source Unavailable) | JAXA: Skip
2024-10-11 08:00 -> AWS: Still Missing (Source Unavailable) | JAXA: Skip
2024-10-12 04:00 -> AWS: Still Missing (Source Unavailable) | JAXA: Skip
2024-10-12 05:00 -> AWS: Still Missing (Source Unavailable) | JAXA: Skip
2024-10-12 06:00 -> AWS: Still Missing (Source Unavailable) | JAXA: Skip
2024-10-12 07:00 -> AWS: Still Missing (Source Unavailable) | JAXA: Skip
2024-10-12 09:00 -> AWS: Still Missing (Source Unavailable) | JAXA: Skip
2024-10-12 08:00 -> AWS: Still Missing (Source Unavailable) | JAXA: Skip
2024-10-12 11:00 -> AWS: Still Missing (Source Unavailable) | JAXA: Skip
2024-10-12 10:00 -> AWS: Still Missing (Source Unavailable) | JAXA: Skip
2024-10-12 13:00 -> AWS: Still Missing (Source Unavailable) | JAXA: Skip
2024-10-12 12:00 -> AWS: Still Missing (Source Unavailable) | JAXA: Skip
2024-10-12 14:00 -> AWS: Still Missing (Source Unavailable) | JAXA: Skip
2024-10-12 15:00 -> AWS: Still Missing (Source Unavailable) | JAXA: Skip
2024-10-12 16:00 -> AWS: Still Missing (Source Unavailable) | JAXA: Skip
2024-10-12 17:00 -> AWS: Still Missing (Source Unavailable) | JAXA: Skip
2024-10-12 18:00 -> AWS: Still Missing (Source Unavailable) | JAXA: Skip
2024-11-07 19:00 -> AWS: Still Missing (Source Unavailable) | JAXA: Skip
2024-11-08 07:00 -> AWS: Still Missing (Source Unavailable) | JAXA: Skip
2024-12-06 08:00 -> AWS: Skip | JAXA: Still Missing (Not on JAXA)
2024-11-25 05:00 -> AWS: Skip | JAXA: Still Missing (Not on JAXA)
2024-12-16 03:00 -> AWS: Still Missing (Source Unavailable) | JAXA: Skip
2024-12-30 02:00 -> AWS: Still Missing (Source Unavailable) | JAXA: Skip
2024-12-07 07:00 -> AWS: Skip | JAXA: Still Missing (Not on JAXA)
2024-11-21 09:00 -> AWS: Skip | JAXA: Still Missing (Not on JAXA)
2024-12-28 05:00 -> AWS: Skip | JAXA: Still Missing (Not on JAXA)
2020-03-11 16:00 -> AWS: None | JAXA: Skip
