2026-01-23 03:17:52,898 - INFO - [PID:1181294] - ======================================================================
2026-01-23 03:17:52,899 - INFO - [PID:1181294] - SMAP L4 SOIL MOISTURE DATA INTEGRITY AUDIT
2026-01-23 03:17:52,899 - INFO - [PID:1181294] - ======================================================================
2026-01-23 03:17:52,899 - INFO - [PID:1181294] - Data Directory: /mnt/AizatDrive/smap_malaysia_subset_v8
2026-01-23 03:17:52,899 - INFO - [PID:1181294] - Workers: 20
2026-01-23 03:17:52,899 - INFO - [PID:1181294] - Hash Computation: Enabled
2026-01-23 03:17:52,899 - INFO - [PID:1181294] - Output Report: audit_download_smap.log
2026-01-23 03:17:52,899 - INFO - [PID:1181294] - Discovering files...
2026-01-23 03:17:53,687 - INFO - [PID:1181294] - Found 17547 files to audit
2026-01-23 03:17:53,687 - INFO - [PID:1181294] - Starting parallel audit with 20 workers on 17547 files
2026-01-23 03:17:54,201 - INFO - [PID:1181294] - Progress: 50/17547 (0.3%) | Rate: 255.9 files/s | ETA: 68s | PASS: 50 | DEGRADED: 0 | FAIL: 0
2026-01-23 03:17:54,328 - INFO - [PID:1181294] - Progress: 100/17547 (0.6%) | Rate: 310.0 files/s | ETA: 56s | PASS: 100 | DEGRADED: 0 | FAIL: 0
2026-01-23 03:17:54,427 - INFO - [PID:1181294] - Progress: 150/17547 (0.9%) | Rate: 356.5 files/s | ETA: 49s | PASS: 150 | DEGRADED: 0 | FAIL: 0
2026-01-23 03:17:54,519 - INFO - [PID:1181294] - Progress: 200/17547 (1.1%) | Rate: 389.5 files/s | ETA: 45s | PASS: 200 | DEGRADED: 0 | FAIL: 0
2026-01-23 03:17:54,612 - INFO - [PID:1181294] - Progress: 250/17547 (1.4%) | Rate: 412.7 files/s | ETA: 42s | PASS: 250 | DEGRADED: 0 | FAIL: 0
2026-01-23 03:17:54,705 - INFO - [PID:1181294] - Progress: 300/17547 (1.7%) | Rate: 429.0 files/s | ETA: 40s | PASS: 300 | DEGRADED: 0 | FAIL: 0
2026-01-23 03:17:54,798 - INFO - [PID:1181294] - Progress: 350/17547 (2.0%) | Rate: 442.0 files/s | ETA: 39s | PASS: 350 | DEGRADED: 0 | FAIL: 0
2026-01-23 03:17:54,890 - INFO - [PID:1181294] - Progress: 400/17547 (2.3%) | Rate: 452.3 files/s | ETA: 38s | PASS: 400 | DEGRADED: 0 | FAIL: 0
2026-01-23 03:17:54,985 - INFO - [PID:1181294] - Progress: 450/17547 (2.6%) | Rate: 459.7 files/s | ETA: 37s | PASS: 450 | DEGRADED: 0 | FAIL: 0
2026-01-23 03:17:55,075 - INFO - [PID:1181294] - Progress: 500/17547 (2.8%) | Rate: 467.6 files/s | ETA: 36s | PASS: 500 | DEGRADED: 0 | FAIL: 0
2026-01-23 03:17:56,271 - INFO - [PID:1181294] - Progress: 550/17547 (3.1%) | Rate: 242.8 files/s | ETA: 70s | PASS: 550 | DEGRADED: 0 | FAIL: 0
2026-01-23 03:17:57,063 - INFO - [PID:1181294] - Progress: 600/17547 (3.4%) | Rate: 196.3 files/s | ETA: 86s | PASS: 600 | DEGRADED: 0 | FAIL: 0
2026-01-23 03:17:58,104 - INFO - [PID:1181294] - Progress: 650/17547 (3.7%) | Rate: 158.6 files/s | ETA: 107s | PASS: 650 | DEGRADED: 0 | FAIL: 0
2026-01-23 03:17:58,258 - INFO - [PID:1181294] - Progress: 700/17547 (4.0%) | Rate: 164.6 files/s | ETA: 102s | PASS: 700 | DEGRADED: 0 | FAIL: 0
2026-01-23 03:17:58,486 - INFO - [PID:1181294] - Progress: 750/17547 (4.3%) | Rate: 167.4 files/s | ETA: 100s | PASS: 750 | DEGRADED: 0 | FAIL: 0
2026-01-23 03:17:58,723 - INFO - [PID:1181294] - Progress: 800/17547 (4.6%) | Rate: 169.6 files/s | ETA: 99s | PASS: 800 | DEGRADED: 0 | FAIL: 0
2026-01-23 03:17:58,908 - INFO - [PID:1181294] - Progress: 850/17547 (4.8%) | Rate: 173.4 files/s | ETA: 96s | PASS: 850 | DEGRADED: 0 | FAIL: 0
2026-01-23 03:17:59,096 - INFO - [PID:1181294] - Progress: 900/17547 (5.1%) | Rate: 176.8 files/s | ETA: 94s | PASS: 900 | DEGRADED: 0 | FAIL: 0
2026-01-23 03:17:59,557 - INFO - [PID:1181294] - Progress: 950/17547 (5.4%) | Rate: 171.2 files/s | ETA: 97s | PASS: 950 | DEGRADED: 0 | FAIL: 0
2026-01-23 03:17:59,800 - INFO - [PID:1181294] - Progress: 1000/17547 (5.7%) | Rate: 172.6 files/s | ETA: 96s | PASS: 1000 | DEGRADED: 0 | FAIL: 0
2026-01-23 03:18:00,000 - INFO - [PID:1181294] - Progress: 1050/17547 (6.0%) | Rate: 175.2 files/s | ETA: 94s | PASS: 1050 | DEGRADED: 0 | FAIL: 0
2026-01-23 03:18:00,300 - INFO - [PID:1181294] - Progress: 1100/17547 (6.3%) | Rate: 174.8 files/s | ETA: 94s | PASS: 1100 | DEGRADED: 0 | FAIL: 0
2026-01-23 03:18:00,536 - INFO - [PID:1181294] - Progress: 1150/17547 (6.6%) | Rate: 176.1 files/s | ETA: 93s | PASS: 1150 | DEGRADED: 0 | FAIL: 0
2026-01-23 03:18:00,681 - INFO - [PID:1181294] - Progress: 1200/17547 (6.8%) | Rate: 179.8 files/s | ETA: 91s | PASS: 1200 | DEGRADED: 0 | FAIL: 0
2026-01-23 03:18:00,829 - INFO - [PID:1181294] - Progress: 1250/17547 (7.1%) | Rate: 183.2 files/s | ETA: 89s | PASS: 1250 | DEGRADED: 0 | FAIL: 0
2026-01-23 03:18:00,991 - INFO - [PID:1181294] - Progress: 1300/17547 (7.4%) | Rate: 186.1 files/s | ETA: 87s | PASS: 1300 | DEGRADED: 0 | FAIL: 0
2026-01-23 03:18:01,199 - INFO - [PID:1181294] - Progress: 1350/17547 (7.7%) | Rate: 187.7 files/s | ETA: 86s | PASS: 1350 | DEGRADED: 0 | FAIL: 0
2026-01-23 03:18:01,460 - INFO - [PID:1181294] - Progress: 1400/17547 (8.0%) | Rate: 187.8 files/s | ETA: 86s | PASS: 1400 | DEGRADED: 0 | FAIL: 0
2026-01-23 03:18:01,644 - INFO - [PID:1181294] - Progress: 1450/17547 (8.3%) | Rate: 189.9 files/s | ETA: 85s | PASS: 1450 | DEGRADED: 0 | FAIL: 0
2026-01-23 03:18:01,854 - INFO - [PID:1181294] - Progress: 1500/17547 (8.5%) | Rate: 191.2 files/s | ETA: 84s | PASS: 1500 | DEGRADED: 0 | FAIL: 0
2026-01-23 03:18:01,990 - INFO - [PID:1181294] - Progress: 1550/17547 (8.8%) | Rate: 194.2 files/s | ETA: 82s | PASS: 1550 | DEGRADED: 0 | FAIL: 0
2026-01-23 03:18:02,191 - INFO - [PID:1181294] - Progress: 1600/17547 (9.1%) | Rate: 195.5 files/s | ETA: 82s | PASS: 1600 | DEGRADED: 0 | FAIL: 0
2026-01-23 03:18:02,423 - INFO - [PID:1181294] - Progress: 1650/17547 (9.4%) | Rate: 196.1 files/s | ETA: 81s | PASS: 1650 | DEGRADED: 0 | FAIL: 0
2026-01-23 03:18:02,576 - INFO - [PID:1181294] - Progress: 1700/17547 (9.7%) | Rate: 198.4 files/s | ETA: 80s | PASS: 1700 | DEGRADED: 0 | FAIL: 0
2026-01-23 03:18:02,797 - INFO - [PID:1181294] - Progress: 1750/17547 (10.0%) | Rate: 199.1 files/s | ETA: 79s | PASS: 1750 | DEGRADED: 0 | FAIL: 0
2026-01-23 03:18:03,013 - INFO - [PID:1181294] - Progress: 1800/17547 (10.3%) | Rate: 199.9 files/s | ETA: 79s | PASS: 1800 | DEGRADED: 0 | FAIL: 0
2026-01-23 03:18:03,243 - INFO - [PID:1181294] - Progress: 1850/17547 (10.5%) | Rate: 200.3 files/s | ETA: 78s | PASS: 1850 | DEGRADED: 0 | FAIL: 0
2026-01-23 03:18:03,384 - INFO - [PID:1181294] - Progress: 1900/17547 (10.8%) | Rate: 202.6 files/s | ETA: 77s | PASS: 1900 | DEGRADED: 0 | FAIL: 0
2026-01-23 03:18:03,722 - INFO - [PID:1181294] - Progress: 1950/17547 (11.1%) | Rate: 200.7 files/s | ETA: 78s | PASS: 1950 | DEGRADED: 0 | FAIL: 0
2026-01-23 03:18:03,923 - INFO - [PID:1181294] - Progress: 2000/17547 (11.4%) | Rate: 201.7 files/s | ETA: 77s | PASS: 2000 | DEGRADED: 0 | FAIL: 0
2026-01-23 03:18:04,162 - INFO - [PID:1181294] - Progress: 2050/17547 (11.7%) | Rate: 201.9 files/s | ETA: 77s | PASS: 2050 | DEGRADED: 0 | FAIL: 0
2026-01-23 03:18:04,361 - INFO - [PID:1181294] - Progress: 2100/17547 (12.0%) | Rate: 202.8 files/s | ETA: 76s | PASS: 2100 | DEGRADED: 0 | FAIL: 0
2026-01-23 03:18:04,553 - INFO - [PID:1181294] - Progress: 2150/17547 (12.3%) | Rate: 203.9 files/s | ETA: 76s | PASS: 2150 | DEGRADED: 0 | FAIL: 0
2026-01-23 03:18:04,654 - INFO - [PID:1181294] - Progress: 2200/17547 (12.5%) | Rate: 206.6 files/s | ETA: 74s | PASS: 2200 | DEGRADED: 0 | FAIL: 0
2026-01-23 03:18:04,793 - INFO - [PID:1181294] - Progress: 2250/17547 (12.8%) | Rate: 208.6 files/s | ETA: 73s | PASS: 2250 | DEGRADED: 0 | FAIL: 0
2026-01-23 03:18:04,992 - INFO - [PID:1181294] - Progress: 2300/17547 (13.1%) | Rate: 209.4 files/s | ETA: 73s | PASS: 2300 | DEGRADED: 0 | FAIL: 0
2026-01-23 03:18:05,272 - INFO - [PID:1181294] - Progress: 2350/17547 (13.4%) | Rate: 208.6 files/s | ETA: 73s | PASS: 2350 | DEGRADED: 0 | FAIL: 0
2026-01-23 03:18:05,430 - INFO - [PID:1181294] - Progress: 2400/17547 (13.7%) | Rate: 210.1 files/s | ETA: 72s | PASS: 2400 | DEGRADED: 0 | FAIL: 0
2026-01-23 03:18:05,524 - INFO - [PID:1181294] - Progress: 2450/17547 (14.0%) | Rate: 212.7 files/s | ETA: 71s | PASS: 2450 | DEGRADED: 0 | FAIL: 0
2026-01-23 03:18:05,700 - INFO - [PID:1181294] - Progress: 2500/17547 (14.2%) | Rate: 213.8 files/s | ETA: 70s | PASS: 2500 | DEGRADED: 0 | FAIL: 0
2026-01-23 03:18:05,914 - INFO - [PID:1181294] - Progress: 2550/17547 (14.5%) | Rate: 214.2 files/s | ETA: 70s | PASS: 2550 | DEGRADED: 0 | FAIL: 0
2026-01-23 03:18:06,104 - INFO - [PID:1181294] - Progress: 2600/17547 (14.8%) | Rate: 214.9 files/s | ETA: 70s | PASS: 2600 | DEGRADED: 0 | FAIL: 0
2026-01-23 03:18:06,295 - INFO - [PID:1181294] - Progress: 2650/17547 (15.1%) | Rate: 215.7 files/s | ETA: 69s | PASS: 2650 | DEGRADED: 0 | FAIL: 0
2026-01-23 03:18:06,495 - INFO - [PID:1181294] - Progress: 2700/17547 (15.4%) | Rate: 216.2 files/s | ETA: 69s | PASS: 2700 | DEGRADED: 0 | FAIL: 0
2026-01-23 03:18:06,750 - INFO - [PID:1181294] - Progress: 2750/17547 (15.7%) | Rate: 215.8 files/s | ETA: 69s | PASS: 2750 | DEGRADED: 0 | FAIL: 0
2026-01-23 03:18:06,885 - INFO - [PID:1181294] - Progress: 2800/17547 (16.0%) | Rate: 217.4 files/s | ETA: 68s | PASS: 2800 | DEGRADED: 0 | FAIL: 0
2026-01-23 03:18:07,154 - INFO - [PID:1181294] - Progress: 2850/17547 (16.2%) | Rate: 216.8 files/s | ETA: 68s | PASS: 2850 | DEGRADED: 0 | FAIL: 0
2026-01-23 03:18:07,270 - INFO - [PID:1181294] - Progress: 2900/17547 (16.5%) | Rate: 218.7 files/s | ETA: 67s | PASS: 2900 | DEGRADED: 0 | FAIL: 0
2026-01-23 03:18:07,451 - INFO - [PID:1181294] - Progress: 2950/17547 (16.8%) | Rate: 219.4 files/s | ETA: 67s | PASS: 2950 | DEGRADED: 0 | FAIL: 0
2026-01-23 03:18:07,551 - INFO - [PID:1181294] - Progress: 3000/17547 (17.1%) | Rate: 221.5 files/s | ETA: 66s | PASS: 3000 | DEGRADED: 0 | FAIL: 0
2026-01-23 03:18:07,650 - INFO - [PID:1181294] - Progress: 3050/17547 (17.4%) | Rate: 223.6 files/s | ETA: 65s | PASS: 3050 | DEGRADED: 0 | FAIL: 0
2026-01-23 03:18:07,791 - INFO - [PID:1181294] - Progress: 3100/17547 (17.7%) | Rate: 224.9 files/s | ETA: 64s | PASS: 3100 | DEGRADED: 0 | FAIL: 0
2026-01-23 03:18:07,892 - INFO - [PID:1181294] - Progress: 3150/17547 (18.0%) | Rate: 226.9 files/s | ETA: 63s | PASS: 3150 | DEGRADED: 0 | FAIL: 0
2026-01-23 03:18:08,065 - INFO - [PID:1181294] - Progress: 3200/17547 (18.2%) | Rate: 227.6 files/s | ETA: 63s | PASS: 3200 | DEGRADED: 0 | FAIL: 0
2026-01-23 03:18:08,165 - INFO - [PID:1181294] - Progress: 3250/17547 (18.5%) | Rate: 229.6 files/s | ETA: 62s | PASS: 3250 | DEGRADED: 0 | FAIL: 0
2026-01-23 03:18:08,328 - INFO - [PID:1181294] - Progress: 3300/17547 (18.8%) | Rate: 230.4 files/s | ETA: 62s | PASS: 3300 | DEGRADED: 0 | FAIL: 0
2026-01-23 03:18:08,497 - INFO - [PID:1181294] - Progress: 3350/17547 (19.1%) | Rate: 231.2 files/s | ETA: 61s | PASS: 3350 | DEGRADED: 0 | FAIL: 0
2026-01-23 03:18:08,870 - INFO - [PID:1181294] - Progress: 3400/17547 (19.4%) | Rate: 228.8 files/s | ETA: 62s | PASS: 3400 | DEGRADED: 0 | FAIL: 0
2026-01-23 03:18:09,114 - INFO - [PID:1181294] - Progress: 3450/17547 (19.7%) | Rate: 228.4 files/s | ETA: 62s | PASS: 3450 | DEGRADED: 0 | FAIL: 0
2026-01-23 03:18:09,353 - INFO - [PID:1181294] - Progress: 3500/17547 (19.9%) | Rate: 228.1 files/s | ETA: 62s | PASS: 3500 | DEGRADED: 0 | FAIL: 0
2026-01-23 03:18:09,620 - INFO - [PID:1181294] - Progress: 3550/17547 (20.2%) | Rate: 227.4 files/s | ETA: 62s | PASS: 3550 | DEGRADED: 0 | FAIL: 0
2026-01-23 03:18:09,879 - INFO - [PID:1181294] - Progress: 3600/17547 (20.5%) | Rate: 226.8 files/s | ETA: 61s | PASS: 3600 | DEGRADED: 0 | FAIL: 0
2026-01-23 03:18:10,245 - INFO - [PID:1181294] - Progress: 3650/17547 (20.8%) | Rate: 224.8 files/s | ETA: 62s | PASS: 3650 | DEGRADED: 0 | FAIL: 0
2026-01-23 03:18:10,463 - INFO - [PID:1181294] - Progress: 3700/17547 (21.1%) | Rate: 224.9 files/s | ETA: 62s | PASS: 3700 | DEGRADED: 0 | FAIL: 0
2026-01-23 03:18:10,618 - INFO - [PID:1181294] - Progress: 3750/17547 (21.4%) | Rate: 225.8 files/s | ETA: 61s | PASS: 3750 | DEGRADED: 0 | FAIL: 0
2026-01-23 03:18:11,087 - INFO - [PID:1181294] - Progress: 3800/17547 (21.7%) | Rate: 222.5 files/s | ETA: 62s | PASS: 3800 | DEGRADED: 0 | FAIL: 0
2026-01-23 03:18:11,301 - INFO - [PID:1181294] - Progress: 3850/17547 (21.9%) | Rate: 222.6 files/s | ETA: 62s | PASS: 3850 | DEGRADED: 0 | FAIL: 0
2026-01-23 03:18:11,784 - INFO - [PID:1181294] - Progress: 3900/17547 (22.2%) | Rate: 219.4 files/s | ETA: 62s | PASS: 3900 | DEGRADED: 0 | FAIL: 0
2026-01-23 03:18:12,003 - INFO - [PID:1181294] - Progress: 3950/17547 (22.5%) | Rate: 219.5 files/s | ETA: 62s | PASS: 3950 | DEGRADED: 0 | FAIL: 0
2026-01-23 03:18:12,211 - INFO - [PID:1181294] - Progress: 4000/17547 (22.8%) | Rate: 219.8 files/s | ETA: 62s | PASS: 4000 | DEGRADED: 0 | FAIL: 0
2026-01-23 03:18:12,464 - INFO - [PID:1181294] - Progress: 4050/17547 (23.1%) | Rate: 219.5 files/s | ETA: 62s | PASS: 4050 | DEGRADED: 0 | FAIL: 0
2026-01-23 03:18:12,683 - INFO - [PID:1181294] - Progress: 4100/17547 (23.4%) | Rate: 219.6 files/s | ETA: 61s | PASS: 4100 | DEGRADED: 0 | FAIL: 0
2026-01-23 03:18:12,863 - INFO - [PID:1181294] - Progress: 4150/17547 (23.7%) | Rate: 220.1 files/s | ETA: 61s | PASS: 4150 | DEGRADED: 0 | FAIL: 0
2026-01-23 03:18:13,114 - INFO - [PID:1181294] - Progress: 4200/17547 (23.9%) | Rate: 219.9 files/s | ETA: 61s | PASS: 4200 | DEGRADED: 0 | FAIL: 0
2026-01-23 03:18:13,315 - INFO - [PID:1181294] - Progress: 4250/17547 (24.2%) | Rate: 220.1 files/s | ETA: 60s | PASS: 4250 | DEGRADED: 0 | FAIL: 0
2026-01-23 03:18:13,496 - INFO - [PID:1181294] - Progress: 4300/17547 (24.5%) | Rate: 220.7 files/s | ETA: 60s | PASS: 4300 | DEGRADED: 0 | FAIL: 0
2026-01-23 03:18:13,740 - INFO - [PID:1181294] - Progress: 4350/17547 (24.8%) | Rate: 220.5 files/s | ETA: 60s | PASS: 4350 | DEGRADED: 0 | FAIL: 0
2026-01-23 03:18:14,001 - INFO - [PID:1181294] - Progress: 4400/17547 (25.1%) | Rate: 220.1 files/s | ETA: 60s | PASS: 4400 | DEGRADED: 0 | FAIL: 0
2026-01-23 03:18:14,181 - INFO - [PID:1181294] - Progress: 4450/17547 (25.4%) | Rate: 220.6 files/s | ETA: 59s | PASS: 4450 | DEGRADED: 0 | FAIL: 0
2026-01-23 03:18:14,393 - INFO - [PID:1181294] - Progress: 4500/17547 (25.6%) | Rate: 220.8 files/s | ETA: 59s | PASS: 4500 | DEGRADED: 0 | FAIL: 0
2026-01-23 03:18:14,618 - INFO - [PID:1181294] - Progress: 4550/17547 (25.9%) | Rate: 220.8 files/s | ETA: 59s | PASS: 4550 | DEGRADED: 0 | FAIL: 0
2026-01-23 03:18:14,813 - INFO - [PID:1181294] - Progress: 4600/17547 (26.2%) | Rate: 221.1 files/s | ETA: 59s | PASS: 4600 | DEGRADED: 0 | FAIL: 0
2026-01-23 03:18:14,926 - INFO - [PID:1181294] - Progress: 4650/17547 (26.5%) | Rate: 222.3 files/s | ETA: 58s | PASS: 4650 | DEGRADED: 0 | FAIL: 0
2026-01-23 03:18:15,070 - INFO - [PID:1181294] - Progress: 4700/17547 (26.8%) | Rate: 223.2 files/s | ETA: 58s | PASS: 4700 | DEGRADED: 0 | FAIL: 0
2026-01-23 03:18:15,174 - INFO - [PID:1181294] - Progress: 4750/17547 (27.1%) | Rate: 224.4 files/s | ETA: 57s | PASS: 4750 | DEGRADED: 0 | FAIL: 0
2026-01-23 03:18:15,349 - INFO - [PID:1181294] - Progress: 4800/17547 (27.4%) | Rate: 224.9 files/s | ETA: 57s | PASS: 4800 | DEGRADED: 0 | FAIL: 0
2026-01-23 03:18:15,532 - INFO - [PID:1181294] - Progress: 4850/17547 (27.6%) | Rate: 225.3 files/s | ETA: 56s | PASS: 4850 | DEGRADED: 0 | FAIL: 0
2026-01-23 03:18:15,699 - INFO - [PID:1181294] - Progress: 4900/17547 (27.9%) | Rate: 225.9 files/s | ETA: 56s | PASS: 4900 | DEGRADED: 0 | FAIL: 0
2026-01-23 03:18:16,070 - INFO - [PID:1181294] - Progress: 4950/17547 (28.2%) | Rate: 224.4 files/s | ETA: 56s | PASS: 4950 | DEGRADED: 0 | FAIL: 0
2026-01-23 03:18:16,383 - INFO - [PID:1181294] - Progress: 5000/17547 (28.5%) | Rate: 223.5 files/s | ETA: 56s | PASS: 5000 | DEGRADED: 0 | FAIL: 0
2026-01-23 03:18:16,623 - INFO - [PID:1181294] - Progress: 5050/17547 (28.8%) | Rate: 223.3 files/s | ETA: 56s | PASS: 5050 | DEGRADED: 0 | FAIL: 0
2026-01-23 03:18:16,784 - INFO - [PID:1181294] - Progress: 5100/17547 (29.1%) | Rate: 223.9 files/s | ETA: 56s | PASS: 5100 | DEGRADED: 0 | FAIL: 0
2026-01-23 03:18:17,255 - INFO - [PID:1181294] - Progress: 5150/17547 (29.3%) | Rate: 221.5 files/s | ETA: 56s | PASS: 5150 | DEGRADED: 0 | FAIL: 0
2026-01-23 03:18:17,469 - INFO - [PID:1181294] - Progress: 5200/17547 (29.6%) | Rate: 221.7 files/s | ETA: 56s | PASS: 5200 | DEGRADED: 0 | FAIL: 0
2026-01-23 03:18:17,626 - INFO - [PID:1181294] - Progress: 5250/17547 (29.9%) | Rate: 222.3 files/s | ETA: 55s | PASS: 5250 | DEGRADED: 0 | FAIL: 0
2026-01-23 03:18:17,837 - INFO - [PID:1181294] - Progress: 5300/17547 (30.2%) | Rate: 222.4 files/s | ETA: 55s | PASS: 5300 | DEGRADED: 0 | FAIL: 0
2026-01-23 03:18:18,060 - INFO - [PID:1181294] - Progress: 5350/17547 (30.5%) | Rate: 222.4 files/s | ETA: 55s | PASS: 5350 | DEGRADED: 0 | FAIL: 0
2026-01-23 03:18:18,278 - INFO - [PID:1181294] - Progress: 5400/17547 (30.8%) | Rate: 222.5 files/s | ETA: 55s | PASS: 5400 | DEGRADED: 0 | FAIL: 0
2026-01-23 03:18:18,471 - INFO - [PID:1181294] - Progress: 5450/17547 (31.1%) | Rate: 222.8 files/s | ETA: 54s | PASS: 5450 | DEGRADED: 0 | FAIL: 0
2026-01-23 03:18:18,687 - INFO - [PID:1181294] - Progress: 5500/17547 (31.3%) | Rate: 222.9 files/s | ETA: 54s | PASS: 5500 | DEGRADED: 0 | FAIL: 0
2026-01-23 03:18:18,818 - INFO - [PID:1181294] - Progress: 5550/17547 (31.6%) | Rate: 223.7 files/s | ETA: 54s | PASS: 5550 | DEGRADED: 0 | FAIL: 0
2026-01-23 03:18:19,034 - INFO - [PID:1181294] - Progress: 5600/17547 (31.9%) | Rate: 223.8 files/s | ETA: 53s | PASS: 5600 | DEGRADED: 0 | FAIL: 0
2026-01-23 03:18:19,261 - INFO - [PID:1181294] - Progress: 5650/17547 (32.2%) | Rate: 223.8 files/s | ETA: 53s | PASS: 5650 | DEGRADED: 0 | FAIL: 0
2026-01-23 03:18:19,439 - INFO - [PID:1181294] - Progress: 5700/17547 (32.5%) | Rate: 224.2 files/s | ETA: 53s | PASS: 5700 | DEGRADED: 0 | FAIL: 0
2026-01-23 03:18:19,640 - INFO - [PID:1181294] - Progress: 5750/17547 (32.8%) | Rate: 224.3 files/s | ETA: 53s | PASS: 5750 | DEGRADED: 0 | FAIL: 0
2026-01-23 03:18:19,868 - INFO - [PID:1181294] - Progress: 5800/17547 (33.1%) | Rate: 224.3 files/s | ETA: 52s | PASS: 5800 | DEGRADED: 0 | FAIL: 0
2026-01-23 03:18:20,018 - INFO - [PID:1181294] - Progress: 5850/17547 (33.3%) | Rate: 224.9 files/s | ETA: 52s | PASS: 5850 | DEGRADED: 0 | FAIL: 0
2026-01-23 03:18:20,173 - INFO - [PID:1181294] - Progress: 5900/17547 (33.6%) | Rate: 225.5 files/s | ETA: 52s | PASS: 5900 | DEGRADED: 0 | FAIL: 0
2026-01-23 03:18:20,390 - INFO - [PID:1181294] - Progress: 5950/17547 (33.9%) | Rate: 225.6 files/s | ETA: 51s | PASS: 5950 | DEGRADED: 0 | FAIL: 0
2026-01-23 03:18:20,511 - INFO - [PID:1181294] - Progress: 6000/17547 (34.2%) | Rate: 226.4 files/s | ETA: 51s | PASS: 6000 | DEGRADED: 0 | FAIL: 0
2026-01-23 03:18:20,620 - INFO - [PID:1181294] - Progress: 6050/17547 (34.5%) | Rate: 227.4 files/s | ETA: 51s | PASS: 6050 | DEGRADED: 0 | FAIL: 0
2026-01-23 03:18:20,790 - INFO - [PID:1181294] - Progress: 6100/17547 (34.8%) | Rate: 227.8 files/s | ETA: 50s | PASS: 6100 | DEGRADED: 0 | FAIL: 0
2026-01-23 03:18:20,893 - INFO - [PID:1181294] - Progress: 6150/17547 (35.0%) | Rate: 228.8 files/s | ETA: 50s | PASS: 6150 | DEGRADED: 0 | FAIL: 0
2026-01-23 03:18:20,995 - INFO - [PID:1181294] - Progress: 6200/17547 (35.3%) | Rate: 229.8 files/s | ETA: 49s | PASS: 6200 | DEGRADED: 0 | FAIL: 0
2026-01-23 03:18:21,093 - INFO - [PID:1181294] - Progress: 6250/17547 (35.6%) | Rate: 230.8 files/s | ETA: 49s | PASS: 6250 | DEGRADED: 0 | FAIL: 0
2026-01-23 03:18:21,299 - INFO - [PID:1181294] - Progress: 6300/17547 (35.9%) | Rate: 230.9 files/s | ETA: 49s | PASS: 6300 | DEGRADED: 0 | FAIL: 0
2026-01-23 03:18:21,504 - INFO - [PID:1181294] - Progress: 6350/17547 (36.2%) | Rate: 231.0 files/s | ETA: 48s | PASS: 6350 | DEGRADED: 0 | FAIL: 0
2026-01-23 03:18:21,696 - INFO - [PID:1181294] - Progress: 6400/17547 (36.5%) | Rate: 231.2 files/s | ETA: 48s | PASS: 6400 | DEGRADED: 0 | FAIL: 0
2026-01-23 03:18:21,898 - INFO - [PID:1181294] - Progress: 6450/17547 (36.8%) | Rate: 231.3 files/s | ETA: 48s | PASS: 6450 | DEGRADED: 0 | FAIL: 0
2026-01-23 03:18:22,079 - INFO - [PID:1181294] - Progress: 6500/17547 (37.0%) | Rate: 231.6 files/s | ETA: 48s | PASS: 6500 | DEGRADED: 0 | FAIL: 0
2026-01-23 03:18:22,180 - INFO - [PID:1181294] - Progress: 6550/17547 (37.3%) | Rate: 232.5 files/s | ETA: 47s | PASS: 6550 | DEGRADED: 0 | FAIL: 0
2026-01-23 03:18:22,281 - INFO - [PID:1181294] - Progress: 6600/17547 (37.6%) | Rate: 233.5 files/s | ETA: 47s | PASS: 6600 | DEGRADED: 0 | FAIL: 0
2026-01-23 03:18:22,381 - INFO - [PID:1181294] - Progress: 6650/17547 (37.9%) | Rate: 234.4 files/s | ETA: 46s | PASS: 6650 | DEGRADED: 0 | FAIL: 0
2026-01-23 03:18:22,910 - INFO - [PID:1181294] - Progress: 6700/17547 (38.2%) | Rate: 231.9 files/s | ETA: 47s | PASS: 6700 | DEGRADED: 0 | FAIL: 0
2026-01-23 03:18:23,269 - INFO - [PID:1181294] - Progress: 6750/17547 (38.5%) | Rate: 230.7 files/s | ETA: 47s | PASS: 6750 | DEGRADED: 0 | FAIL: 0
2026-01-23 03:18:23,366 - INFO - [PID:1181294] - Progress: 6800/17547 (38.8%) | Rate: 231.7 files/s | ETA: 46s | PASS: 6800 | DEGRADED: 0 | FAIL: 0
2026-01-23 03:18:23,485 - INFO - [PID:1181294] - Progress: 6850/17547 (39.0%) | Rate: 232.4 files/s | ETA: 46s | PASS: 6850 | DEGRADED: 0 | FAIL: 0
2026-01-23 03:18:23,586 - INFO - [PID:1181294] - Progress: 6900/17547 (39.3%) | Rate: 233.3 files/s | ETA: 46s | PASS: 6900 | DEGRADED: 0 | FAIL: 0
2026-01-23 03:18:23,702 - INFO - [PID:1181294] - Progress: 6950/17547 (39.6%) | Rate: 234.1 files/s | ETA: 45s | PASS: 6950 | DEGRADED: 0 | FAIL: 0
2026-01-23 03:18:23,803 - INFO - [PID:1181294] - Progress: 7000/17547 (39.9%) | Rate: 235.0 files/s | ETA: 45s | PASS: 7000 | DEGRADED: 0 | FAIL: 0
2026-01-23 03:18:23,936 - INFO - [PID:1181294] - Progress: 7050/17547 (40.2%) | Rate: 235.6 files/s | ETA: 45s | PASS: 7050 | DEGRADED: 0 | FAIL: 0
2026-01-23 03:18:24,036 - INFO - [PID:1181294] - Progress: 7100/17547 (40.5%) | Rate: 236.5 files/s | ETA: 44s | PASS: 7100 | DEGRADED: 0 | FAIL: 0
2026-01-23 03:18:24,212 - INFO - [PID:1181294] - Progress: 7150/17547 (40.7%) | Rate: 236.8 files/s | ETA: 44s | PASS: 7150 | DEGRADED: 0 | FAIL: 0
2026-01-23 03:18:24,320 - INFO - [PID:1181294] - Progress: 7200/17547 (41.0%) | Rate: 237.6 files/s | ETA: 44s | PASS: 7200 | DEGRADED: 0 | FAIL: 0
2026-01-23 03:18:24,444 - INFO - [PID:1181294] - Progress: 7250/17547 (41.3%) | Rate: 238.2 files/s | ETA: 43s | PASS: 7250 | DEGRADED: 0 | FAIL: 0
2026-01-23 03:18:24,545 - INFO - [PID:1181294] - Progress: 7300/17547 (41.6%) | Rate: 239.1 files/s | ETA: 43s | PASS: 7300 | DEGRADED: 0 | FAIL: 0
2026-01-23 03:18:24,644 - INFO - [PID:1181294] - Progress: 7350/17547 (41.9%) | Rate: 239.9 files/s | ETA: 42s | PASS: 7350 | DEGRADED: 0 | FAIL: 0
2026-01-23 03:18:24,890 - INFO - [PID:1181294] - Progress: 7400/17547 (42.2%) | Rate: 239.6 files/s | ETA: 42s | PASS: 7400 | DEGRADED: 0 | FAIL: 0
2026-01-23 03:18:25,094 - INFO - [PID:1181294] - Progress: 7450/17547 (42.5%) | Rate: 239.7 files/s | ETA: 42s | PASS: 7450 | DEGRADED: 0 | FAIL: 0
2026-01-23 03:18:25,280 - INFO - [PID:1181294] - Progress: 7500/17547 (42.7%) | Rate: 239.9 files/s | ETA: 42s | PASS: 7500 | DEGRADED: 0 | FAIL: 0
2026-01-23 03:18:25,450 - INFO - [PID:1181294] - Progress: 7550/17547 (43.0%) | Rate: 240.2 files/s | ETA: 42s | PASS: 7550 | DEGRADED: 0 | FAIL: 0
2026-01-23 03:18:25,618 - INFO - [PID:1181294] - Progress: 7600/17547 (43.3%) | Rate: 240.5 files/s | ETA: 41s | PASS: 7600 | DEGRADED: 0 | FAIL: 0
2026-01-23 03:18:25,762 - INFO - [PID:1181294] - Progress: 7650/17547 (43.6%) | Rate: 240.9 files/s | ETA: 41s | PASS: 7650 | DEGRADED: 0 | FAIL: 0
2026-01-23 03:18:25,880 - INFO - [PID:1181294] - Progress: 7700/17547 (43.9%) | Rate: 241.6 files/s | ETA: 41s | PASS: 7700 | DEGRADED: 0 | FAIL: 0
2026-01-23 03:18:25,980 - INFO - [PID:1181294] - Progress: 7750/17547 (44.2%) | Rate: 242.4 files/s | ETA: 40s | PASS: 7750 | DEGRADED: 0 | FAIL: 0
2026-01-23 03:18:26,100 - INFO - [PID:1181294] - Progress: 7800/17547 (44.5%) | Rate: 243.1 files/s | ETA: 40s | PASS: 7800 | DEGRADED: 0 | FAIL: 0
2026-01-23 03:18:26,278 - INFO - [PID:1181294] - Progress: 7850/17547 (44.7%) | Rate: 243.3 files/s | ETA: 40s | PASS: 7850 | DEGRADED: 0 | FAIL: 0
2026-01-23 03:18:26,403 - INFO - [PID:1181294] - Progress: 7900/17547 (45.0%) | Rate: 243.9 files/s | ETA: 40s | PASS: 7900 | DEGRADED: 0 | FAIL: 0
2026-01-23 03:18:26,504 - INFO - [PID:1181294] - Progress: 7950/17547 (45.3%) | Rate: 244.7 files/s | ETA: 39s | PASS: 7950 | DEGRADED: 0 | FAIL: 0
2026-01-23 03:18:26,639 - INFO - [PID:1181294] - Progress: 8000/17547 (45.6%) | Rate: 245.2 files/s | ETA: 39s | PASS: 8000 | DEGRADED: 0 | FAIL: 0
2026-01-23 03:18:26,807 - INFO - [PID:1181294] - Progress: 8050/17547 (45.9%) | Rate: 245.5 files/s | ETA: 39s | PASS: 8050 | DEGRADED: 0 | FAIL: 0
2026-01-23 03:18:26,934 - INFO - [PID:1181294] - Progress: 8100/17547 (46.2%) | Rate: 246.0 files/s | ETA: 38s | PASS: 8100 | DEGRADED: 0 | FAIL: 0
2026-01-23 03:18:27,127 - INFO - [PID:1181294] - Progress: 8150/17547 (46.4%) | Rate: 246.1 files/s | ETA: 38s | PASS: 8150 | DEGRADED: 0 | FAIL: 0
2026-01-23 03:18:27,284 - INFO - [PID:1181294] - Progress: 8200/17547 (46.7%) | Rate: 246.5 files/s | ETA: 38s | PASS: 8200 | DEGRADED: 0 | FAIL: 0
2026-01-23 03:18:27,481 - INFO - [PID:1181294] - Progress: 8250/17547 (47.0%) | Rate: 246.5 files/s | ETA: 38s | PASS: 8250 | DEGRADED: 0 | FAIL: 0
2026-01-23 03:18:27,613 - INFO - [PID:1181294] - Progress: 8300/17547 (47.3%) | Rate: 247.0 files/s | ETA: 37s | PASS: 8300 | DEGRADED: 0 | FAIL: 0
2026-01-23 03:18:27,868 - INFO - [PID:1181294] - Progress: 8350/17547 (47.6%) | Rate: 246.6 files/s | ETA: 37s | PASS: 8350 | DEGRADED: 0 | FAIL: 0
2026-01-23 03:18:28,020 - INFO - [PID:1181294] - Progress: 8400/17547 (47.9%) | Rate: 247.0 files/s | ETA: 37s | PASS: 8400 | DEGRADED: 0 | FAIL: 0
2026-01-23 03:18:28,132 - INFO - [PID:1181294] - Progress: 8450/17547 (48.2%) | Rate: 247.7 files/s | ETA: 37s | PASS: 8450 | DEGRADED: 0 | FAIL: 0
2026-01-23 03:18:28,284 - INFO - [PID:1181294] - Progress: 8500/17547 (48.4%) | Rate: 248.0 files/s | ETA: 36s | PASS: 8500 | DEGRADED: 0 | FAIL: 0
2026-01-23 03:18:28,440 - INFO - [PID:1181294] - Progress: 8550/17547 (48.7%) | Rate: 248.4 files/s | ETA: 36s | PASS: 8550 | DEGRADED: 0 | FAIL: 0
2026-01-23 03:18:28,591 - INFO - [PID:1181294] - Progress: 8600/17547 (49.0%) | Rate: 248.7 files/s | ETA: 36s | PASS: 8600 | DEGRADED: 0 | FAIL: 0
2026-01-23 03:18:28,916 - INFO - [PID:1181294] - Progress: 8650/17547 (49.3%) | Rate: 247.8 files/s | ETA: 36s | PASS: 8650 | DEGRADED: 0 | FAIL: 0
2026-01-23 03:18:29,148 - INFO - [PID:1181294] - Progress: 8700/17547 (49.6%) | Rate: 247.6 files/s | ETA: 36s | PASS: 8700 | DEGRADED: 0 | FAIL: 0
2026-01-23 03:18:29,272 - INFO - [PID:1181294] - Progress: 8750/17547 (49.9%) | Rate: 248.2 files/s | ETA: 35s | PASS: 8750 | DEGRADED: 0 | FAIL: 0
2026-01-23 03:18:29,427 - INFO - [PID:1181294] - Progress: 8800/17547 (50.2%) | Rate: 248.5 files/s | ETA: 35s | PASS: 8800 | DEGRADED: 0 | FAIL: 0
2026-01-23 03:18:29,527 - INFO - [PID:1181294] - Progress: 8850/17547 (50.4%) | Rate: 249.2 files/s | ETA: 35s | PASS: 8850 | DEGRADED: 0 | FAIL: 0
2026-01-23 03:18:29,632 - INFO - [PID:1181294] - Progress: 8900/17547 (50.7%) | Rate: 249.9 files/s | ETA: 35s | PASS: 8900 | DEGRADED: 0 | FAIL: 0
2026-01-23 03:18:29,727 - INFO - [PID:1181294] - Progress: 8950/17547 (51.0%) | Rate: 250.6 files/s | ETA: 34s | PASS: 8950 | DEGRADED: 0 | FAIL: 0
2026-01-23 03:18:30,096 - INFO - [PID:1181294] - Progress: 9000/17547 (51.3%) | Rate: 249.4 files/s | ETA: 34s | PASS: 9000 | DEGRADED: 0 | FAIL: 0
2026-01-23 03:18:30,198 - INFO - [PID:1181294] - Progress: 9050/17547 (51.6%) | Rate: 250.1 files/s | ETA: 34s | PASS: 9050 | DEGRADED: 0 | FAIL: 0
2026-01-23 03:18:30,296 - INFO - [PID:1181294] - Progress: 9100/17547 (51.9%) | Rate: 250.8 files/s | ETA: 34s | PASS: 9100 | DEGRADED: 0 | FAIL: 0
2026-01-23 03:18:30,436 - INFO - [PID:1181294] - Progress: 9150/17547 (52.1%) | Rate: 251.3 files/s | ETA: 33s | PASS: 9150 | DEGRADED: 0 | FAIL: 0
2026-01-23 03:18:30,524 - INFO - [PID:1181294] - Progress: 9200/17547 (52.4%) | Rate: 252.0 files/s | ETA: 33s | PASS: 9200 | DEGRADED: 0 | FAIL: 0
2026-01-23 03:18:30,613 - INFO - [PID:1181294] - Progress: 9250/17547 (52.7%) | Rate: 252.7 files/s | ETA: 33s | PASS: 9250 | DEGRADED: 0 | FAIL: 0
2026-01-23 03:18:30,741 - INFO - [PID:1181294] - Progress: 9300/17547 (53.0%) | Rate: 253.2 files/s | ETA: 33s | PASS: 9300 | DEGRADED: 0 | FAIL: 0
2026-01-23 03:18:31,219 - INFO - [PID:1181294] - Progress: 9350/17547 (53.3%) | Rate: 251.3 files/s | ETA: 33s | PASS: 9350 | DEGRADED: 0 | FAIL: 0
2026-01-23 03:18:31,729 - INFO - [PID:1181294] - Progress: 9400/17547 (53.6%) | Rate: 249.2 files/s | ETA: 33s | PASS: 9400 | DEGRADED: 0 | FAIL: 0
2026-01-23 03:18:31,827 - INFO - [PID:1181294] - Progress: 9450/17547 (53.9%) | Rate: 249.9 files/s | ETA: 32s | PASS: 9450 | DEGRADED: 0 | FAIL: 0
2026-01-23 03:18:31,954 - INFO - [PID:1181294] - Progress: 9500/17547 (54.1%) | Rate: 250.4 files/s | ETA: 32s | PASS: 9500 | DEGRADED: 0 | FAIL: 0
2026-01-23 03:18:32,167 - INFO - [PID:1181294] - Progress: 9550/17547 (54.4%) | Rate: 250.3 files/s | ETA: 32s | PASS: 9550 | DEGRADED: 0 | FAIL: 0
2026-01-23 03:18:32,366 - INFO - [PID:1181294] - Progress: 9600/17547 (54.7%) | Rate: 250.3 files/s | ETA: 32s | PASS: 9600 | DEGRADED: 0 | FAIL: 0
2026-01-23 03:18:32,658 - INFO - [PID:1181294] - Progress: 9650/17547 (55.0%) | Rate: 249.7 files/s | ETA: 32s | PASS: 9650 | DEGRADED: 0 | FAIL: 0
2026-01-23 03:18:32,755 - INFO - [PID:1181294] - Progress: 9700/17547 (55.3%) | Rate: 250.4 files/s | ETA: 31s | PASS: 9700 | DEGRADED: 0 | FAIL: 0
2026-01-23 03:18:32,861 - INFO - [PID:1181294] - Progress: 9750/17547 (55.6%) | Rate: 251.0 files/s | ETA: 31s | PASS: 9750 | DEGRADED: 0 | FAIL: 0
2026-01-23 03:18:32,958 - INFO - [PID:1181294] - Progress: 9800/17547 (55.9%) | Rate: 251.7 files/s | ETA: 31s | PASS: 9800 | DEGRADED: 0 | FAIL: 0
2026-01-23 03:18:33,081 - INFO - [PID:1181294] - Progress: 9850/17547 (56.1%) | Rate: 252.1 files/s | ETA: 31s | PASS: 9850 | DEGRADED: 0 | FAIL: 0
2026-01-23 03:18:33,178 - INFO - [PID:1181294] - Progress: 9900/17547 (56.4%) | Rate: 252.8 files/s | ETA: 30s | PASS: 9900 | DEGRADED: 0 | FAIL: 0
2026-01-23 03:18:33,278 - INFO - [PID:1181294] - Progress: 9950/17547 (56.7%) | Rate: 253.4 files/s | ETA: 30s | PASS: 9950 | DEGRADED: 0 | FAIL: 0
2026-01-23 03:18:33,389 - INFO - [PID:1181294] - Progress: 10000/17547 (57.0%) | Rate: 254.0 files/s | ETA: 30s | PASS: 10000 | DEGRADED: 0 | FAIL: 0
2026-01-23 03:18:33,488 - INFO - [PID:1181294] - Progress: 10050/17547 (57.3%) | Rate: 254.6 files/s | ETA: 29s | PASS: 10050 | DEGRADED: 0 | FAIL: 0
2026-01-23 03:18:33,583 - INFO - [PID:1181294] - Progress: 10100/17547 (57.6%) | Rate: 255.3 files/s | ETA: 29s | PASS: 10100 | DEGRADED: 0 | FAIL: 0
2026-01-23 03:18:33,681 - INFO - [PID:1181294] - Progress: 10150/17547 (57.8%) | Rate: 255.9 files/s | ETA: 29s | PASS: 10150 | DEGRADED: 0 | FAIL: 0
2026-01-23 03:18:33,885 - INFO - [PID:1181294] - Progress: 10200/17547 (58.1%) | Rate: 255.8 files/s | ETA: 29s | PASS: 10200 | DEGRADED: 0 | FAIL: 0
2026-01-23 03:18:33,982 - INFO - [PID:1181294] - Progress: 10250/17547 (58.4%) | Rate: 256.5 files/s | ETA: 28s | PASS: 10250 | DEGRADED: 0 | FAIL: 0
2026-01-23 03:18:34,075 - INFO - [PID:1181294] - Progress: 10300/17547 (58.7%) | Rate: 257.1 files/s | ETA: 28s | PASS: 10300 | DEGRADED: 0 | FAIL: 0
2026-01-23 03:18:34,247 - INFO - [PID:1181294] - Progress: 10350/17547 (59.0%) | Rate: 257.3 files/s | ETA: 28s | PASS: 10350 | DEGRADED: 0 | FAIL: 0
2026-01-23 03:18:34,381 - INFO - [PID:1181294] - Progress: 10400/17547 (59.3%) | Rate: 257.6 files/s | ETA: 28s | PASS: 10400 | DEGRADED: 0 | FAIL: 0
2026-01-23 03:18:34,477 - INFO - [PID:1181294] - Progress: 10450/17547 (59.6%) | Rate: 258.3 files/s | ETA: 27s | PASS: 10450 | DEGRADED: 0 | FAIL: 0
2026-01-23 03:18:34,742 - INFO - [PID:1181294] - Progress: 10500/17547 (59.8%) | Rate: 257.8 files/s | ETA: 27s | PASS: 10500 | DEGRADED: 0 | FAIL: 0
2026-01-23 03:18:34,846 - INFO - [PID:1181294] - Progress: 10550/17547 (60.1%) | Rate: 258.4 files/s | ETA: 27s | PASS: 10550 | DEGRADED: 0 | FAIL: 0
2026-01-23 03:18:34,945 - INFO - [PID:1181294] - Progress: 10600/17547 (60.4%) | Rate: 259.0 files/s | ETA: 27s | PASS: 10600 | DEGRADED: 0 | FAIL: 0
2026-01-23 03:18:35,041 - INFO - [PID:1181294] - Progress: 10650/17547 (60.7%) | Rate: 259.6 files/s | ETA: 27s | PASS: 10650 | DEGRADED: 0 | FAIL: 0
2026-01-23 03:18:35,148 - INFO - [PID:1181294] - Progress: 10700/17547 (61.0%) | Rate: 260.2 files/s | ETA: 26s | PASS: 10700 | DEGRADED: 0 | FAIL: 0
2026-01-23 03:18:35,306 - INFO - [PID:1181294] - Progress: 10750/17547 (61.3%) | Rate: 260.3 files/s | ETA: 26s | PASS: 10750 | DEGRADED: 0 | FAIL: 0
2026-01-23 03:18:35,406 - INFO - [PID:1181294] - Progress: 10800/17547 (61.5%) | Rate: 260.9 files/s | ETA: 26s | PASS: 10800 | DEGRADED: 0 | FAIL: 0
2026-01-23 03:18:35,499 - INFO - [PID:1181294] - Progress: 10850/17547 (61.8%) | Rate: 261.6 files/s | ETA: 26s | PASS: 10850 | DEGRADED: 0 | FAIL: 0
2026-01-23 03:18:35,663 - INFO - [PID:1181294] - Progress: 10900/17547 (62.1%) | Rate: 261.7 files/s | ETA: 25s | PASS: 10900 | DEGRADED: 0 | FAIL: 0
2026-01-23 03:18:35,850 - INFO - [PID:1181294] - Progress: 10950/17547 (62.4%) | Rate: 261.7 files/s | ETA: 25s | PASS: 10950 | DEGRADED: 0 | FAIL: 0
2026-01-23 03:18:36,102 - INFO - [PID:1181294] - Progress: 11000/17547 (62.7%) | Rate: 261.4 files/s | ETA: 25s | PASS: 11000 | DEGRADED: 0 | FAIL: 0
2026-01-23 03:18:36,344 - INFO - [PID:1181294] - Progress: 11050/17547 (63.0%) | Rate: 261.1 files/s | ETA: 25s | PASS: 11050 | DEGRADED: 0 | FAIL: 0
2026-01-23 03:18:36,444 - INFO - [PID:1181294] - Progress: 11100/17547 (63.3%) | Rate: 261.6 files/s | ETA: 25s | PASS: 11100 | DEGRADED: 0 | FAIL: 0
2026-01-23 03:18:36,542 - INFO - [PID:1181294] - Progress: 11150/17547 (63.5%) | Rate: 262.2 files/s | ETA: 24s | PASS: 11150 | DEGRADED: 0 | FAIL: 0
2026-01-23 03:18:36,643 - INFO - [PID:1181294] - Progress: 11200/17547 (63.8%) | Rate: 262.8 files/s | ETA: 24s | PASS: 11200 | DEGRADED: 0 | FAIL: 0
2026-01-23 03:18:36,768 - INFO - [PID:1181294] - Progress: 11250/17547 (64.1%) | Rate: 263.2 files/s | ETA: 24s | PASS: 11250 | DEGRADED: 0 | FAIL: 0
2026-01-23 03:18:37,164 - INFO - [PID:1181294] - Progress: 11300/17547 (64.4%) | Rate: 261.9 files/s | ETA: 24s | PASS: 11300 | DEGRADED: 0 | FAIL: 0
2026-01-23 03:18:37,719 - INFO - [PID:1181294] - Progress: 11350/17547 (64.7%) | Rate: 259.7 files/s | ETA: 24s | PASS: 11350 | DEGRADED: 0 | FAIL: 0
2026-01-23 03:18:37,925 - INFO - [PID:1181294] - Progress: 11400/17547 (65.0%) | Rate: 259.6 files/s | ETA: 24s | PASS: 11400 | DEGRADED: 0 | FAIL: 0
2026-01-23 03:18:38,021 - INFO - [PID:1181294] - Progress: 11450/17547 (65.3%) | Rate: 260.2 files/s | ETA: 23s | PASS: 11450 | DEGRADED: 0 | FAIL: 0
2026-01-23 03:18:38,124 - INFO - [PID:1181294] - Progress: 11500/17547 (65.5%) | Rate: 260.7 files/s | ETA: 23s | PASS: 11500 | DEGRADED: 0 | FAIL: 0
2026-01-23 03:18:38,239 - INFO - [PID:1181294] - Progress: 11550/17547 (65.8%) | Rate: 261.2 files/s | ETA: 23s | PASS: 11550 | DEGRADED: 0 | FAIL: 0
2026-01-23 03:18:38,356 - INFO - [PID:1181294] - Progress: 11600/17547 (66.1%) | Rate: 261.6 files/s | ETA: 23s | PASS: 11600 | DEGRADED: 0 | FAIL: 0
2026-01-23 03:18:38,449 - INFO - [PID:1181294] - Progress: 11650/17547 (66.4%) | Rate: 262.2 files/s | ETA: 22s | PASS: 11650 | DEGRADED: 0 | FAIL: 0
2026-01-23 03:18:38,639 - INFO - [PID:1181294] - Progress: 11700/17547 (66.7%) | Rate: 262.2 files/s | ETA: 22s | PASS: 11700 | DEGRADED: 0 | FAIL: 0
2026-01-23 03:18:38,773 - INFO - [PID:1181294] - Progress: 11750/17547 (67.0%) | Rate: 262.6 files/s | ETA: 22s | PASS: 11750 | DEGRADED: 0 | FAIL: 0
2026-01-23 03:18:38,870 - INFO - [PID:1181294] - Progress: 11800/17547 (67.2%) | Rate: 263.1 files/s | ETA: 22s | PASS: 11800 | DEGRADED: 0 | FAIL: 0
2026-01-23 03:18:38,965 - INFO - [PID:1181294] - Progress: 11850/17547 (67.5%) | Rate: 263.7 files/s | ETA: 22s | PASS: 11850 | DEGRADED: 0 | FAIL: 0
2026-01-23 03:18:39,186 - INFO - [PID:1181294] - Progress: 11900/17547 (67.8%) | Rate: 263.5 files/s | ETA: 21s | PASS: 11900 | DEGRADED: 0 | FAIL: 0
2026-01-23 03:18:39,336 - INFO - [PID:1181294] - Progress: 11950/17547 (68.1%) | Rate: 263.7 files/s | ETA: 21s | PASS: 11950 | DEGRADED: 0 | FAIL: 0
2026-01-23 03:18:39,506 - INFO - [PID:1181294] - Progress: 12000/17547 (68.4%) | Rate: 263.8 files/s | ETA: 21s | PASS: 12000 | DEGRADED: 0 | FAIL: 0
2026-01-23 03:18:39,608 - INFO - [PID:1181294] - Progress: 12050/17547 (68.7%) | Rate: 264.3 files/s | ETA: 21s | PASS: 12050 | DEGRADED: 0 | FAIL: 0
2026-01-23 03:18:39,740 - INFO - [PID:1181294] - Progress: 12100/17547 (69.0%) | Rate: 264.7 files/s | ETA: 21s | PASS: 12100 | DEGRADED: 0 | FAIL: 0
2026-01-23 03:18:39,943 - INFO - [PID:1181294] - Progress: 12150/17547 (69.2%) | Rate: 264.6 files/s | ETA: 20s | PASS: 12150 | DEGRADED: 0 | FAIL: 0
2026-01-23 03:18:40,159 - INFO - [PID:1181294] - Progress: 12200/17547 (69.5%) | Rate: 264.4 files/s | ETA: 20s | PASS: 12200 | DEGRADED: 0 | FAIL: 0
2026-01-23 03:18:40,415 - INFO - [PID:1181294] - Progress: 12250/17547 (69.8%) | Rate: 264.0 files/s | ETA: 20s | PASS: 12250 | DEGRADED: 0 | FAIL: 0
2026-01-23 03:18:40,564 - INFO - [PID:1181294] - Progress: 12300/17547 (70.1%) | Rate: 264.3 files/s | ETA: 20s | PASS: 12300 | DEGRADED: 0 | FAIL: 0
2026-01-23 03:18:40,713 - INFO - [PID:1181294] - Progress: 12350/17547 (70.4%) | Rate: 264.5 files/s | ETA: 20s | PASS: 12350 | DEGRADED: 0 | FAIL: 0
2026-01-23 03:18:40,946 - INFO - [PID:1181294] - Progress: 12400/17547 (70.7%) | Rate: 264.2 files/s | ETA: 19s | PASS: 12400 | DEGRADED: 0 | FAIL: 0
2026-01-23 03:18:41,147 - INFO - [PID:1181294] - Progress: 12450/17547 (71.0%) | Rate: 264.2 files/s | ETA: 19s | PASS: 12450 | DEGRADED: 0 | FAIL: 0
2026-01-23 03:18:41,370 - INFO - [PID:1181294] - Progress: 12500/17547 (71.2%) | Rate: 264.0 files/s | ETA: 19s | PASS: 12500 | DEGRADED: 0 | FAIL: 0
2026-01-23 03:18:41,507 - INFO - [PID:1181294] - Progress: 12550/17547 (71.5%) | Rate: 264.3 files/s | ETA: 19s | PASS: 12550 | DEGRADED: 0 | FAIL: 0
2026-01-23 03:18:41,669 - INFO - [PID:1181294] - Progress: 12600/17547 (71.8%) | Rate: 264.4 files/s | ETA: 19s | PASS: 12600 | DEGRADED: 0 | FAIL: 0
2026-01-23 03:18:41,868 - INFO - [PID:1181294] - Progress: 12650/17547 (72.1%) | Rate: 264.4 files/s | ETA: 19s | PASS: 12650 | DEGRADED: 0 | FAIL: 0
2026-01-23 03:18:42,090 - INFO - [PID:1181294] - Progress: 12700/17547 (72.4%) | Rate: 264.2 files/s | ETA: 18s | PASS: 12700 | DEGRADED: 0 | FAIL: 0
2026-01-23 03:18:42,293 - INFO - [PID:1181294] - Progress: 12750/17547 (72.7%) | Rate: 264.1 files/s | ETA: 18s | PASS: 12750 | DEGRADED: 0 | FAIL: 0
2026-01-23 03:18:42,484 - INFO - [PID:1181294] - Progress: 12800/17547 (72.9%) | Rate: 264.1 files/s | ETA: 18s | PASS: 12800 | DEGRADED: 0 | FAIL: 0
2026-01-23 03:18:42,759 - INFO - [PID:1181294] - Progress: 12850/17547 (73.2%) | Rate: 263.6 files/s | ETA: 18s | PASS: 12850 | DEGRADED: 0 | FAIL: 0
2026-01-23 03:18:42,964 - INFO - [PID:1181294] - Progress: 12900/17547 (73.5%) | Rate: 263.6 files/s | ETA: 18s | PASS: 12900 | DEGRADED: 0 | FAIL: 0
2026-01-23 03:18:43,701 - INFO - [PID:1181294] - Progress: 12950/17547 (73.8%) | Rate: 260.6 files/s | ETA: 18s | PASS: 12950 | DEGRADED: 0 | FAIL: 0
2026-01-23 03:18:44,079 - INFO - [PID:1181294] - Progress: 13000/17547 (74.1%) | Rate: 259.7 files/s | ETA: 18s | PASS: 13000 | DEGRADED: 0 | FAIL: 0
2026-01-23 03:18:44,263 - INFO - [PID:1181294] - Progress: 13050/17547 (74.4%) | Rate: 259.7 files/s | ETA: 17s | PASS: 13050 | DEGRADED: 0 | FAIL: 0
2026-01-23 03:18:44,448 - INFO - [PID:1181294] - Progress: 13100/17547 (74.7%) | Rate: 259.8 files/s | ETA: 17s | PASS: 13100 | DEGRADED: 0 | FAIL: 0
2026-01-23 03:18:44,678 - INFO - [PID:1181294] - Progress: 13150/17547 (74.9%) | Rate: 259.6 files/s | ETA: 17s | PASS: 13150 | DEGRADED: 0 | FAIL: 0
2026-01-23 03:18:44,957 - INFO - [PID:1181294] - Progress: 13200/17547 (75.2%) | Rate: 259.1 files/s | ETA: 17s | PASS: 13200 | DEGRADED: 0 | FAIL: 0
2026-01-23 03:18:45,203 - INFO - [PID:1181294] - Progress: 13250/17547 (75.5%) | Rate: 258.9 files/s | ETA: 17s | PASS: 13250 | DEGRADED: 0 | FAIL: 0
2026-01-23 03:18:45,404 - INFO - [PID:1181294] - Progress: 13300/17547 (75.8%) | Rate: 258.8 files/s | ETA: 16s | PASS: 13300 | DEGRADED: 0 | FAIL: 0
2026-01-23 03:18:45,573 - INFO - [PID:1181294] - Progress: 13350/17547 (76.1%) | Rate: 258.9 files/s | ETA: 16s | PASS: 13350 | DEGRADED: 0 | FAIL: 0
2026-01-23 03:18:45,803 - INFO - [PID:1181294] - Progress: 13400/17547 (76.4%) | Rate: 258.8 files/s | ETA: 16s | PASS: 13400 | DEGRADED: 0 | FAIL: 0
2026-01-23 03:18:46,025 - INFO - [PID:1181294] - Progress: 13450/17547 (76.7%) | Rate: 258.6 files/s | ETA: 16s | PASS: 13450 | DEGRADED: 0 | FAIL: 0
2026-01-23 03:18:46,413 - INFO - [PID:1181294] - Progress: 13500/17547 (76.9%) | Rate: 257.7 files/s | ETA: 16s | PASS: 13500 | DEGRADED: 0 | FAIL: 0
2026-01-23 03:18:46,667 - INFO - [PID:1181294] - Progress: 13550/17547 (77.2%) | Rate: 257.4 files/s | ETA: 16s | PASS: 13550 | DEGRADED: 0 | FAIL: 0
2026-01-23 03:18:46,881 - INFO - [PID:1181294] - Progress: 13600/17547 (77.5%) | Rate: 257.3 files/s | ETA: 15s | PASS: 13600 | DEGRADED: 0 | FAIL: 0
2026-01-23 03:18:47,089 - INFO - [PID:1181294] - Progress: 13650/17547 (77.8%) | Rate: 257.2 files/s | ETA: 15s | PASS: 13650 | DEGRADED: 0 | FAIL: 0
2026-01-23 03:18:47,253 - INFO - [PID:1181294] - Progress: 13700/17547 (78.1%) | Rate: 257.4 files/s | ETA: 15s | PASS: 13700 | DEGRADED: 0 | FAIL: 0
2026-01-23 03:18:47,438 - INFO - [PID:1181294] - Progress: 13750/17547 (78.4%) | Rate: 257.4 files/s | ETA: 15s | PASS: 13750 | DEGRADED: 0 | FAIL: 0
2026-01-23 03:18:47,635 - INFO - [PID:1181294] - Progress: 13800/17547 (78.6%) | Rate: 257.4 files/s | ETA: 15s | PASS: 13800 | DEGRADED: 0 | FAIL: 0
2026-01-23 03:18:47,754 - INFO - [PID:1181294] - Progress: 13850/17547 (78.9%) | Rate: 257.8 files/s | ETA: 14s | PASS: 13850 | DEGRADED: 0 | FAIL: 0
2026-01-23 03:18:47,847 - INFO - [PID:1181294] - Progress: 13900/17547 (79.2%) | Rate: 258.2 files/s | ETA: 14s | PASS: 13900 | DEGRADED: 0 | FAIL: 0
2026-01-23 03:18:47,946 - INFO - [PID:1181294] - Progress: 13950/17547 (79.5%) | Rate: 258.7 files/s | ETA: 14s | PASS: 13950 | DEGRADED: 0 | FAIL: 0
2026-01-23 03:18:48,040 - INFO - [PID:1181294] - Progress: 14000/17547 (79.8%) | Rate: 259.2 files/s | ETA: 14s | PASS: 14000 | DEGRADED: 0 | FAIL: 0
2026-01-23 03:18:48,143 - INFO - [PID:1181294] - Progress: 14050/17547 (80.1%) | Rate: 259.6 files/s | ETA: 13s | PASS: 14050 | DEGRADED: 0 | FAIL: 0
2026-01-23 03:18:48,281 - INFO - [PID:1181294] - Progress: 14100/17547 (80.4%) | Rate: 259.9 files/s | ETA: 13s | PASS: 14100 | DEGRADED: 0 | FAIL: 0
2026-01-23 03:18:48,441 - INFO - [PID:1181294] - Progress: 14150/17547 (80.6%) | Rate: 260.0 files/s | ETA: 13s | PASS: 14150 | DEGRADED: 0 | FAIL: 0
2026-01-23 03:18:48,605 - INFO - [PID:1181294] - Progress: 14200/17547 (80.9%) | Rate: 260.1 files/s | ETA: 13s | PASS: 14200 | DEGRADED: 0 | FAIL: 0
2026-01-23 03:18:48,799 - INFO - [PID:1181294] - Progress: 14250/17547 (81.2%) | Rate: 260.1 files/s | ETA: 13s | PASS: 14250 | DEGRADED: 0 | FAIL: 0
2026-01-23 03:18:49,045 - INFO - [PID:1181294] - Progress: 14300/17547 (81.5%) | Rate: 259.9 files/s | ETA: 12s | PASS: 14300 | DEGRADED: 0 | FAIL: 0
2026-01-23 03:18:49,576 - INFO - [PID:1181294] - Progress: 14350/17547 (81.8%) | Rate: 258.3 files/s | ETA: 12s | PASS: 14350 | DEGRADED: 0 | FAIL: 0
2026-01-23 03:18:49,691 - INFO - [PID:1181294] - Progress: 14400/17547 (82.1%) | Rate: 258.7 files/s | ETA: 12s | PASS: 14400 | DEGRADED: 0 | FAIL: 0
2026-01-23 03:18:49,833 - INFO - [PID:1181294] - Progress: 14450/17547 (82.4%) | Rate: 258.9 files/s | ETA: 12s | PASS: 14450 | DEGRADED: 0 | FAIL: 0
2026-01-23 03:18:50,504 - INFO - [PID:1181294] - Progress: 14500/17547 (82.6%) | Rate: 256.7 files/s | ETA: 12s | PASS: 14500 | DEGRADED: 0 | FAIL: 0
2026-01-23 03:18:50,631 - INFO - [PID:1181294] - Progress: 14550/17547 (82.9%) | Rate: 257.0 files/s | ETA: 12s | PASS: 14550 | DEGRADED: 0 | FAIL: 0
2026-01-23 03:18:50,723 - INFO - [PID:1181294] - Progress: 14600/17547 (83.2%) | Rate: 257.5 files/s | ETA: 11s | PASS: 14600 | DEGRADED: 0 | FAIL: 0
2026-01-23 03:18:50,860 - INFO - [PID:1181294] - Progress: 14650/17547 (83.5%) | Rate: 257.7 files/s | ETA: 11s | PASS: 14650 | DEGRADED: 0 | FAIL: 0
2026-01-23 03:18:50,988 - INFO - [PID:1181294] - Progress: 14700/17547 (83.8%) | Rate: 258.0 files/s | ETA: 11s | PASS: 14700 | DEGRADED: 0 | FAIL: 0
2026-01-23 03:18:51,148 - INFO - [PID:1181294] - Progress: 14750/17547 (84.1%) | Rate: 258.2 files/s | ETA: 11s | PASS: 14750 | DEGRADED: 0 | FAIL: 0
2026-01-23 03:18:51,275 - INFO - [PID:1181294] - Progress: 14800/17547 (84.3%) | Rate: 258.5 files/s | ETA: 11s | PASS: 14800 | DEGRADED: 0 | FAIL: 0
2026-01-23 03:18:51,403 - INFO - [PID:1181294] - Progress: 14850/17547 (84.6%) | Rate: 258.8 files/s | ETA: 10s | PASS: 14850 | DEGRADED: 0 | FAIL: 0
2026-01-23 03:18:51,533 - INFO - [PID:1181294] - Progress: 14900/17547 (84.9%) | Rate: 259.1 files/s | ETA: 10s | PASS: 14900 | DEGRADED: 0 | FAIL: 0
2026-01-23 03:18:51,711 - INFO - [PID:1181294] - Progress: 14950/17547 (85.2%) | Rate: 259.1 files/s | ETA: 10s | PASS: 14950 | DEGRADED: 0 | FAIL: 0
2026-01-23 03:18:51,921 - INFO - [PID:1181294] - Progress: 15000/17547 (85.5%) | Rate: 259.1 files/s | ETA: 10s | PASS: 15000 | DEGRADED: 0 | FAIL: 0
2026-01-23 03:18:52,075 - INFO - [PID:1181294] - Progress: 15050/17547 (85.8%) | Rate: 259.2 files/s | ETA: 10s | PASS: 15050 | DEGRADED: 0 | FAIL: 0
2026-01-23 03:18:52,240 - INFO - [PID:1181294] - Progress: 15100/17547 (86.1%) | Rate: 259.4 files/s | ETA: 9s | PASS: 15100 | DEGRADED: 0 | FAIL: 0
2026-01-23 03:18:52,405 - INFO - [PID:1181294] - Progress: 15150/17547 (86.3%) | Rate: 259.5 files/s | ETA: 9s | PASS: 15150 | DEGRADED: 0 | FAIL: 0
2026-01-23 03:18:52,518 - INFO - [PID:1181294] - Progress: 15200/17547 (86.6%) | Rate: 259.8 files/s | ETA: 9s | PASS: 15200 | DEGRADED: 0 | FAIL: 0
2026-01-23 03:18:52,731 - INFO - [PID:1181294] - Progress: 15250/17547 (86.9%) | Rate: 259.8 files/s | ETA: 9s | PASS: 15250 | DEGRADED: 0 | FAIL: 0
2026-01-23 03:18:52,997 - INFO - [PID:1181294] - Progress: 15300/17547 (87.2%) | Rate: 259.4 files/s | ETA: 9s | PASS: 15300 | DEGRADED: 0 | FAIL: 0
2026-01-23 03:18:53,169 - INFO - [PID:1181294] - Progress: 15350/17547 (87.5%) | Rate: 259.5 files/s | ETA: 8s | PASS: 15350 | DEGRADED: 0 | FAIL: 0
2026-01-23 03:18:53,344 - INFO - [PID:1181294] - Progress: 15400/17547 (87.8%) | Rate: 259.6 files/s | ETA: 8s | PASS: 15400 | DEGRADED: 0 | FAIL: 0
2026-01-23 03:18:53,556 - INFO - [PID:1181294] - Progress: 15450/17547 (88.0%) | Rate: 259.5 files/s | ETA: 8s | PASS: 15450 | DEGRADED: 0 | FAIL: 0
2026-01-23 03:18:53,753 - INFO - [PID:1181294] - Progress: 15500/17547 (88.3%) | Rate: 259.5 files/s | ETA: 8s | PASS: 15500 | DEGRADED: 0 | FAIL: 0
2026-01-23 03:18:53,924 - INFO - [PID:1181294] - Progress: 15550/17547 (88.6%) | Rate: 259.6 files/s | ETA: 8s | PASS: 15550 | DEGRADED: 0 | FAIL: 0
2026-01-23 03:18:54,100 - INFO - [PID:1181294] - Progress: 15600/17547 (88.9%) | Rate: 259.7 files/s | ETA: 7s | PASS: 15600 | DEGRADED: 0 | FAIL: 0
2026-01-23 03:18:54,247 - INFO - [PID:1181294] - Progress: 15650/17547 (89.2%) | Rate: 259.9 files/s | ETA: 7s | PASS: 15650 | DEGRADED: 0 | FAIL: 0
2026-01-23 03:18:54,423 - INFO - [PID:1181294] - Progress: 15700/17547 (89.5%) | Rate: 259.9 files/s | ETA: 7s | PASS: 15700 | DEGRADED: 0 | FAIL: 0
2026-01-23 03:18:54,689 - INFO - [PID:1181294] - Progress: 15750/17547 (89.8%) | Rate: 259.6 files/s | ETA: 7s | PASS: 15750 | DEGRADED: 0 | FAIL: 0
2026-01-23 03:18:54,855 - INFO - [PID:1181294] - Progress: 15800/17547 (90.0%) | Rate: 259.7 files/s | ETA: 7s | PASS: 15800 | DEGRADED: 0 | FAIL: 0
2026-01-23 03:18:55,131 - INFO - [PID:1181294] - Progress: 15850/17547 (90.3%) | Rate: 259.4 files/s | ETA: 7s | PASS: 15850 | DEGRADED: 0 | FAIL: 0
2026-01-23 03:18:55,286 - INFO - [PID:1181294] - Progress: 15900/17547 (90.6%) | Rate: 259.5 files/s | ETA: 6s | PASS: 15900 | DEGRADED: 0 | FAIL: 0
2026-01-23 03:18:55,442 - INFO - [PID:1181294] - Progress: 15950/17547 (90.9%) | Rate: 259.7 files/s | ETA: 6s | PASS: 15950 | DEGRADED: 0 | FAIL: 0
2026-01-23 03:18:55,706 - INFO - [PID:1181294] - Progress: 16000/17547 (91.2%) | Rate: 259.4 files/s | ETA: 6s | PASS: 16000 | DEGRADED: 0 | FAIL: 0
2026-01-23 03:18:56,016 - INFO - [PID:1181294] - Progress: 16050/17547 (91.5%) | Rate: 258.9 files/s | ETA: 6s | PASS: 16050 | DEGRADED: 0 | FAIL: 0
2026-01-23 03:18:56,438 - INFO - [PID:1181294] - Progress: 16100/17547 (91.8%) | Rate: 257.9 files/s | ETA: 6s | PASS: 16100 | DEGRADED: 0 | FAIL: 0
2026-01-23 03:18:56,686 - INFO - [PID:1181294] - Progress: 16150/17547 (92.0%) | Rate: 257.7 files/s | ETA: 5s | PASS: 16150 | DEGRADED: 0 | FAIL: 0
2026-01-23 03:18:57,226 - INFO - [PID:1181294] - Progress: 16200/17547 (92.3%) | Rate: 256.3 files/s | ETA: 5s | PASS: 16200 | DEGRADED: 0 | FAIL: 0
2026-01-23 03:18:57,448 - INFO - [PID:1181294] - Progress: 16250/17547 (92.6%) | Rate: 256.2 files/s | ETA: 5s | PASS: 16250 | DEGRADED: 0 | FAIL: 0
2026-01-23 03:18:57,704 - INFO - [PID:1181294] - Progress: 16300/17547 (92.9%) | Rate: 256.0 files/s | ETA: 5s | PASS: 16300 | DEGRADED: 0 | FAIL: 0
2026-01-23 03:18:57,929 - INFO - [PID:1181294] - Progress: 16350/17547 (93.2%) | Rate: 255.8 files/s | ETA: 5s | PASS: 16350 | DEGRADED: 0 | FAIL: 0
2026-01-23 03:18:58,186 - INFO - [PID:1181294] - Progress: 16400/17547 (93.5%) | Rate: 255.6 files/s | ETA: 4s | PASS: 16400 | DEGRADED: 0 | FAIL: 0
2026-01-23 03:18:58,349 - INFO - [PID:1181294] - Progress: 16450/17547 (93.7%) | Rate: 255.7 files/s | ETA: 4s | PASS: 16450 | DEGRADED: 0 | FAIL: 0
2026-01-23 03:18:58,554 - INFO - [PID:1181294] - Progress: 16500/17547 (94.0%) | Rate: 255.7 files/s | ETA: 4s | PASS: 16500 | DEGRADED: 0 | FAIL: 0
2026-01-23 03:18:58,738 - INFO - [PID:1181294] - Progress: 16550/17547 (94.3%) | Rate: 255.7 files/s | ETA: 4s | PASS: 16550 | DEGRADED: 0 | FAIL: 0
2026-01-23 03:18:58,940 - INFO - [PID:1181294] - Progress: 16600/17547 (94.6%) | Rate: 255.7 files/s | ETA: 4s | PASS: 16600 | DEGRADED: 0 | FAIL: 0
2026-01-23 03:18:59,091 - INFO - [PID:1181294] - Progress: 16650/17547 (94.9%) | Rate: 255.9 files/s | ETA: 4s | PASS: 16650 | DEGRADED: 0 | FAIL: 0
2026-01-23 03:18:59,266 - INFO - [PID:1181294] - Progress: 16700/17547 (95.2%) | Rate: 256.0 files/s | ETA: 3s | PASS: 16700 | DEGRADED: 0 | FAIL: 0
2026-01-23 03:18:59,484 - INFO - [PID:1181294] - Progress: 16750/17547 (95.5%) | Rate: 255.9 files/s | ETA: 3s | PASS: 16750 | DEGRADED: 0 | FAIL: 0
2026-01-23 03:18:59,733 - INFO - [PID:1181294] - Progress: 16800/17547 (95.7%) | Rate: 255.7 files/s | ETA: 3s | PASS: 16800 | DEGRADED: 0 | FAIL: 0
2026-01-23 03:18:59,926 - INFO - [PID:1181294] - Progress: 16850/17547 (96.0%) | Rate: 255.7 files/s | ETA: 3s | PASS: 16850 | DEGRADED: 0 | FAIL: 0
2026-01-23 03:19:00,191 - INFO - [PID:1181294] - Progress: 16900/17547 (96.3%) | Rate: 255.4 files/s | ETA: 3s | PASS: 16900 | DEGRADED: 0 | FAIL: 0
2026-01-23 03:19:00,389 - INFO - [PID:1181294] - Progress: 16950/17547 (96.6%) | Rate: 255.4 files/s | ETA: 2s | PASS: 16950 | DEGRADED: 0 | FAIL: 0
2026-01-23 03:19:00,524 - INFO - [PID:1181294] - Progress: 17000/17547 (96.9%) | Rate: 255.6 files/s | ETA: 2s | PASS: 17000 | DEGRADED: 0 | FAIL: 0
2026-01-23 03:19:00,740 - INFO - [PID:1181294] - Progress: 17050/17547 (97.2%) | Rate: 255.6 files/s | ETA: 2s | PASS: 17050 | DEGRADED: 0 | FAIL: 0
2026-01-23 03:19:00,884 - INFO - [PID:1181294] - Progress: 17100/17547 (97.5%) | Rate: 255.8 files/s | ETA: 2s | PASS: 17100 | DEGRADED: 0 | FAIL: 0
2026-01-23 03:19:01,075 - INFO - [PID:1181294] - Progress: 17150/17547 (97.7%) | Rate: 255.8 files/s | ETA: 2s | PASS: 17150 | DEGRADED: 0 | FAIL: 0
2026-01-23 03:19:01,226 - INFO - [PID:1181294] - Progress: 17200/17547 (98.0%) | Rate: 256.0 files/s | ETA: 1s | PASS: 17200 | DEGRADED: 0 | FAIL: 0
2026-01-23 03:19:01,381 - INFO - [PID:1181294] - Progress: 17250/17547 (98.3%) | Rate: 256.1 files/s | ETA: 1s | PASS: 17250 | DEGRADED: 0 | FAIL: 0
2026-01-23 03:19:01,582 - INFO - [PID:1181294] - Progress: 17300/17547 (98.6%) | Rate: 256.1 files/s | ETA: 1s | PASS: 17300 | DEGRADED: 0 | FAIL: 0
2026-01-23 03:19:01,714 - INFO - [PID:1181294] - Progress: 17350/17547 (98.9%) | Rate: 256.3 files/s | ETA: 1s | PASS: 17350 | DEGRADED: 0 | FAIL: 0
2026-01-23 03:19:01,859 - INFO - [PID:1181294] - Progress: 17400/17547 (99.2%) | Rate: 256.5 files/s | ETA: 1s | PASS: 17400 | DEGRADED: 0 | FAIL: 0
2026-01-23 03:19:02,043 - INFO - [PID:1181294] - Progress: 17450/17547 (99.4%) | Rate: 256.5 files/s | ETA: 0s | PASS: 17450 | DEGRADED: 0 | FAIL: 0
2026-01-23 03:19:02,197 - INFO - [PID:1181294] - Progress: 17500/17547 (99.7%) | Rate: 256.7 files/s | ETA: 0s | PASS: 17500 | DEGRADED: 0 | FAIL: 0
2026-01-23 03:19:02,342 - INFO - [PID:1181294] - Progress: 17547/17547 (100.0%) | Rate: 256.8 files/s | ETA: 0s | PASS: 17547 | DEGRADED: 0 | FAIL: 0
2026-01-23 03:19:02,365 - INFO - [PID:1181294] - Analyzing temporal coverage...
2026-01-23 03:19:02,419 - INFO - [PID:1181294] - Writing report to audit_download_smap.log...
2026-01-23 03:19:02,453 - INFO - [PID:1181294] - 
2026-01-23 03:19:02,453 - INFO - [PID:1181294] - ======================================================================
2026-01-23 03:19:02,453 - INFO - [PID:1181294] - AUDIT COMPLETE - SUMMARY
2026-01-23 03:19:02,453 - INFO - [PID:1181294] - ======================================================================
2026-01-23 03:19:02,453 - INFO - [PID:1181294] - Total Files:     17,547
2026-01-23 03:19:02,453 - INFO - [PID:1181294] - Passed:          17,547 (100.0%)
2026-01-23 03:19:02,453 - INFO - [PID:1181294] - Degraded:        0
2026-01-23 03:19:02,453 - INFO - [PID:1181294] - Failed:          0
2026-01-23 03:19:02,453 - INFO - [PID:1181294] - Total Size:      2.27 GB
2026-01-23 03:19:02,454 - INFO - [PID:1181294] - Duration:        68.7 seconds
2026-01-23 03:19:02,454 - INFO - [PID:1181294] - Throughput:      255.5 files/second
2026-01-23 03:19:02,454 - INFO - [PID:1181294] - 
2026-01-23 03:19:02,454 - INFO - [PID:1181294] - Finding Counts:
2026-01-23 03:19:02,454 - INFO - [PID:1181294] -   CRITICAL:      0
2026-01-23 03:19:02,454 - INFO - [PID:1181294] -   ERROR:         0
2026-01-23 03:19:02,454 - INFO - [PID:1181294] -   WARNING:       9
2026-01-23 03:19:02,454 - WARNING - [PID:1181294] - Missing/Incomplete Dates: 3
2026-01-23 03:19:02,454 - WARNING - [PID:1181294] -   Dates: ['2025-03-19', '2025-03-21', '2025-06-27']
2026-01-23 03:19:02,454 - INFO - [PID:1181294] - AUDIT RESULT: PASS - All files verified successfully
